Archive member included to satisfy reference by file (symbol)

c:/program files (x86)/gnu arm embedded toolchain/9 2020-q2-update/bin/../lib/gcc/arm-none-eabi/9.3.1/../../../../arm-none-eabi/lib/thumb/v7e-m+fp/hard\libc_nano.a(lib_a-memcpy-stub.o)
                              C:\Users\PC\AppData\Local\Temp\cdc_msc.elf.qSzZHF.ltrans0.ltrans.o (memcpy)
c:/program files (x86)/gnu arm embedded toolchain/9 2020-q2-update/bin/../lib/gcc/arm-none-eabi/9.3.1/../../../../arm-none-eabi/lib/thumb/v7e-m+fp/hard\libc_nano.a(lib_a-memset.o)
                              C:\Users\PC\AppData\Local\Temp\cdc_msc.elf.qSzZHF.ltrans0.ltrans.o (memset)
c:/program files (x86)/gnu arm embedded toolchain/9 2020-q2-update/bin/../lib/gcc/arm-none-eabi/9.3.1/../../../../arm-none-eabi/lib/thumb/v7e-m+fp/hard\libc_nano.a(lib_a-snprintf.o)
                              C:\Users\PC\AppData\Local\Temp\cdc_msc.elf.qSzZHF.ltrans0.ltrans.o (snprintf)
c:/program files (x86)/gnu arm embedded toolchain/9 2020-q2-update/bin/../lib/gcc/arm-none-eabi/9.3.1/../../../../arm-none-eabi/lib/thumb/v7e-m+fp/hard\libc_nano.a(lib_a-strlen.o)
                              C:\Users\PC\AppData\Local\Temp\cdc_msc.elf.qSzZHF.ltrans0.ltrans.o (strlen)
c:/program files (x86)/gnu arm embedded toolchain/9 2020-q2-update/bin/../lib/gcc/arm-none-eabi/9.3.1/../../../../arm-none-eabi/lib/thumb/v7e-m+fp/hard\libc_nano.a(lib_a-impure.o)
                              c:/program files (x86)/gnu arm embedded toolchain/9 2020-q2-update/bin/../lib/gcc/arm-none-eabi/9.3.1/../../../../arm-none-eabi/lib/thumb/v7e-m+fp/hard\libc_nano.a(lib_a-snprintf.o) (_impure_ptr)
c:/program files (x86)/gnu arm embedded toolchain/9 2020-q2-update/bin/../lib/gcc/arm-none-eabi/9.3.1/../../../../arm-none-eabi/lib/thumb/v7e-m+fp/hard\libc_nano.a(lib_a-nano-svfprintf.o)
                              c:/program files (x86)/gnu arm embedded toolchain/9 2020-q2-update/bin/../lib/gcc/arm-none-eabi/9.3.1/../../../../arm-none-eabi/lib/thumb/v7e-m+fp/hard\libc_nano.a(lib_a-snprintf.o) (_svfprintf_r)
c:/program files (x86)/gnu arm embedded toolchain/9 2020-q2-update/bin/../lib/gcc/arm-none-eabi/9.3.1/../../../../arm-none-eabi/lib/thumb/v7e-m+fp/hard\libc_nano.a(lib_a-nano-vfprintf_i.o)
                              c:/program files (x86)/gnu arm embedded toolchain/9 2020-q2-update/bin/../lib/gcc/arm-none-eabi/9.3.1/../../../../arm-none-eabi/lib/thumb/v7e-m+fp/hard\libc_nano.a(lib_a-nano-svfprintf.o) (_printf_i)
c:/program files (x86)/gnu arm embedded toolchain/9 2020-q2-update/bin/../lib/gcc/arm-none-eabi/9.3.1/../../../../arm-none-eabi/lib/thumb/v7e-m+fp/hard\libc_nano.a(lib_a-memchr.o)
                              c:/program files (x86)/gnu arm embedded toolchain/9 2020-q2-update/bin/../lib/gcc/arm-none-eabi/9.3.1/../../../../arm-none-eabi/lib/thumb/v7e-m+fp/hard\libc_nano.a(lib_a-nano-svfprintf.o) (memchr)
c:/program files (x86)/gnu arm embedded toolchain/9 2020-q2-update/bin/../lib/gcc/arm-none-eabi/9.3.1/../../../../arm-none-eabi/lib/thumb/v7e-m+fp/hard\libc_nano.a(lib_a-memmove.o)
                              c:/program files (x86)/gnu arm embedded toolchain/9 2020-q2-update/bin/../lib/gcc/arm-none-eabi/9.3.1/../../../../arm-none-eabi/lib/thumb/v7e-m+fp/hard\libc_nano.a(lib_a-nano-svfprintf.o) (memmove)
c:/program files (x86)/gnu arm embedded toolchain/9 2020-q2-update/bin/../lib/gcc/arm-none-eabi/9.3.1/../../../../arm-none-eabi/lib/thumb/v7e-m+fp/hard\libc_nano.a(lib_a-nano-freer.o)
                              c:/program files (x86)/gnu arm embedded toolchain/9 2020-q2-update/bin/../lib/gcc/arm-none-eabi/9.3.1/../../../../arm-none-eabi/lib/thumb/v7e-m+fp/hard\libc_nano.a(lib_a-nano-svfprintf.o) (_free_r)
c:/program files (x86)/gnu arm embedded toolchain/9 2020-q2-update/bin/../lib/gcc/arm-none-eabi/9.3.1/../../../../arm-none-eabi/lib/thumb/v7e-m+fp/hard\libc_nano.a(lib_a-nano-mallocr.o)
                              c:/program files (x86)/gnu arm embedded toolchain/9 2020-q2-update/bin/../lib/gcc/arm-none-eabi/9.3.1/../../../../arm-none-eabi/lib/thumb/v7e-m+fp/hard\libc_nano.a(lib_a-nano-svfprintf.o) (_malloc_r)
c:/program files (x86)/gnu arm embedded toolchain/9 2020-q2-update/bin/../lib/gcc/arm-none-eabi/9.3.1/../../../../arm-none-eabi/lib/thumb/v7e-m+fp/hard\libc_nano.a(lib_a-nano-reallocr.o)
                              c:/program files (x86)/gnu arm embedded toolchain/9 2020-q2-update/bin/../lib/gcc/arm-none-eabi/9.3.1/../../../../arm-none-eabi/lib/thumb/v7e-m+fp/hard\libc_nano.a(lib_a-nano-svfprintf.o) (_realloc_r)
c:/program files (x86)/gnu arm embedded toolchain/9 2020-q2-update/bin/../lib/gcc/arm-none-eabi/9.3.1/../../../../arm-none-eabi/lib/thumb/v7e-m+fp/hard\libc_nano.a(lib_a-sbrkr.o)
                              c:/program files (x86)/gnu arm embedded toolchain/9 2020-q2-update/bin/../lib/gcc/arm-none-eabi/9.3.1/../../../../arm-none-eabi/lib/thumb/v7e-m+fp/hard\libc_nano.a(lib_a-nano-mallocr.o) (_sbrk_r)
[...]
Memory Configuration

Name             Origin             Length             Attributes
FLASH            0x00027000         0x000c7000         xr
RAM              0x20003400         0x0003cc00         xrw
*default*        0x00000000         0xffffffff

Linker script and memory map

                0x00027000                . = ALIGN (ORIGIN (FLASH), 0x4)

.vectors        0x00027000      0x200
                0x00027000                __vectors_start = .
 *(.isr_vector)
 .isr_vector    0x00027000      0x200 _build/feather_nrf52840_express/obj/hw/mcu/nordic/nrfx/mdk/gcc_startup_nrf52840_asm.o
                0x00027000                __isr_vector
 *(.vectors)
                0x00000200                __vectors_size = SIZEOF (.vectors)
                0x00027200                __vectors_end = (__vectors_start + __vectors_size)
                0x00000001                ASSERT (((__vectors_start == __vectors_end) || ((__vectors_end - ORIGIN (FLASH)) <= LENGTH (FLASH))), error: .vectors is too large to fit in FLASH memory segment)
                0x00027200                . = ALIGN (0x4)

.ctors          0x00027200        0x0
                0x00027200                __ctors_start = .
                0x00027200                __CTOR_LIST__ = .
 *crtbegin*.o(.ctors)
 *(EXCLUDE_FILE(*crtend*.o) .ctors)
 *(SORT_BY_NAME(.ctors.*))
 *(.ctors)
                0x00027200                __CTOR_END__ = .
                0x00000000                __ctors_size = SIZEOF (.ctors)
                0x00027200                __ctors_end = (__ctors_start + __ctors_size)
                0x00000001                ASSERT (((__ctors_start == __ctors_end) || ((__ctors_end - ORIGIN (FLASH)) <= LENGTH (FLASH))), error: .ctors is too large to fit in FLASH memory segment)
                0x00027200                . = ALIGN (0x4)

.dtors          0x00027200        0x0
                0x00027200                __dtors_start = .
                0x00027200                __DTOR_LIST__ = .
 *crtbegin*.o(.dtors)
 *(EXCLUDE_FILE(*crtend*.o) .dtors)
 *(SORT_BY_NAME(.dtors.*))
 *(.dtors)
                0x00027200                __DTOR_END__ = .
                0x00000000                __dtors_size = SIZEOF (.dtors)
                0x00027200                __dtors_end = (__dtors_start + __dtors_size)
                0x00000001                ASSERT (((__dtors_start == __dtors_end) || ((__dtors_end - ORIGIN (FLASH)) <= LENGTH (FLASH))), error: .dtors is too large to fit in FLASH memory segment)
                0x00027200                . = ALIGN (0x4)

.rodata         0x00027200      0x1a8
                0x00027200                . = ALIGN (0x4)
                0x00027200                __rodata_start = .
 *(.rodata*)
 .rodata.mscd_xfer_cb.str1.1
                0x00027200       0x15 C:\Users\PC\AppData\Local\Temp\cdc_msc.elf.qSzZHF.ltrans0.ltrans.o
 .rodata._start.str1.1
                0x00027215       0x35 C:\Users\PC\AppData\Local\Temp\cdc_msc.elf.qSzZHF.ltrans0.ltrans.o
                                 0x38 (size before relaxing)
 .rodata.str1.1
                0x0002724a       0x27 C:\Users\PC\AppData\Local\Temp\cdc_msc.elf.qSzZHF.ltrans0.ltrans.o
 .rodata.CSWTCH.15
                0x00027271        0x6 C:\Users\PC\AppData\Local\Temp\cdc_msc.elf.qSzZHF.ltrans0.ltrans.o
 .rodata.CSWTCH.28
                0x00027277        0x6 C:\Users\PC\AppData\Local\Temp\cdc_msc.elf.qSzZHF.ltrans0.ltrans.o
 .rodata.CSWTCH.37
                0x0002727d        0x6 C:\Users\PC\AppData\Local\Temp\cdc_msc.elf.qSzZHF.ltrans0.ltrans.o
 .rodata.__compound_literal.0
                0x00027283        0x2 C:\Users\PC\AppData\Local\Temp\cdc_msc.elf.qSzZHF.ltrans0.ltrans.o
 .rodata._cdcd_cfg
                0x00027285        0x1 C:\Users\PC\AppData\Local\Temp\cdc_msc.elf.qSzZHF.ltrans0.ltrans.o
 *fill*         0x00027286        0x2 
 .rodata._usbd_driver
                0x00027288       0x48 C:\Users\PC\AppData\Local\Temp\cdc_msc.elf.qSzZHF.ltrans0.ltrans.o
 .rodata.delay_machine_code.8584.lto_priv.0
                0x000272d0        0x6 C:\Users\PC\AppData\Local\Temp\cdc_msc.elf.qSzZHF.ltrans0.ltrans.o
 *fill*         0x000272d6        0xa 
 .rodata.delay_machine_code.8584.lto_priv.1
                0x000272e0        0x6 C:\Users\PC\AppData\Local\Temp\cdc_msc.elf.qSzZHF.ltrans0.ltrans.o
 .rodata.desc_device
                0x000272e6       0x12 C:\Users\PC\AppData\Local\Temp\cdc_msc.elf.qSzZHF.ltrans0.ltrans.o
 .rodata.desc_fs_configuration
                0x000272f8       0x62 C:\Users\PC\AppData\Local\Temp\cdc_msc.elf.qSzZHF.ltrans0.ltrans.o
 .rodata.port_index
                0x0002735a        0x2 C:\Users\PC\AppData\Local\Temp\cdc_msc.elf.qSzZHF.ltrans0.ltrans.o
 .rodata.port_offset.9842
                0x0002735c       0x10 C:\Users\PC\AppData\Local\Temp\cdc_msc.elf.qSzZHF.ltrans0.ltrans.o
 .rodata.string_desc_arr
                0x0002736c       0x18 C:\Users\PC\AppData\Local\Temp\cdc_msc.elf.qSzZHF.ltrans0.ltrans.o
 .rodata._svfprintf_r.str1.1
                0x00027384       0x11 c:/program files (x86)/gnu arm embedded toolchain/9 2020-q2-update/bin/../lib/gcc/arm-none-eabi/9.3.1/../../../../arm-none-eabi/lib/thumb/v7e-m+fp/hard\libc_nano.a(lib_a-nano-svfprintf.o)
 .rodata._printf_i.str1.1
                0x00027395       0x11 c:/program files (x86)/gnu arm embedded toolchain/9 2020-q2-update/bin/../lib/gcc/arm-none-eabi/9.3.1/../../../../arm-none-eabi/lib/thumb/v7e-m+fp/hard\libc_nano.a(lib_a-nano-vfprintf_i.o)
                                 0x22 (size before relaxing)
 *(.srodata .srodata.*)
                0x000273a8                . = ALIGN (0x4)
 *fill*         0x000273a6        0x2 
                0x000001a8                __rodata_size = SIZEOF (.rodata)
                0x000273a8                __rodata_end = (__rodata_start + __rodata_size)
                0x00000001                ASSERT (((__rodata_start == __rodata_end) || ((__rodata_end - ORIGIN (FLASH)) <= LENGTH (FLASH))), error: .rodata is too large to fit in FLASH memory segment)
                0x000273a8                . = ALIGN (0x4)

.text           0x000273a8     0x4a44
                0x000273a8                __text_start = .
 *(.startup)
 *(.startup*)
 *(.text*)
 .text          0x000273a8       0xc4 _build/feather_nrf52840_express/obj/hw/mcu/nordic/nrfx/mdk/gcc_startup_nrf52840_asm.o
                0x000273a8                Reset_Handler
                0x00027458                NMI_Handler
                0x0002745a                HardFault_Handler
                0x0002745c                MemoryManagement_Handler
                0x0002745e                BusFault_Handler
                0x00027460                UsageFault_Handler
                0x00027462                SVC_Handler
                0x00027464                DebugMon_Handler
                0x00027466                PendSV_Handler
                0x0002746a                PWM3_IRQHandler
                0x0002746a                FPU_IRQHandler
                0x0002746a                EGU5_SWI5_IRQHandler
                0x0002746a                TEMP_IRQHandler
                0x0002746a                TIMER4_IRQHandler
                0x0002746a                CRYPTOCELL_IRQHandler
                0x0002746a                I2S_IRQHandler
                0x0002746a                EGU4_SWI4_IRQHandler
                0x0002746a                TIMER0_IRQHandler
                0x0002746a                PDM_IRQHandler
                0x0002746a                UARTE1_IRQHandler
                0x0002746a                TIMER1_IRQHandler
                0x0002746a                QDEC_IRQHandler
                0x0002746a                PWM2_IRQHandler
                0x0002746a                EGU0_SWI0_IRQHandler
                0x0002746a                ECB_IRQHandler
                0x0002746a                AAR_CCM_IRQHandler
                0x0002746a                Default_Handler
                0x0002746a                SPI0_SPIM0_SPIS0_TWI0_TWIM0_TWIS0_IRQHandler
                0x0002746a                SAADC_IRQHandler
                0x0002746a                EGU1_SWI1_IRQHandler
                0x0002746a                WDT_IRQHandler
                0x0002746a                PWM1_IRQHandler
                0x0002746a                RNG_IRQHandler
                0x0002746a                RTC2_IRQHandler
                0x0002746a                PWM0_IRQHandler
                0x0002746a                EGU2_SWI2_IRQHandler
                0x0002746a                SPI2_SPIM2_SPIS2_IRQHandler
                0x0002746a                RTC1_IRQHandler
                0x0002746a                NFCT_IRQHandler
                0x0002746a                EGU3_SWI3_IRQHandler
                0x0002746a                RTC0_IRQHandler
                0x0002746a                MWU_IRQHandler
                0x0002746a                SPIM3_IRQHandler
                0x0002746a                QSPI_IRQHandler
                0x0002746a                COMP_LPCOMP_IRQHandler
 .text.__nrfy_internal_gpiote_events_process.constprop.0
                0x0002746c       0x54 C:\Users\PC\AppData\Local\Temp\cdc_msc.elf.qSzZHF.ltrans0.ltrans.o
 .text.call_handler.constprop.0
                0x000274c0       0x50 C:\Users\PC\AppData\Local\Temp\cdc_msc.elf.qSzZHF.ltrans0.ltrans.o
 .text.nrf_power_event_get_and_clear.constprop.0
                0x00027510       0x18 C:\Users\PC\AppData\Local\Temp\cdc_msc.elf.qSzZHF.ltrans0.ltrans.o
 .text.__nrfy_internal_spim_event_handle.constprop.0
                0x00027528       0x2a C:\Users\PC\AppData\Local\Temp\cdc_msc.elf.qSzZHF.ltrans0.ltrans.o
 .text.__nrfy_internal_spim_events_process.constprop.0
                0x00027552       0x72 C:\Users\PC\AppData\Local\Temp\cdc_msc.elf.qSzZHF.ltrans0.ltrans.o
 .text.user_handler.constprop.0
                0x000275c4       0x24 C:\Users\PC\AppData\Local\Temp\cdc_msc.elf.qSzZHF.ltrans0.ltrans.o
 .text.user_handler_on_rx_done.constprop.0
                0x000275e8       0x30 C:\Users\PC\AppData\Local\Temp\cdc_msc.elf.qSzZHF.ltrans0.ltrans.o
 .text.event_check_and_clear.constprop.0
                0x00027618       0x2e C:\Users\PC\AppData\Local\Temp\cdc_msc.elf.qSzZHF.ltrans0.ltrans.o
 *fill*         0x00027646        0x2 
 .text.usbd_edpt_release.constprop.0
                0x00027648       0x38 C:\Users\PC\AppData\Local\Temp\cdc_msc.elf.qSzZHF.ltrans0.ltrans.o
 .text.usbd_edpt_claim.constprop.0
                0x00027680       0x4c C:\Users\PC\AppData\Local\Temp\cdc_msc.elf.qSzZHF.ltrans0.ltrans.o
 .text.tud_cdc_n_connected.constprop.0
                0x000276cc       0x28 C:\Users\PC\AppData\Local\Temp\cdc_msc.elf.qSzZHF.ltrans0.ltrans.o
 .text.rf_get_packet.constprop.0
                0x000276f4       0x3c C:\Users\PC\AppData\Local\Temp\cdc_msc.elf.qSzZHF.ltrans0.ltrans.o
 .text.millis   0x00027730       0x24 C:\Users\PC\AppData\Local\Temp\cdc_msc.elf.qSzZHF.ltrans0.ltrans.o
 .text.rf_disable
                0x00027754       0x50 C:\Users\PC\AppData\Local\Temp\cdc_msc.elf.qSzZHF.ltrans0.ltrans.o
 .text.rf_send_and_listen
                0x000277a4       0xc0 C:\Users\PC\AppData\Local\Temp\cdc_msc.elf.qSzZHF.ltrans0.ltrans.o
 .text.tusb_rhport_init.part.0
                0x00027864       0x14 C:\Users\PC\AppData\Local\Temp\cdc_msc.elf.qSzZHF.ltrans0.ltrans.o
 .text.usbd_edpt_open.constprop.0
                0x00027878      0x184 C:\Users\PC\AppData\Local\Temp\cdc_msc.elf.qSzZHF.ltrans0.ltrans.o
 .text.usbd_open_edpt_pair.constprop.0
                0x000279fc       0x54 C:\Users\PC\AppData\Local\Temp\cdc_msc.elf.qSzZHF.ltrans0.ltrans.o
 .text.cdcd_deinit
                0x00027a50        0x4 C:\Users\PC\AppData\Local\Temp\cdc_msc.elf.qSzZHF.ltrans0.ltrans.o
 .text.invoke_class_control.isra.0
                0x00027a54       0x10 C:\Users\PC\AppData\Local\Temp\cdc_msc.elf.qSzZHF.ltrans0.ltrans.o
 .text.usbd_int_set
                0x00027a64       0x1c C:\Users\PC\AppData\Local\Temp\cdc_msc.elf.qSzZHF.ltrans0.ltrans.o
 .text.tud_vendor_control_xfer_cb
                0x00027a80        0x4 C:\Users\PC\AppData\Local\Temp\cdc_msc.elf.qSzZHF.ltrans0.ltrans.o
 .text.tu_fifo_remaining
                0x00027a84       0x24 C:\Users\PC\AppData\Local\Temp\cdc_msc.elf.qSzZHF.ltrans0.ltrans.o
 .text.tu_fifo_count
                0x00027aa8       0x20 C:\Users\PC\AppData\Local\Temp\cdc_msc.elf.qSzZHF.ltrans0.ltrans.o
 .text.advance_index
                0x00027ac8       0x18 C:\Users\PC\AppData\Local\Temp\cdc_msc.elf.qSzZHF.ltrans0.ltrans.o
 .text.board_get_unique_id
                0x00027ae0       0x20 C:\Users\PC\AppData\Local\Temp\cdc_msc.elf.qSzZHF.ltrans0.ltrans.o
 .text.nvmc_wait
                0x00027b00       0x10 C:\Users\PC\AppData\Local\Temp\cdc_msc.elf.qSzZHF.ltrans0.ltrans.o
 .text.nrf52_errata_166
                0x00027b10       0x14 C:\Users\PC\AppData\Local\Temp\cdc_msc.elf.qSzZHF.ltrans0.ltrans.o
 .text.nrf52_errata_89
                0x00027b24       0x28 C:\Users\PC\AppData\Local\Temp\cdc_msc.elf.qSzZHF.ltrans0.ltrans.o
 .text.nrf_gpio_pin_port_decode.lto_priv.0
                0x00027b4c       0x20 C:\Users\PC\AppData\Local\Temp\cdc_msc.elf.qSzZHF.ltrans0.ltrans.o
 .text.nrf_gpio_pin_set.lto_priv.0
                0x00027b6c       0x1a C:\Users\PC\AppData\Local\Temp\cdc_msc.elf.qSzZHF.ltrans0.ltrans.o
 *fill*         0x00027b86        0x2 
 .text.nrf_gpio_cfg_output.lto_priv.0
                0x00027b88       0x2c C:\Users\PC\AppData\Local\Temp\cdc_msc.elf.qSzZHF.ltrans0.ltrans.o
 .text.latch_pending_read_and_check
                0x00027bb4       0x44 C:\Users\PC\AppData\Local\Temp\cdc_msc.elf.qSzZHF.ltrans0.ltrans.o
 .text.nrf_gpio_cfg_sense_set
                0x00027bf8       0x26 C:\Users\PC\AppData\Local\Temp\cdc_msc.elf.qSzZHF.ltrans0.ltrans.o
 .text.hfclk_running
                0x00027c1e       0x18 C:\Users\PC\AppData\Local\Temp\cdc_msc.elf.qSzZHF.ltrans0.ltrans.o
 .text._tu_fifo_write_n.constprop.0
                0x00027c36       0xe8 C:\Users\PC\AppData\Local\Temp\cdc_msc.elf.qSzZHF.ltrans0.ltrans.o
 .text.tu_fifo_write
                0x00027d1e       0x58 C:\Users\PC\AppData\Local\Temp\cdc_msc.elf.qSzZHF.ltrans0.ltrans.o
 *fill*         0x00027d76        0x2 
 .text.usbd_defer_func
                0x00027d78       0x48 C:\Users\PC\AppData\Local\Temp\cdc_msc.elf.qSzZHF.ltrans0.ltrans.o
 .text.dcd_event_handler
                0x00027dc0      0x20c C:\Users\PC\AppData\Local\Temp\cdc_msc.elf.qSzZHF.ltrans0.ltrans.o
 .text.tusb_hal_nrf_power_event
                0x00027fcc      0x200 C:\Users\PC\AppData\Local\Temp\cdc_msc.elf.qSzZHF.ltrans0.ltrans.o
 .text.power_event_handler
                0x000281cc        0x4 C:\Users\PC\AppData\Local\Temp\cdc_msc.elf.qSzZHF.ltrans0.ltrans.o
 .text.tx_prepare_start
                0x000281d0       0x88 C:\Users\PC\AppData\Local\Temp\cdc_msc.elf.qSzZHF.ltrans0.ltrans.o
 .text.mscd_reset
                0x00028258       0x10 C:\Users\PC\AppData\Local\Temp\cdc_msc.elf.qSzZHF.ltrans0.ltrans.o
 .text.mscd_init
                0x00028268       0x10 C:\Users\PC\AppData\Local\Temp\cdc_msc.elf.qSzZHF.ltrans0.ltrans.o
 .text.cdcd_reset
                0x00028278       0x3c C:\Users\PC\AppData\Local\Temp\cdc_msc.elf.qSzZHF.ltrans0.ltrans.o
 .text.cdcd_init
                0x000282b4       0x4c C:\Users\PC\AppData\Local\Temp\cdc_msc.elf.qSzZHF.ltrans0.ltrans.o
 .text.configuration_reset
                0x00028300       0x88 C:\Users\PC\AppData\Local\Temp\cdc_msc.elf.qSzZHF.ltrans0.ltrans.o
 .text.start_dma
                0x00028388       0x34 C:\Users\PC\AppData\Local\Temp\cdc_msc.elf.qSzZHF.ltrans0.ltrans.o
 .text.xact_out_dma
                0x000283bc       0xcc C:\Users\PC\AppData\Local\Temp\cdc_msc.elf.qSzZHF.ltrans0.ltrans.o
 .text.dcd_edpt_stall.constprop.0
                0x00028488       0x48 C:\Users\PC\AppData\Local\Temp\cdc_msc.elf.qSzZHF.ltrans0.ltrans.o
 .text.usbd_edpt_stall.constprop.0
                0x000284d0       0x34 C:\Users\PC\AppData\Local\Temp\cdc_msc.elf.qSzZHF.ltrans0.ltrans.o
 .text.fail_scsi_op.constprop.0
                0x00028504       0x40 C:\Users\PC\AppData\Local\Temp\cdc_msc.elf.qSzZHF.ltrans0.ltrans.o
 .text.xact_out_dma_wrapper
                0x00028544        0x6 C:\Users\PC\AppData\Local\Temp\cdc_msc.elf.qSzZHF.ltrans0.ltrans.o
 *fill*         0x0002854a        0x2 
 .text.edpt_dma_start
                0x0002854c       0x54 C:\Users\PC\AppData\Local\Temp\cdc_msc.elf.qSzZHF.ltrans0.ltrans.o
 .text.xact_in_dma
                0x000285a0       0x40 C:\Users\PC\AppData\Local\Temp\cdc_msc.elf.qSzZHF.ltrans0.ltrans.o
 .text.usbd_edpt_xfer.constprop.0
                0x000285e0      0x130 C:\Users\PC\AppData\Local\Temp\cdc_msc.elf.qSzZHF.ltrans0.ltrans.o
 .text.tud_cdc_n_write_flush.constprop.0
                0x00028710       0xf0 C:\Users\PC\AppData\Local\Temp\cdc_msc.elf.qSzZHF.ltrans0.ltrans.o
 .text.tud_cdc_n_write.constprop.0
                0x00028800       0x34 C:\Users\PC\AppData\Local\Temp\cdc_msc.elf.qSzZHF.ltrans0.ltrans.o
 .text._prep_out_transaction.constprop.0
                0x00028834       0x58 C:\Users\PC\AppData\Local\Temp\cdc_msc.elf.qSzZHF.ltrans0.ltrans.o
 .text.cdcd_open
                0x0002888c       0x98 C:\Users\PC\AppData\Local\Temp\cdc_msc.elf.qSzZHF.ltrans0.ltrans.o
 .text.prepare_cbw.constprop.0
                0x00028924       0x1c C:\Users\PC\AppData\Local\Temp\cdc_msc.elf.qSzZHF.ltrans0.ltrans.o
 .text.mscd_open
                0x00028940       0x6c C:\Users\PC\AppData\Local\Temp\cdc_msc.elf.qSzZHF.ltrans0.ltrans.o
 .text.send_csw.constprop.0
                0x000289ac       0x38 C:\Users\PC\AppData\Local\Temp\cdc_msc.elf.qSzZHF.ltrans0.ltrans.o
 .text.proc_read10_cmd.constprop.0
                0x000289e4       0xc4 C:\Users\PC\AppData\Local\Temp\cdc_msc.elf.qSzZHF.ltrans0.ltrans.o
 .text.proc_write10_cmd.constprop.0
                0x00028aa8       0x3c C:\Users\PC\AppData\Local\Temp\cdc_msc.elf.qSzZHF.ltrans0.ltrans.o
 .text.mscd_xfer_cb
                0x00028ae4      0x49c C:\Users\PC\AppData\Local\Temp\cdc_msc.elf.qSzZHF.ltrans0.ltrans.o
 .text.cdcd_xfer_cb
                0x00028f80       0xf8 C:\Users\PC\AppData\Local\Temp\cdc_msc.elf.qSzZHF.ltrans0.ltrans.o
 .text.data_stage_xact
                0x00029078       0x54 C:\Users\PC\AppData\Local\Temp\cdc_msc.elf.qSzZHF.ltrans0.ltrans.o
 .text.tud_control_xfer
                0x000290cc       0x6c C:\Users\PC\AppData\Local\Temp\cdc_msc.elf.qSzZHF.ltrans0.ltrans.o
 .text.tud_control_status
                0x00029138       0x30 C:\Users\PC\AppData\Local\Temp\cdc_msc.elf.qSzZHF.ltrans0.ltrans.o
 .text.mscd_control_xfer_cb
                0x00029168       0xfc C:\Users\PC\AppData\Local\Temp\cdc_msc.elf.qSzZHF.ltrans0.ltrans.o
 .text.cdcd_control_xfer_cb
                0x00029264       0xdc C:\Users\PC\AppData\Local\Temp\cdc_msc.elf.qSzZHF.ltrans0.ltrans.o
 .text.TIMER3_IRQHandler
                0x00029340       0x68 C:\Users\PC\AppData\Local\Temp\cdc_msc.elf.qSzZHF.ltrans0.ltrans.o
                0x00029340                TIMER3_IRQHandler
 .text.TIMER2_IRQHandler
                0x000293a8       0x60 C:\Users\PC\AppData\Local\Temp\cdc_msc.elf.qSzZHF.ltrans0.ltrans.o
                0x000293a8                TIMER2_IRQHandler
 .text.RADIO_IRQHandler
                0x00029408       0xe0 C:\Users\PC\AppData\Local\Temp\cdc_msc.elf.qSzZHF.ltrans0.ltrans.o
                0x00029408                RADIO_IRQHandler
 .text._start   0x000294e8     0x1274 C:\Users\PC\AppData\Local\Temp\cdc_msc.elf.qSzZHF.ltrans0.ltrans.o
                0x000294e8                _start
 .text.SysTick_Handler
                0x0002a75c       0x10 C:\Users\PC\AppData\Local\Temp\cdc_msc.elf.qSzZHF.ltrans0.ltrans.o
                0x0002a75c                SysTick_Handler
 .text.USBD_IRQHandler
                0x0002a76c      0x43c C:\Users\PC\AppData\Local\Temp\cdc_msc.elf.qSzZHF.ltrans0.ltrans.o
                0x0002a76c                USBD_IRQHandler
 .text.SystemInit
                0x0002aba8      0x1e8 C:\Users\PC\AppData\Local\Temp\cdc_msc.elf.qSzZHF.ltrans0.ltrans.o
                0x0002aba8                SystemInit
 .text.UART0_UARTE0_IRQHandler
                0x0002ad90      0x400 C:\Users\PC\AppData\Local\Temp\cdc_msc.elf.qSzZHF.ltrans0.ltrans.o
                0x0002ad90                UART0_UARTE0_IRQHandler
 .text.SPI1_SPIM1_SPIS1_TWI1_TWIM1_TWIS1_IRQHandler
                0x0002b190       0xb4 C:\Users\PC\AppData\Local\Temp\cdc_msc.elf.qSzZHF.ltrans0.ltrans.o
                0x0002b190                SPI1_SPIM1_SPIS1_TWI1_TWIM1_TWIS1_IRQHandler
 .text.CLOCK_POWER_IRQHandler
                0x0002b244       0x90 C:\Users\PC\AppData\Local\Temp\cdc_msc.elf.qSzZHF.ltrans0.ltrans.o
                0x0002b244                CLOCK_POWER_IRQHandler
 .text.GPIOTE_IRQHandler
                0x0002b2d4      0x1b8 C:\Users\PC\AppData\Local\Temp\cdc_msc.elf.qSzZHF.ltrans0.ltrans.o
                0x0002b2d4                GPIOTE_IRQHandler
 .text.memcpy   0x0002b48c       0x1c c:/program files (x86)/gnu arm embedded toolchain/9 2020-q2-update/bin/../lib/gcc/arm-none-eabi/9.3.1/../../../../arm-none-eabi/lib/thumb/v7e-m+fp/hard\libc_nano.a(lib_a-memcpy-stub.o)
                0x0002b48c                memcpy
 .text.memset   0x0002b4a8       0x10 c:/program files (x86)/gnu arm embedded toolchain/9 2020-q2-update/bin/../lib/gcc/arm-none-eabi/9.3.1/../../../../arm-none-eabi/lib/thumb/v7e-m+fp/hard\libc_nano.a(lib_a-memset.o)
                0x0002b4a8                memset
 .text.snprintf
                0x0002b4b8       0x68 c:/program files (x86)/gnu arm embedded toolchain/9 2020-q2-update/bin/../lib/gcc/arm-none-eabi/9.3.1/../../../../arm-none-eabi/lib/thumb/v7e-m+fp/hard\libc_nano.a(lib_a-snprintf.o)
                0x0002b4b8                sniprintf
                0x0002b4b8                snprintf
 .text          0x0002b520       0x10 c:/program files (x86)/gnu arm embedded toolchain/9 2020-q2-update/bin/../lib/gcc/arm-none-eabi/9.3.1/../../../../arm-none-eabi/lib/thumb/v7e-m+fp/hard\libc_nano.a(lib_a-strlen.o)
                0x0002b520                strlen
 .text.__ssputs_r
                0x0002b530       0xb6 c:/program files (x86)/gnu arm embedded toolchain/9 2020-q2-update/bin/../lib/gcc/arm-none-eabi/9.3.1/../../../../arm-none-eabi/lib/thumb/v7e-m+fp/hard\libc_nano.a(lib_a-nano-svfprintf.o)
                0x0002b530                __ssputs_r
 *fill*         0x0002b5e6        0x2 
 .text._svfprintf_r
                0x0002b5e8      0x200 c:/program files (x86)/gnu arm embedded toolchain/9 2020-q2-update/bin/../lib/gcc/arm-none-eabi/9.3.1/../../../../arm-none-eabi/lib/thumb/v7e-m+fp/hard\libc_nano.a(lib_a-nano-svfprintf.o)
                0x0002b5e8                _svfiprintf_r
                0x0002b5e8                _svfprintf_r
 .text._printf_common
                0x0002b7e8       0xda c:/program files (x86)/gnu arm embedded toolchain/9 2020-q2-update/bin/../lib/gcc/arm-none-eabi/9.3.1/../../../../arm-none-eabi/lib/thumb/v7e-m+fp/hard\libc_nano.a(lib_a-nano-vfprintf_i.o)
                0x0002b7e8                _printf_common
 *fill*         0x0002b8c2        0x2 
 .text._printf_i
                0x0002b8c4      0x24c c:/program files (x86)/gnu arm embedded toolchain/9 2020-q2-update/bin/../lib/gcc/arm-none-eabi/9.3.1/../../../../arm-none-eabi/lib/thumb/v7e-m+fp/hard\libc_nano.a(lib_a-nano-vfprintf_i.o)
                0x0002b8c4                _printf_i
 .text          0x0002bb10       0xa0 c:/program files (x86)/gnu arm embedded toolchain/9 2020-q2-update/bin/../lib/gcc/arm-none-eabi/9.3.1/../../../../arm-none-eabi/lib/thumb/v7e-m+fp/hard\libc_nano.a(lib_a-memchr.o)
                0x0002bb10                memchr
 .text.memmove  0x0002bbb0       0x34 c:/program files (x86)/gnu arm embedded toolchain/9 2020-q2-update/bin/../lib/gcc/arm-none-eabi/9.3.1/../../../../arm-none-eabi/lib/thumb/v7e-m+fp/hard\libc_nano.a(lib_a-memmove.o)
                0x0002bbb0                memmove
 .text._free_r  0x0002bbe4       0xa0 c:/program files (x86)/gnu arm embedded toolchain/9 2020-q2-update/bin/../lib/gcc/arm-none-eabi/9.3.1/../../../../arm-none-eabi/lib/thumb/v7e-m+fp/hard\libc_nano.a(lib_a-nano-freer.o)
                0x0002bbe4                _free_r
 .text._malloc_r
                0x0002bc84       0xb4 c:/program files (x86)/gnu arm embedded toolchain/9 2020-q2-update/bin/../lib/gcc/arm-none-eabi/9.3.1/../../../../arm-none-eabi/lib/thumb/v7e-m+fp/hard\libc_nano.a(lib_a-nano-mallocr.o)
                0x0002bc84                _malloc_r
 .text._realloc_r
                0x0002bd38       0x4c c:/program files (x86)/gnu arm embedded toolchain/9 2020-q2-update/bin/../lib/gcc/arm-none-eabi/9.3.1/../../../../arm-none-eabi/lib/thumb/v7e-m+fp/hard\libc_nano.a(lib_a-nano-reallocr.o)
                0x0002bd38                _realloc_r
 .text._sbrk_r  0x0002bd84       0x20 c:/program files (x86)/gnu arm embedded toolchain/9 2020-q2-update/bin/../lib/gcc/arm-none-eabi/9.3.1/../../../../arm-none-eabi/lib/thumb/v7e-m+fp/hard\libc_nano.a(lib_a-sbrkr.o)
                0x0002bd84                _sbrk_r
 .text.__malloc_lock
                0x0002bda4        0xc c:/program files (x86)/gnu arm embedded toolchain/9 2020-q2-update/bin/../lib/gcc/arm-none-eabi/9.3.1/../../../../arm-none-eabi/lib/thumb/v7e-m+fp/hard\libc_nano.a(lib_a-mlock.o)
                0x0002bda4                __malloc_lock
 .text.__malloc_unlock
                0x0002bdb0        0xc c:/program files (x86)/gnu arm embedded toolchain/9 2020-q2-update/bin/../lib/gcc/arm-none-eabi/9.3.1/../../../../arm-none-eabi/lib/thumb/v7e-m+fp/hard\libc_nano.a(lib_a-mlock.o)
                0x0002bdb0                __malloc_unlock
 .text._malloc_usable_size_r
                0x0002bdbc       0x10 c:/program files (x86)/gnu arm embedded toolchain/9 2020-q2-update/bin/../lib/gcc/arm-none-eabi/9.3.1/../../../../arm-none-eabi/lib/thumb/v7e-m+fp/hard\libc_nano.a(lib_a-nano-msizer.o)
                0x0002bdbc                _malloc_usable_size_r
 .text.__retarget_lock_acquire_recursive
                0x0002bdcc        0x2 c:/program files (x86)/gnu arm embedded toolchain/9 2020-q2-update/bin/../lib/gcc/arm-none-eabi/9.3.1/../../../../arm-none-eabi/lib/thumb/v7e-m+fp/hard\libc_nano.a(lib_a-lock.o)
                0x0002bdcc                __retarget_lock_acquire_recursive
 .text.__retarget_lock_release_recursive
                0x0002bdce        0x2 c:/program files (x86)/gnu arm embedded toolchain/9 2020-q2-update/bin/../lib/gcc/arm-none-eabi/9.3.1/../../../../arm-none-eabi/lib/thumb/v7e-m+fp/hard\libc_nano.a(lib_a-lock.o)
                0x0002bdce                __retarget_lock_release_recursive
 .text._sbrk    0x0002bdd0       0x1c c:/program files (x86)/gnu arm embedded toolchain/9 2020-q2-update/bin/../lib/gcc/arm-none-eabi/9.3.1/../../../../arm-none-eabi/lib/thumb/v7e-m+fp/hard\libnosys.a(sbrk.o)
                0x0002bdd0                _sbrk
                0x0002bdec                . = ALIGN (0x4)
 *(.init)
                0x0002bdec                . = ALIGN (0x4)
                0x0002bdec                __preinit_array_start = .
 *(.preinit_array)
                0x0002bdec                __preinit_array_end = .
                0x0002bdec                . = ALIGN (0x4)
                0x0002bdec                __init_array_start = .
 *(SORT_BY_NAME(.init_array.*))
 *(.init_array)
                0x0002bdec                __init_array_end = .
 *(.fini)
                0x0002bdec                . = ALIGN (0x4)
                0x0002bdec                __fini_array_start = .
 *(.fini_array)
 *(SORT_BY_NAME(.fini_array.*))
                0x0002bdec                __fini_array_end = .
                0x0002bdec                . = ALIGN (0x4)
 *(.eh_frame*)
                0x0002bdec                . = ALIGN (0x4)
 *(.eh_frame_hdr)
                0x0002bdec                . = ALIGN (0x4)
 *(.hash)
 *(.gnu.hash)
                0x0002bdec                . = ALIGN (0x4)
 *(.gnu_extab* .gnu.linkonce.extab.*)
                0x0002bdec                . = ALIGN (0x4)
                0x0002bdec                __exidx_start = .
 *(.gnu_exidx* .gnu.linkonce.exidx.*)
                0x0002bdec                . = ALIGN (0x4)
                0x0002bdec                __exidx_end = .
                0x00004a44                __text_size = SIZEOF (.text)
                0x0002bdec                __text_end = (__text_start + __text_size)
                0x00000001                ASSERT (((__text_start == __text_end) || ((__text_end - ORIGIN (FLASH)) <= LENGTH (FLASH))), error: .text is too large to fit in FLASH memory segment)

.glue_7         0x0002bdec        0x0
 .glue_7        0x0002bdec        0x0 linker stubs

.glue_7t        0x0002bdec        0x0
 .glue_7t       0x0002bdec        0x0 linker stubs

.vfp11_veneer   0x0002bdec        0x0
 .vfp11_veneer  0x0002bdec        0x0 linker stubs

.v4_bx          0x0002bdec        0x0
 .v4_bx         0x0002bdec        0x0 linker stubs

.iplt           0x0002bdec        0x0
 .iplt          0x0002bdec        0x0 _build/feather_nrf52840_express/obj/hw/mcu/nordic/nrfx/mdk/gcc_startup_nrf52840_asm.o

.rel.dyn        0x0002bdec        0x0
 .rel.iplt      0x0002bdec        0x0 _build/feather_nrf52840_express/obj/hw/mcu/nordic/nrfx/mdk/gcc_startup_nrf52840_asm.o
                0x0002bdec                . = ALIGN (0x4)

.copy.table     0x0002bdec       0x30
                0x0002bdec                __copy_table_start__ = .
                0x0002bdec        0x4 LONG 0x2be34 __data_load_start
                0x0002bdf0        0x4 LONG 0x20003400 __data_start
                0x0002bdf4        0x4 LONG 0x846 ((__data_end - __data_start) / 0x4)
                0x0002bdf8        0x4 LONG 0x2df4c __sdata_load_start
                0x0002bdfc        0x4 LONG 0x20005518 __sdata_start
                0x0002be00        0x4 LONG 0x0 ((__sdata_end - __sdata_start) / 0x4)
                0x0002be04        0x4 LONG 0x2df4c __tdata_load_start
                0x0002be08        0x4 LONG 0x20005518 __tdata_start
                0x0002be0c        0x4 LONG 0x0 ((__tdata_end - __tdata_start) / 0x4)
                0x0002be10        0x4 LONG 0x2df4c __fast_load_start
                0x0002be14        0x4 LONG 0x20005518 __fast_start
                0x0002be18        0x4 LONG 0x0 ((__fast_end - __fast_start) / 0x4)
                0x0002be1c                __copy_table_end__ = .
                0x0002be1c                . = ALIGN (0x4)

.zero.table     0x0002be1c       0x18
                0x0002be1c                __zero_table_start__ = .
                0x0002be1c        0x4 LONG 0x20005518 __bss_start
                0x0002be20        0x4 LONG 0x3cb ((__bss_end - __bss_start) / 0x4)
                0x0002be24        0x4 LONG 0x20006444 __sbss_start
                0x0002be28        0x4 LONG 0x0 ((__sbss_end - __sbss_start) / 0x4)
                0x0002be2c        0x4 LONG 0x20006444 __tbss_start
                0x0002be30        0x4 LONG 0x0 ((__tbss_end - __tbss_start) / 0x4)
                0x0002be34                __zero_table_end__ = .
                0x0002be34                . = ALIGN (0x4)
                0x0002be34                __etext = .
                [!provide]                PROVIDE (etext = .)
                0x0002be34                PROVIDE (_etext = .)
                0x0002be34                . = ALIGN (0x4)
                0x0002be34                __all_data_load_start = .
                0x0002be34                __data_load_start = .

.data           0x20003400     0x2118 load address 0x0002be34
                0x20003400                . = ALIGN (0x4)
                0x20003400                __data_start = .
                0x20003400                __data_start__ = .
 *(vtable)
 *(.data* .gnu.linkonce.d.*)
 .data.SystemCoreClock
                0x20003400        0x4 C:\Users\PC\AppData\Local\Temp\cdc_msc.elf.qSzZHF.ltrans0.ltrans.o
                0x20003400                SystemCoreClock
 .data._uart_id
                0x20003404        0x8 C:\Users\PC\AppData\Local\Temp\cdc_msc.elf.qSzZHF.ltrans0.ltrans.o
 .data._usbd_qdef
                0x2000340c       0x10 C:\Users\PC\AppData\Local\Temp\cdc_msc.elf.qSzZHF.ltrans0.ltrans.o
 .data._usbd_rhport
                0x2000341c        0x1 C:\Users\PC\AppData\Local\Temp\cdc_msc.elf.qSzZHF.ltrans0.ltrans.o
 *fill*         0x2000341d        0x3 
 .data.cycle_step_mcs
                0x20003420        0x4 C:\Users\PC\AppData\Local\Temp\cdc_msc.elf.qSzZHF.ltrans0.ltrans.o
 .data.m_cb.lto_priv.0
                0x20003424       0x8c C:\Users\PC\AppData\Local\Temp\cdc_msc.elf.qSzZHF.ltrans0.ltrans.o
 .data.msc_disk
                0x200034b0     0x2000 C:\Users\PC\AppData\Local\Temp\cdc_msc.elf.qSzZHF.ltrans0.ltrans.o
 .data.star_unit_id
                0x200054b0        0x4 C:\Users\PC\AppData\Local\Temp\cdc_msc.elf.qSzZHF.ltrans0.ltrans.o
 .data._impure_ptr
                0x200054b4        0x4 c:/program files (x86)/gnu arm embedded toolchain/9 2020-q2-update/bin/../lib/gcc/arm-none-eabi/9.3.1/../../../../arm-none-eabi/lib/thumb/v7e-m+fp/hard\libc_nano.a(lib_a-impure.o)
                0x200054b4                _impure_ptr
 .data.impure_data
                0x200054b8       0x60 c:/program files (x86)/gnu arm embedded toolchain/9 2020-q2-update/bin/../lib/gcc/arm-none-eabi/9.3.1/../../../../arm-none-eabi/lib/thumb/v7e-m+fp/hard\libc_nano.a(lib_a-impure.o)
                0x20005518                . = ALIGN (0x4)
 *(.jcr*)
                0x00002118                __data_size = SIZEOF (.data)
                0x20005518                __data_end = (__data_start + __data_size)
                0x20005518                __data_end__ = __data_end
                0x0002df4c                __data_load_end = (__data_load_start + __data_size)
                0x00000001                ASSERT (((__data_load_start == __data_load_end) || ((__data_load_end - ORIGIN (FLASH)) <= LENGTH (FLASH))), error: .data is too large to fit in FLASH memory segment)
                0x00000001                ASSERT (((__data_start == __data_end) || ((__data_end - ORIGIN (RAM)) <= LENGTH (RAM))), error: .data is too large to fit in RAM memory segment)

.igot.plt       0x20005518        0x0 load address 0x0002df4c
 .igot.plt      0x20005518        0x0 _build/feather_nrf52840_express/obj/hw/mcu/nordic/nrfx/mdk/gcc_startup_nrf52840_asm.o
                0x20005518                . = ALIGN (0x4)

.svc_data       0x20005518        0x0
                [!provide]                PROVIDE (__start_svc_data = .)
 *(.svc_data)
                [!provide]                PROVIDE (__stop_svc_data = .)

.fs_data        0x20005518        0x0
                [!provide]                PROVIDE (__start_fs_data = .)
 *(.fs_data)
                [!provide]                PROVIDE (__stop_fs_data = .)
                0x20005518                . = ALIGN (0x4)
                0x0002df4c                __sdata_load_start = ALIGN (__data_load_end, 0x4)

.sdata          0x20005518        0x0 load address 0x0002df4c
                0x20005518                . = ALIGN (0x4)
                0x20005518                __sdata_start = .
 *(.sdata .sdata.* .gnu.linkonce.s.*)
 *(.sdata2 .sdata2.* .gnu.linkonce.s2.*)
                0x20005518                . = ALIGN (0x4)
                0x00000000                __sdata_size = SIZEOF (.sdata)
                0x20005518                __sdata_end = (__sdata_start + __sdata_size)
                0x0002df4c                __sdata_load_end = (__sdata_load_start + __sdata_size)
                0x00000001                ASSERT (((__sdata_load_start == __sdata_load_end) || ((__sdata_load_end - ORIGIN (FLASH)) <= LENGTH (FLASH))), error: .sdata is too large to fit in FLASH memory segment)
                0x00000001                ASSERT (((__sdata_start == __sdata_end) || ((__sdata_end - ORIGIN (RAM)) <= LENGTH (RAM))), error: .sdata is too large to fit in RAM memory segment)
                0x20005518                . = ALIGN (0x4)
                0x0002df4c                __tdata_load_start = ALIGN (__sdata_load_end, 0x4)

.tdata          0x20005518        0x0 load address 0x0002df4c
                0x20005518                . = ALIGN (0x4)
                0x20005518                __tdata_start = .
 *(.tdata .tdata.* .gnu.linkonce.td.*)
 *(.stdata .stdata.*)
                0x20005518                . = ALIGN (0x4)
                0x00000000                __tdata_size = SIZEOF (.tdata)
                0x20005518                __tdata_end = (__tdata_start + __tdata_size)
                0x0002df4c                __tdata_load_end = (__tdata_load_start + __tdata_size)
                0x00000001                ASSERT (((__tdata_load_start == __tdata_load_end) || ((__tdata_load_end - ORIGIN (FLASH)) <= LENGTH (FLASH))), error: .tdata is too large to fit in FLASH memory segment)
                0x00000001                ASSERT (((__tdata_start == __tdata_end) || ((__tdata_end - ORIGIN (RAM)) <= LENGTH (RAM))), error: .tdata is too large to fit in RAM memory segment)
                0x20005518                . = ALIGN (0x4)
                0x0002df4c                __fast_load_start = ALIGN (__tdata_load_end, 0x4)

.fast           0x20005518        0x0 load address 0x0002df4c
                0x20005518                . = ALIGN (0x4)
                0x20005518                __fast_start = .
 *(.fast .fast.*)
 *(.fastcode .fastcode.*)
 *(.fastdata .fastdata.*)
 *(.ramcode*)
                0x20005518                . = ALIGN (0x4)
                0x00000000                __fast_size = SIZEOF (.fast)
                0x20005518                __fast_end = (__fast_start + __fast_size)
                0x0002df4c                __fast_load_end = (__fast_load_start + __fast_size)
                0x00000001                ASSERT (((__fast_load_start == __fast_load_end) || ((__fast_load_end - ORIGIN (FLASH)) <= LENGTH (FLASH))), error: .fast is too large to fit in FLASH memory segment)
                0x00000001                ASSERT (((__fast_start == __fast_end) || ((__fast_end - ORIGIN (RAM)) <= LENGTH (RAM))), error: .fast is too large to fit in RAM memory segment)
                0x20005518                . = ALIGN (0x4)
                0x20005518                _edata = .
                [!provide]                PROVIDE (edata = .)
                [!provide]                PROVIDE (__edata = .)
                0x20005518                . = ALIGN (0x4)

.noinit         0x20005518        0x0
                0x20005518                __noinit_start = .
                [!provide]                PROVIDE (__noinit_start__ = .)
 *(.noinit .noinit.*)
 *(.no_init .no_init.*)
 *(.noninit .noninit.*)
 *(.non_init .non_init.*)
                0x20005518                . = ALIGN (0x4)
                0x00000000                __noinit_size = SIZEOF (.noinit)
                0x20005518                __noinit_end = (__noinit_start + __noinit_size)
                0x20005518                __noinit_end__ = __noinit_end
                0x00000001                ASSERT (((__noinit_start == __noinit_end) || ((__noinit_end - ORIGIN (RAM)) <= LENGTH (RAM))), error: .noinit is too large to fit in RAM memory segment)
                0x20005518                . = ALIGN (0x4)

.bss            0x20005518      0xf2c load address 0x0002df4c
                0x20005518                __bss_start = .
                0x20005518                PROVIDE (__bss_start__ = .)
 *(.bss* .gnu.linkonce.b.*)
 .bss._app_driver
                0x20005518        0x4 C:\Users\PC\AppData\Local\Temp\cdc_msc.elf.qSzZHF.ltrans0.ltrans.o
 .bss._app_driver_count
                0x2000551c        0x1 C:\Users\PC\AppData\Local\Temp\cdc_msc.elf.qSzZHF.ltrans0.ltrans.o
 *fill*         0x2000551d        0x3 
 .bss._cdcd_epbuf
                0x20005520       0x90 C:\Users\PC\AppData\Local\Temp\cdc_msc.elf.qSzZHF.ltrans0.ltrans.o
 .bss._cdcd_itf
                0x200055b0       0xa8 C:\Users\PC\AppData\Local\Temp\cdc_msc.elf.qSzZHF.ltrans0.ltrans.o
 .bss._ctrl_epbuf
                0x20005658       0x40 C:\Users\PC\AppData\Local\Temp\cdc_msc.elf.qSzZHF.ltrans0.ltrans.o
 .bss._ctrl_xfer
                0x20005698       0x14 C:\Users\PC\AppData\Local\Temp\cdc_msc.elf.qSzZHF.ltrans0.ltrans.o
 .bss._dcd      0x200056ac      0x124 C:\Users\PC\AppData\Local\Temp\cdc_msc.elf.qSzZHF.ltrans0.ltrans.o
 .bss._desc_str
                0x200057d0       0x42 C:\Users\PC\AppData\Local\Temp\cdc_msc.elf.qSzZHF.ltrans0.ltrans.o
 *fill*         0x20005812        0x2 
 .bss._mscd_epbuf
                0x20005814      0x200 C:\Users\PC\AppData\Local\Temp\cdc_msc.elf.qSzZHF.ltrans0.ltrans.o
 .bss._mscd_itf
                0x20005a14       0x40 C:\Users\PC\AppData\Local\Temp\cdc_msc.elf.qSzZHF.ltrans0.ltrans.o
 .bss._usbd_dev
                0x20005a54       0x38 C:\Users\PC\AppData\Local\Temp\cdc_msc.elf.qSzZHF.ltrans0.ltrans.o
 .bss._usbd_q   0x20005a8c        0x4 C:\Users\PC\AppData\Local\Temp\cdc_msc.elf.qSzZHF.ltrans0.ltrans.o
 .bss._usbd_qdef_buf
                0x20005a90       0xc0 C:\Users\PC\AppData\Local\Temp\cdc_msc.elf.qSzZHF.ltrans0.ltrans.o
 .bss._usbd_queued_setup
                0x20005b50        0x1 C:\Users\PC\AppData\Local\Temp\cdc_msc.elf.qSzZHF.ltrans0.ltrans.o
 *fill*         0x20005b51        0x3 
 .bss.ack_state
                0x20005b54        0x4 C:\Users\PC\AppData\Local\Temp\cdc_msc.elf.qSzZHF.ltrans0.ltrans.o
 .bss.active_nodes
                0x20005b58        0x4 C:\Users\PC\AppData\Local\Temp\cdc_msc.elf.qSzZHF.ltrans0.ltrans.o
 .bss.buf_pack  0x20005b5c      0x100 C:\Users\PC\AppData\Local\Temp\cdc_msc.elf.qSzZHF.ltrans0.ltrans.o
 .bss.buf_pack_len
                0x20005c5c        0x4 C:\Users\PC\AppData\Local\Temp\cdc_msc.elf.qSzZHF.ltrans0.ltrans.o
 .bss.count     0x20005c60        0x4 C:\Users\PC\AppData\Local\Temp\cdc_msc.elf.qSzZHF.ltrans0.ltrans.o
 .bss.cur_out_pack
                0x20005c64      0x100 C:\Users\PC\AppData\Local\Temp\cdc_msc.elf.qSzZHF.ltrans0.ltrans.o
 .bss.cur_pack_len
                0x20005d64        0x4 C:\Users\PC\AppData\Local\Temp\cdc_msc.elf.qSzZHF.ltrans0.ltrans.o
 .bss.current_mode
                0x20005d68        0x1 C:\Users\PC\AppData\Local\Temp\cdc_msc.elf.qSzZHF.ltrans0.ltrans.o
 *fill*         0x20005d69        0x3 
 .bss.cycle_phase
                0x20005d6c        0x4 C:\Users\PC\AppData\Local\Temp\cdc_msc.elf.qSzZHF.ltrans0.ltrans.o
 .bss.data_packet
                0x20005d70      0x100 C:\Users\PC\AppData\Local\Temp\cdc_msc.elf.qSzZHF.ltrans0.ltrans.o
 .bss.ejected   0x20005e70        0x1 C:\Users\PC\AppData\Local\Temp\cdc_msc.elf.qSzZHF.ltrans0.ltrans.o
 .bss.in_pack   0x20005e71      0x100 C:\Users\PC\AppData\Local\Temp\cdc_msc.elf.qSzZHF.ltrans0.ltrans.o
 *fill*         0x20005f71        0x3 
 .bss.last_asked_time
                0x20005f74        0x4 C:\Users\PC\AppData\Local\Temp\cdc_msc.elf.qSzZHF.ltrans0.ltrans.o
 .bss.last_phase_start
                0x20005f78        0x4 C:\Users\PC\AppData\Local\Temp\cdc_msc.elf.qSzZHF.ltrans0.ltrans.o
 .bss.last_processed_rx_packet
                0x20005f7c        0x4 C:\Users\PC\AppData\Local\Temp\cdc_msc.elf.qSzZHF.ltrans0.ltrans.o
 .bss.m_cb.lto_priv.1
                0x20005f80       0x24 C:\Users\PC\AppData\Local\Temp\cdc_msc.elf.qSzZHF.ltrans0.ltrans.o
 .bss.m_cb.lto_priv.2
                0x20005fa4       0x50 C:\Users\PC\AppData\Local\Temp\cdc_msc.elf.qSzZHF.ltrans0.ltrans.o
 .bss.m_usbevt_handler
                0x20005ff4        0x4 C:\Users\PC\AppData\Local\Temp\cdc_msc.elf.qSzZHF.ltrans0.ltrans.o
 .bss.mcs_time  0x20005ff8        0x4 C:\Users\PC\AppData\Local\Temp\cdc_msc.elf.qSzZHF.ltrans0.ltrans.o
 .bss.ms_time   0x20005ffc        0x4 C:\Users\PC\AppData\Local\Temp\cdc_msc.elf.qSzZHF.ltrans0.ltrans.o
 .bss.node_active
                0x20006000      0x100 C:\Users\PC\AppData\Local\Temp\cdc_msc.elf.qSzZHF.ltrans0.ltrans.o
 .bss.node_list
                0x20006100      0x100 C:\Users\PC\AppData\Local\Temp\cdc_msc.elf.qSzZHF.ltrans0.ltrans.o
 .bss.nrfx_power_irq_enabled
                0x20006200        0x1 C:\Users\PC\AppData\Local\Temp\cdc_msc.elf.qSzZHF.ltrans0.ltrans.o
 .bss.print_flag
                0x20006201        0x1 C:\Users\PC\AppData\Local\Temp\cdc_msc.elf.qSzZHF.ltrans0.ltrans.o
 *fill*         0x20006202        0x2 
 .bss.rf_busy   0x20006204        0x4 C:\Users\PC\AppData\Local\Temp\cdc_msc.elf.qSzZHF.ltrans0.ltrans.o
 .bss.rf_irq_override
                0x20006208        0x4 C:\Users\PC\AppData\Local\Temp\cdc_msc.elf.qSzZHF.ltrans0.ltrans.o
 .bss.role_central
                0x2000620c        0x4 C:\Users\PC\AppData\Local\Temp\cdc_msc.elf.qSzZHF.ltrans0.ltrans.o
 .bss.rx_packet
                0x20006210      0x100 C:\Users\PC\AppData\Local\Temp\cdc_msc.elf.qSzZHF.ltrans0.ltrans.o
 .bss.rx_packet_counter
                0x20006310        0x4 C:\Users\PC\AppData\Local\Temp\cdc_msc.elf.qSzZHF.ltrans0.ltrans.o
 .bss.s_time    0x20006314        0x4 C:\Users\PC\AppData\Local\Temp\cdc_msc.elf.qSzZHF.ltrans0.ltrans.o
 .bss.star_has_new_packet
                0x20006318        0x4 C:\Users\PC\AppData\Local\Temp\cdc_msc.elf.qSzZHF.ltrans0.ltrans.o
 .bss.system_ticks
                0x2000631c        0x4 C:\Users\PC\AppData\Local\Temp\cdc_msc.elf.qSzZHF.ltrans0.ltrans.o
 .bss.timed_event_adjustment_state
                0x20006320        0x4 C:\Users\PC\AppData\Local\Temp\cdc_msc.elf.qSzZHF.ltrans0.ltrans.o
 .bss.timed_event_delayed
                0x20006324        0x4 C:\Users\PC\AppData\Local\Temp\cdc_msc.elf.qSzZHF.ltrans0.ltrans.o
 .bss.tx_packet
                0x20006328      0x100 C:\Users\PC\AppData\Local\Temp\cdc_msc.elf.qSzZHF.ltrans0.ltrans.o
 .bss.__malloc_free_list
                0x20006428        0x4 c:/program files (x86)/gnu arm embedded toolchain/9 2020-q2-update/bin/../lib/gcc/arm-none-eabi/9.3.1/../../../../arm-none-eabi/lib/thumb/v7e-m+fp/hard\libc_nano.a(lib_a-nano-mallocr.o)
                0x20006428                __malloc_free_list
 .bss.__malloc_sbrk_start
                0x2000642c        0x4 c:/program files (x86)/gnu arm embedded toolchain/9 2020-q2-update/bin/../lib/gcc/arm-none-eabi/9.3.1/../../../../arm-none-eabi/lib/thumb/v7e-m+fp/hard\libc_nano.a(lib_a-nano-mallocr.o)
                0x2000642c                __malloc_sbrk_start
 .bss.heap_end.5507
                0x20006430        0x4 c:/program files (x86)/gnu arm embedded toolchain/9 2020-q2-update/bin/../lib/gcc/arm-none-eabi/9.3.1/../../../../arm-none-eabi/lib/thumb/v7e-m+fp/hard\libnosys.a(sbrk.o)
 *(.dynbss)
 *(COMMON)
 COMMON         0x20006434        0x4 c:/program files (x86)/gnu arm embedded toolchain/9 2020-q2-update/bin/../lib/gcc/arm-none-eabi/9.3.1/../../../../arm-none-eabi/lib/thumb/v7e-m+fp/hard\libc_nano.a(lib_a-reent.o)
                0x20006434                errno
 COMMON         0x20006438        0x9 c:/program files (x86)/gnu arm embedded toolchain/9 2020-q2-update/bin/../lib/gcc/arm-none-eabi/9.3.1/../../../../arm-none-eabi/lib/thumb/v7e-m+fp/hard\libc_nano.a(lib_a-lock.o)
                0x20006438                __lock___atexit_recursive_mutex
                0x20006439                __lock___arc4random_mutex
                0x2000643a                __lock___env_recursive_mutex
                0x2000643b                __lock___sinit_recursive_mutex
                0x2000643c                __lock___malloc_recursive_mutex
                0x2000643d                __lock___at_quick_exit_mutex
                0x2000643e                __lock___dd_hash_mutex
                0x2000643f                __lock___tz_mutex
                0x20006440                __lock___sfp_recursive_mutex
                0x20006444                . = ALIGN (0x4)
 *fill*         0x20006441        0x3 
                0x00000f2c                __bss_size = SIZEOF (.bss)
                0x20006444                __bss_end = (__bss_start + __bss_size)
                0x20006444                __bss_end__ = __bss_end
                0x00000001                ASSERT (((__bss_start == __bss_end) || ((__bss_end - ORIGIN (RAM)) <= LENGTH (RAM))), error: .bss is too large to fit in RAM memory segment)
                0x20006444                . = ALIGN (0x4)

.sbss           0x20006444        0x0
                0x20006444                __sbss_start = .
                0x20006444                __sbss_start__ = __sbss_start
 *(.sbss .sbss.* .gnu.linkonce.sb.*)
 *(.sbss2 .sbss2.* .gnu.linkonce.sb2.*)
 *(.dynsbss)
                0x20006444                . = ALIGN (0x4)
                0x00000000                __sbss_size = SIZEOF (.sbss)
                0x20006444                __sbss_end = (__sbss_start + __sbss_size)
                0x20006444                __sbss_end__ = __sbss_end
                0x00000001                ASSERT (((__sbss_start == __sbss_end) || ((__sbss_end - ORIGIN (RAM)) <= LENGTH (RAM))), error: .sbss is too large to fit in RAM memory segment)
                0x20006444                . = ALIGN (0x4)

.tbss           0x20006444        0x0
                0x20006444                __tbss_start = .
                0x20006444                __tbss_start__ = __tbss_start
                0x20006444                . = ALIGN (0x4)
 *(.tbss .tbss.* .gnu.linkonce.tb.*)
 *(.tcommon)
 *(.stbss .stbss.*)
                0x20006444                . = ALIGN (0x4)
                0x00000000                __tbss_size = SIZEOF (.tbss)
                0x20006444                __tbss_end = (__tbss_start + __tbss_size)
                0x20006444                __tbss_end__ = __tbss_end
                0x00000001                ASSERT (((__tbss_start == __tbss_end) || ((__tbss_end - ORIGIN (RAM)) <= LENGTH (RAM))), error: .tbss is too large to fit in RAM memory segment)
                0x20006444                . = ALIGN (0x4)
                0x20006444                . = SEGMENT_START ("ldata-segment", .)
                0x20006444                . = ALIGN (0x4)

.heap           0x20006444        0x4
                0x20006444                __heap_start = .
                0x20006444                __HeapBase = .
                0x20006444                __heap_base = .
                0x20006444                __end = .
                0x20006444                PROVIDE (end = .)
                [!provide]                PROVIDE (_end = .)
                [!provide]                PROVIDE (__end__ = .)
 *(.heap*)
 *fill*         0x20006444        0x4 
 .heap          0x20006448        0x0 _build/feather_nrf52840_express/obj/hw/mcu/nordic/nrfx/mdk/gcc_startup_nrf52840_asm.o
                0x20006448                __HeapLimit = .
                0x20006448                __heap_limit = .
                0x20006448                __heap_end = .

.stack_dummy    0x20006448     0x4000
 *(.stack*)
 .stack         0x20006448     0x4000 _build/feather_nrf52840_express/obj/hw/mcu/nordic/nrfx/mdk/gcc_startup_nrf52840_asm.o
                0x20040000                __stack_end = (ORIGIN (RAM) + LENGTH (RAM))
                0x20040000                __StackTop = (ORIGIN (RAM) + LENGTH (RAM))
                0x2003c000                __StackLimit = (__StackTop - SIZEOF (.stack_dummy))
                [!provide]                PROVIDE (__stack = __StackTop)
                0x00000001                ASSERT ((__StackLimit >= __HeapLimit), region RAM overflowed with stack)
                0x00002118                DataInitFlashUsed = (__bss_start - __data_start)
                0x00004e34                CodeFlashUsed = (_etext - ORIGIN (FLASH))
                0x00006f4c                TotalFlashUsed = (CodeFlashUsed + DataInitFlashUsed)
                0x00000001                ASSERT ((TotalFlashUsed <= LENGTH (FLASH)), region FLASH overflowed with .data and user data)
                0x20006444                __tbss_start__ = __tbss_start
                0x20006444                __tbss_end__ = __tbss_end
                0x20006444                __sbss_start__ = __sbss_start
                0x20006444                __sbss_end__ = __sbss_end
LOAD _build/feather_nrf52840_express/obj/hw/mcu/nordic/nrfx/mdk/gcc_startup_nrf52840_asm.o
LOAD _build/feather_nrf52840_express/obj/src/portable/nordic/nrf5x/dcd_nrf5x.o
LOAD C:\Users\PC\AppData\Local\Temp\cdc_msc.elf.qSzZHF.ltrans0.ltrans.o
LOAD C:\Users\PC\AppData\Local\Temp\cciytJFX.debug.temp.o
LOAD C:\Users\PC\AppData\Local\Temp\ccKkQhlJ.debug.temp.o
LOAD C:\Users\PC\AppData\Local\Temp\cc69TGPu.debug.temp.o
LOAD C:\Users\PC\AppData\Local\Temp\ccoHDXqg.debug.temp.o
LOAD C:\Users\PC\AppData\Local\Temp\cc840et2.debug.temp.o
LOAD C:\Users\PC\AppData\Local\Temp\cccPqWlO.debug.temp.o
LOAD C:\Users\PC\AppData\Local\Temp\ccgdtJqz.debug.temp.o
LOAD C:\Users\PC\AppData\Local\Temp\ccKcwMmk.debug.temp.o
LOAD C:\Users\PC\AppData\Local\Temp\ccMjYGG5.debug.temp.o
LOAD C:\Users\PC\AppData\Local\Temp\ccK6wFYQ.debug.temp.o
LOAD C:\Users\PC\AppData\Local\Temp\cc8iiZdG.debug.temp.o
LOAD C:\Users\PC\AppData\Local\Temp\ccuKbJev.debug.temp.o
LOAD C:\Users\PC\AppData\Local\Temp\ccmMHpmk.debug.temp.o
LOAD C:\Users\PC\AppData\Local\Temp\ccgtWQH9.debug.temp.o
LOAD C:\Users\PC\AppData\Local\Temp\cciafV5Y.debug.temp.o
LOAD C:\Users\PC\AppData\Local\Temp\ccKGzOKN.debug.temp.o
LOAD C:\Users\PC\AppData\Local\Temp\cckj56bC.debug.temp.o
LOAD C:\Users\PC\AppData\Local\Temp\ccuoIK3q.debug.temp.o
LOAD C:\Users\PC\AppData\Local\Temp\cc2vyvMf.debug.temp.o
LOAD C:\Users\PC\AppData\Local\Temp\cc0qnOL3.debug.temp.o
LOAD C:\Users\PC\AppData\Local\Temp\ccETKBPR.debug.temp.o
LOAD C:\Users\PC\AppData\Local\Temp\cc4q49JF.debug.temp.o
LOAD C:\Users\PC\AppData\Local\Temp\ccSYRU7t.debug.temp.o
LOAD C:\Users\PC\AppData\Local\Temp\ccAPKImi.debug.temp.o
LOAD C:\Users\PC\AppData\Local\Temp\cciGDwB6.debug.temp.o
LOAD C:\Users\PC\AppData\Local\Temp\ccsTi16T.debug.temp.o
LOAD C:\Users\PC\AppData\Local\Temp\cciwiRoH.debug.temp.o
LOAD C:\Users\PC\AppData\Local\Temp\ccApj16u.debug.temp.o
LOAD C:\Users\PC\AppData\Local\Temp\cc48NSTi.debug.temp.o
LOAD C:\Users\PC\AppData\Local\Temp\ccyiUgt6.debug.temp.o
LOAD C:\Users\PC\AppData\Local\Temp\ccAjZg7T.debug.temp.o
LOAD C:\Users\PC\AppData\Local\Temp\cccP8ZCL.debug.temp.o
LOAD C:\Users\PC\AppData\Local\Temp\cccXTjdD.debug.temp.o
LOAD C:\Users\PC\AppData\Local\Temp\ccGuMqCu.debug.temp.o
LOAD C:\Users\PC\AppData\Local\Temp\cceQjEom.debug.temp.o
LOAD C:\Users\PC\AppData\Local\Temp\ccYJ9lhe.debug.temp.o
LOAD C:\Users\PC\AppData\Local\Temp\ccUPItW5.debug.temp.o
LOAD C:\Users\PC\AppData\Local\Temp\cc2LLiGX.debug.temp.o
LOAD C:\Users\PC\AppData\Local\Temp\ccaM4MFO.debug.temp.o
LOAD C:\Users\PC\AppData\Local\Temp\ccmixOrF.debug.temp.o
LOAD C:\Users\PC\AppData\Local\Temp\ccSk3piw.debug.temp.o
LOAD _build/feather_nrf52840_express/obj/hw/mcu/nordic/nrfx/helpers/nrfx_flag32_allocator.o
LOAD _build/feather_nrf52840_express/obj/hw/mcu/nordic/nrfx/drivers/src/nrfx_gpiote.o
LOAD _build/feather_nrf52840_express/obj/hw/mcu/nordic/nrfx/drivers/src/nrfx_power.o
LOAD _build/feather_nrf52840_express/obj/hw/mcu/nordic/nrfx/drivers/src/nrfx_spim.o
LOAD _build/feather_nrf52840_express/obj/hw/mcu/nordic/nrfx/drivers/src/nrfx_uarte.o
LOAD _build/feather_nrf52840_express/obj/hw/mcu/nordic/nrfx/mdk/system_nrf52840.o
LOAD _build/feather_nrf52840_express/obj/hw/mcu/nordic/nrfx/soc/nrfx_atomic.o
LOAD _build/feather_nrf52840_express/obj/hw/bsp/nrf/family.o
LOAD _build/feather_nrf52840_express/obj/src/tusb.o
LOAD _build/feather_nrf52840_express/obj/src/common/tusb_fifo.o
LOAD _build/feather_nrf52840_express/obj/src/device/usbd.o
LOAD _build/feather_nrf52840_express/obj/src/device/usbd_control.o
LOAD _build/feather_nrf52840_express/obj/src/typec/usbc.o
LOAD _build/feather_nrf52840_express/obj/src/class/audio/audio_device.o
LOAD _build/feather_nrf52840_express/obj/src/class/cdc/cdc_device.o
LOAD _build/feather_nrf52840_express/obj/src/class/dfu/dfu_device.o
LOAD _build/feather_nrf52840_express/obj/src/class/dfu/dfu_rt_device.o
LOAD _build/feather_nrf52840_express/obj/src/class/hid/hid_device.o
LOAD _build/feather_nrf52840_express/obj/src/class/midi/midi_device.o
LOAD _build/feather_nrf52840_express/obj/src/class/msc/msc_device.o
LOAD _build/feather_nrf52840_express/obj/src/class/net/ecm_rndis_device.o
LOAD _build/feather_nrf52840_express/obj/src/class/net/ncm_device.o
LOAD _build/feather_nrf52840_express/obj/src/class/usbtmc/usbtmc_device.o
LOAD _build/feather_nrf52840_express/obj/src/class/video/video_device.o
LOAD _build/feather_nrf52840_express/obj/src/class/vendor/vendor_device.o
LOAD _build/feather_nrf52840_express/obj/src/host/usbh.o
LOAD _build/feather_nrf52840_express/obj/src/host/hub.o
LOAD _build/feather_nrf52840_express/obj/src/class/cdc/cdc_host.o
LOAD _build/feather_nrf52840_express/obj/src/class/hid/hid_host.o
LOAD _build/feather_nrf52840_express/obj/src/class/midi/midi_host.o
LOAD _build/feather_nrf52840_express/obj/src/class/msc/msc_host.o
LOAD _build/feather_nrf52840_express/obj/src/class/vendor/vendor_host.o
LOAD _build/feather_nrf52840_express/obj/hw/bsp/board.o
LOAD _build/feather_nrf52840_express/obj/src/portable/analog/max3421/hcd_max3421.o
LOAD _build/feather_nrf52840_express/obj/examples/device/cdc_msc/src/main.o
LOAD _build/feather_nrf52840_express/obj/examples/device/cdc_msc/src/msc_disk.o
LOAD _build/feather_nrf52840_express/obj/examples/device/cdc_msc/src/usb_descriptors.o
LOAD _build/feather_nrf52840_express/obj/examples/device/cdc_msc/../../../../receiver/urf/urf_radio.o
LOAD _build/feather_nrf52840_express/obj/examples/device/cdc_msc/../../../../receiver/urf/urf_timer.o
LOAD _build/feather_nrf52840_express/obj/examples/device/cdc_msc/../../../../receiver/urf/urf_star_protocol.o
START GROUP
LOAD c:/program files (x86)/gnu arm embedded toolchain/9 2020-q2-update/bin/../lib/gcc/arm-none-eabi/9.3.1/thumb/v7e-m+fp/hard\libgcc.a
LOAD c:/program files (x86)/gnu arm embedded toolchain/9 2020-q2-update/bin/../lib/gcc/arm-none-eabi/9.3.1/../../../../arm-none-eabi/lib/thumb/v7e-m+fp/hard\libm.a
LOAD c:/program files (x86)/gnu arm embedded toolchain/9 2020-q2-update/bin/../lib/gcc/arm-none-eabi/9.3.1/../../../../arm-none-eabi/lib/thumb/v7e-m+fp/hard\libnosys.a
LOAD c:/program files (x86)/gnu arm embedded toolchain/9 2020-q2-update/bin/../lib/gcc/arm-none-eabi/9.3.1/../../../../arm-none-eabi/lib/thumb/v7e-m+fp/hard\libc_nano.a
END GROUP
START GROUP
LOAD c:/program files (x86)/gnu arm embedded toolchain/9 2020-q2-update/bin/../lib/gcc/arm-none-eabi/9.3.1/thumb/v7e-m+fp/hard\libgcc.a
LOAD c:/program files (x86)/gnu arm embedded toolchain/9 2020-q2-update/bin/../lib/gcc/arm-none-eabi/9.3.1/../../../../arm-none-eabi/lib/thumb/v7e-m+fp/hard\libg_nano.a
LOAD c:/program files (x86)/gnu arm embedded toolchain/9 2020-q2-update/bin/../lib/gcc/arm-none-eabi/9.3.1/../../../../arm-none-eabi/lib/thumb/v7e-m+fp/hard\libc_nano.a
END GROUP
START GROUP
LOAD c:/program files (x86)/gnu arm embedded toolchain/9 2020-q2-update/bin/../lib/gcc/arm-none-eabi/9.3.1/thumb/v7e-m+fp/hard\libgcc.a
LOAD c:/program files (x86)/gnu arm embedded toolchain/9 2020-q2-update/bin/../lib/gcc/arm-none-eabi/9.3.1/../../../../arm-none-eabi/lib/thumb/v7e-m+fp/hard\libc_nano.a
LOAD c:/program files (x86)/gnu arm embedded toolchain/9 2020-q2-update/bin/../lib/gcc/arm-none-eabi/9.3.1/../../../../arm-none-eabi/lib/thumb/v7e-m+fp/hard\libnosys.a
END GROUP
START GROUP
LOAD c:/program files (x86)/gnu arm embedded toolchain/9 2020-q2-update/bin/../lib/gcc/arm-none-eabi/9.3.1/thumb/v7e-m+fp/hard\libgcc.a
LOAD c:/program files (x86)/gnu arm embedded toolchain/9 2020-q2-update/bin/../lib/gcc/arm-none-eabi/9.3.1/../../../../arm-none-eabi/lib/thumb/v7e-m+fp/hard\libc_nano.a
LOAD c:/program files (x86)/gnu arm embedded toolchain/9 2020-q2-update/bin/../lib/gcc/arm-none-eabi/9.3.1/../../../../arm-none-eabi/lib/thumb/v7e-m+fp/hard\libnosys.a
END GROUP
OUTPUT(_build/feather_nrf52840_express/cdc_msc.elf elf32-littlearm)
LOAD linker stubs

.ARM.attributes
                0x00000000       0x30
 .ARM.attributes
                0x00000000       0x20 _build/feather_nrf52840_express/obj/hw/mcu/nordic/nrfx/mdk/gcc_startup_nrf52840_asm.o
 .ARM.attributes
                0x00000020       0x32 C:\Users\PC\AppData\Local\Temp\cdc_msc.elf.qSzZHF.ltrans0.ltrans.o
 .ARM.attributes
                0x00000052       0x34 c:/program files (x86)/gnu arm embedded toolchain/9 2020-q2-update/bin/../lib/gcc/arm-none-eabi/9.3.1/../../../../arm-none-eabi/lib/thumb/v7e-m+fp/hard\libc_nano.a(lib_a-memcpy-stub.o)
 .ARM.attributes
                0x00000086       0x34 c:/program files (x86)/gnu arm embedded toolchain/9 2020-q2-update/bin/../lib/gcc/arm-none-eabi/9.3.1/../../../../arm-none-eabi/lib/thumb/v7e-m+fp/hard\libc_nano.a(lib_a-memset.o)
 .ARM.attributes
                0x000000ba       0x34 c:/program files (x86)/gnu arm embedded toolchain/9 2020-q2-update/bin/../lib/gcc/arm-none-eabi/9.3.1/../../../../arm-none-eabi/lib/thumb/v7e-m+fp/hard\libc_nano.a(lib_a-snprintf.o)
 .ARM.attributes
                0x000000ee       0x17 c:/program files (x86)/gnu arm embedded toolchain/9 2020-q2-update/bin/../lib/gcc/arm-none-eabi/9.3.1/../../../../arm-none-eabi/lib/thumb/v7e-m+fp/hard\libc_nano.a(lib_a-strlen.o)
 .ARM.attributes
                0x00000105       0x32 c:/program files (x86)/gnu arm embedded toolchain/9 2020-q2-update/bin/../lib/gcc/arm-none-eabi/9.3.1/../../../../arm-none-eabi/lib/thumb/v7e-m+fp/hard\libc_nano.a(lib_a-impure.o)
 .ARM.attributes
                0x00000137       0x34 c:/program files (x86)/gnu arm embedded toolchain/9 2020-q2-update/bin/../lib/gcc/arm-none-eabi/9.3.1/../../../../arm-none-eabi/lib/thumb/v7e-m+fp/hard\libc_nano.a(lib_a-nano-svfprintf.o)
 .ARM.attributes
                0x0000016b       0x34 c:/program files (x86)/gnu arm embedded toolchain/9 2020-q2-update/bin/../lib/gcc/arm-none-eabi/9.3.1/../../../../arm-none-eabi/lib/thumb/v7e-m+fp/hard\libc_nano.a(lib_a-nano-vfprintf_i.o)
 .ARM.attributes
                0x0000019f       0x1c c:/program files (x86)/gnu arm embedded toolchain/9 2020-q2-update/bin/../lib/gcc/arm-none-eabi/9.3.1/../../../../arm-none-eabi/lib/thumb/v7e-m+fp/hard\libc_nano.a(lib_a-memchr.o)
 .ARM.attributes
                0x000001bb       0x34 c:/program files (x86)/gnu arm embedded toolchain/9 2020-q2-update/bin/../lib/gcc/arm-none-eabi/9.3.1/../../../../arm-none-eabi/lib/thumb/v7e-m+fp/hard\libc_nano.a(lib_a-memmove.o)
 .ARM.attributes
                0x000001ef       0x34 c:/program files (x86)/gnu arm embedded toolchain/9 2020-q2-update/bin/../lib/gcc/arm-none-eabi/9.3.1/../../../../arm-none-eabi/lib/thumb/v7e-m+fp/hard\libc_nano.a(lib_a-nano-freer.o)
 .ARM.attributes
                0x00000223       0x34 c:/program files (x86)/gnu arm embedded toolchain/9 2020-q2-update/bin/../lib/gcc/arm-none-eabi/9.3.1/../../../../arm-none-eabi/lib/thumb/v7e-m+fp/hard\libc_nano.a(lib_a-nano-mallocr.o)
 .ARM.attributes
                0x00000257       0x34 c:/program files (x86)/gnu arm embedded toolchain/9 2020-q2-update/bin/../lib/gcc/arm-none-eabi/9.3.1/../../../../arm-none-eabi/lib/thumb/v7e-m+fp/hard\libc_nano.a(lib_a-nano-reallocr.o)
 .ARM.attributes
                0x0000028b       0x34 c:/program files (x86)/gnu arm embedded toolchain/9 2020-q2-update/bin/../lib/gcc/arm-none-eabi/9.3.1/../../../../arm-none-eabi/lib/thumb/v7e-m+fp/hard\libc_nano.a(lib_a-sbrkr.o)
 .ARM.attributes
                0x000002bf       0x34 c:/program files (x86)/gnu arm embedded toolchain/9 2020-q2-update/bin/../lib/gcc/arm-none-eabi/9.3.1/../../../../arm-none-eabi/lib/thumb/v7e-m+fp/hard\libc_nano.a(lib_a-mlock.o)
 .ARM.attributes
                0x000002f3       0x34 c:/program files (x86)/gnu arm embedded toolchain/9 2020-q2-update/bin/../lib/gcc/arm-none-eabi/9.3.1/../../../../arm-none-eabi/lib/thumb/v7e-m+fp/hard\libc_nano.a(lib_a-nano-msizer.o)
 .ARM.attributes
                0x00000327       0x34 c:/program files (x86)/gnu arm embedded toolchain/9 2020-q2-update/bin/../lib/gcc/arm-none-eabi/9.3.1/../../../../arm-none-eabi/lib/thumb/v7e-m+fp/hard\libc_nano.a(lib_a-reent.o)
 .ARM.attributes
                0x0000035b       0x34 c:/program files (x86)/gnu arm embedded toolchain/9 2020-q2-update/bin/../lib/gcc/arm-none-eabi/9.3.1/../../../../arm-none-eabi/lib/thumb/v7e-m+fp/hard\libc_nano.a(lib_a-lock.o)
 .ARM.attributes
                0x0000038f       0x34 c:/program files (x86)/gnu arm embedded toolchain/9 2020-q2-update/bin/../lib/gcc/arm-none-eabi/9.3.1/../../../../arm-none-eabi/lib/thumb/v7e-m+fp/hard\libnosys.a(sbrk.o)

.comment        0x00000000       0x4c
 .comment       0x00000000       0x4c C:\Users\PC\AppData\Local\Temp\cdc_msc.elf.qSzZHF.ltrans0.ltrans.o
                                 0x4d (size before relaxing)

.debug_line     0x00000000     0xb6fd
 .debug_line    0x00000000       0xc8 _build/feather_nrf52840_express/obj/hw/mcu/nordic/nrfx/mdk/gcc_startup_nrf52840_asm.o
 .debug_line    0x000000c8     0x7753 C:\Users\PC\AppData\Local\Temp\cdc_msc.elf.qSzZHF.ltrans0.ltrans.o
 .debug_line    0x0000781b      0x392 C:\Users\PC\AppData\Local\Temp\cciytJFX.debug.temp.o
 .debug_line    0x00007bad      0x2f6 C:\Users\PC\AppData\Local\Temp\ccKkQhlJ.debug.temp.o
 .debug_line    0x00007ea3      0x45b C:\Users\PC\AppData\Local\Temp\cc69TGPu.debug.temp.o
 .debug_line    0x000082fe      0x3d0 C:\Users\PC\AppData\Local\Temp\ccoHDXqg.debug.temp.o
 .debug_line    0x000086ce      0x456 C:\Users\PC\AppData\Local\Temp\cc840et2.debug.temp.o
 .debug_line    0x00008b24      0x458 C:\Users\PC\AppData\Local\Temp\cccPqWlO.debug.temp.o
 .debug_line    0x00008f7c      0x1d9 C:\Users\PC\AppData\Local\Temp\ccgdtJqz.debug.temp.o
 .debug_line    0x00009155      0x27e C:\Users\PC\AppData\Local\Temp\ccKcwMmk.debug.temp.o
 .debug_line    0x000093d3      0x38e C:\Users\PC\AppData\Local\Temp\ccMjYGG5.debug.temp.o
 .debug_line    0x00009761      0x24f C:\Users\PC\AppData\Local\Temp\ccK6wFYQ.debug.temp.o
 .debug_line    0x000099b0      0x1e4 C:\Users\PC\AppData\Local\Temp\cc8iiZdG.debug.temp.o
 .debug_line    0x00009b94      0x277 C:\Users\PC\AppData\Local\Temp\ccuKbJev.debug.temp.o
 .debug_line    0x00009e0b      0x22c C:\Users\PC\AppData\Local\Temp\ccmMHpmk.debug.temp.o
 .debug_line    0x0000a037      0x275 C:\Users\PC\AppData\Local\Temp\ccKGzOKN.debug.temp.o
 .debug_line    0x0000a2ac      0x273 C:\Users\PC\AppData\Local\Temp\ccETKBPR.debug.temp.o
 .debug_line    0x0000a51f      0x1bc C:\Users\PC\AppData\Local\Temp\ccGuMqCu.debug.temp.o
 .debug_line    0x0000a6db      0x35d C:\Users\PC\AppData\Local\Temp\ccYJ9lhe.debug.temp.o
 .debug_line    0x0000aa38      0x204 C:\Users\PC\AppData\Local\Temp\ccUPItW5.debug.temp.o
 .debug_line    0x0000ac3c      0x29e C:\Users\PC\AppData\Local\Temp\cc2LLiGX.debug.temp.o
 .debug_line    0x0000aeda      0x31a C:\Users\PC\AppData\Local\Temp\ccaM4MFO.debug.temp.o
 .debug_line    0x0000b1f4      0x288 C:\Users\PC\AppData\Local\Temp\ccmixOrF.debug.temp.o
 .debug_line    0x0000b47c      0x281 C:\Users\PC\AppData\Local\Temp\ccSk3piw.debug.temp.o

.debug_info     0x00000000    0x31de7
 .debug_info    0x00000000       0x26 _build/feather_nrf52840_express/obj/hw/mcu/nordic/nrfx/mdk/gcc_startup_nrf52840_asm.o
 .debug_info    0x00000026     0xce29 C:\Users\PC\AppData\Local\Temp\cdc_msc.elf.qSzZHF.ltrans0.ltrans.o
 .debug_info    0x0000ce4f     0x28aa C:\Users\PC\AppData\Local\Temp\cciytJFX.debug.temp.o
                0x0000ce4f                dcd_nrf5x.c.7cba6949
 .debug_info    0x0000f6f9      0xb5e C:\Users\PC\AppData\Local\Temp\ccKkQhlJ.debug.temp.o
                0x0000f6f9                nrfx_flag32_allocator.c.1bdc7974
 .debug_info    0x00010257     0x38c1 C:\Users\PC\AppData\Local\Temp\cc69TGPu.debug.temp.o
                0x00010257                nrfx_gpiote.c.a91753ed
 .debug_info    0x00013b18     0x1df6 C:\Users\PC\AppData\Local\Temp\ccoHDXqg.debug.temp.o
                0x00013b18                nrfx_power.c.1d3a8ab8
 .debug_info    0x0001590e     0x2b57 C:\Users\PC\AppData\Local\Temp\cc840et2.debug.temp.o
                0x0001590e                nrfx_spim.c.d215549a
 .debug_info    0x00018465     0x3a6f C:\Users\PC\AppData\Local\Temp\cccPqWlO.debug.temp.o
                0x00018465                nrfx_uarte.c.b1ee2a11
 .debug_info    0x0001bed4     0x1577 C:\Users\PC\AppData\Local\Temp\ccgdtJqz.debug.temp.o
                0x0001bed4                system_nrf52840.c.2a70f9c1
 .debug_info    0x0001d44b      0xf14 C:\Users\PC\AppData\Local\Temp\ccKcwMmk.debug.temp.o
                0x0001d44b                nrfx_atomic.c.c163ff22
 .debug_info    0x0001e35f     0x27e7 C:\Users\PC\AppData\Local\Temp\ccMjYGG5.debug.temp.o
                0x0001e35f                family.c.a8845745
 .debug_info    0x00020b46     0x168e C:\Users\PC\AppData\Local\Temp\ccK6wFYQ.debug.temp.o
                0x00020b46                tusb.c.494e4046
 .debug_info    0x000221d4     0x1282 C:\Users\PC\AppData\Local\Temp\cc8iiZdG.debug.temp.o
                0x000221d4                tusb_fifo.c.631b30c5
 .debug_info    0x00023456     0x2682 C:\Users\PC\AppData\Local\Temp\ccuKbJev.debug.temp.o
                0x00023456                usbd.c.07fbb5be
 .debug_info    0x00025ad8      0xe89 C:\Users\PC\AppData\Local\Temp\ccmMHpmk.debug.temp.o
                0x00025ad8                usbd_control.c.fdeb44eb
 .debug_info    0x00026961     0x19e1 C:\Users\PC\AppData\Local\Temp\ccKGzOKN.debug.temp.o
                0x00026961                cdc_device.c.b52f78c4
 .debug_info    0x00028342     0x211a C:\Users\PC\AppData\Local\Temp\ccETKBPR.debug.temp.o
                0x00028342                msc_device.c.f759745f
 .debug_info    0x0002a45c      0x9ff C:\Users\PC\AppData\Local\Temp\ccGuMqCu.debug.temp.o
                0x0002a45c                board.c.cb9f69d1
 .debug_info    0x0002ae5b     0x100b C:\Users\PC\AppData\Local\Temp\ccYJ9lhe.debug.temp.o
                0x0002ae5b                main.c.cf4ec20a
 .debug_info    0x0002be66      0xe01 C:\Users\PC\AppData\Local\Temp\ccUPItW5.debug.temp.o
                0x0002be66                msc_disk.c.e2146842
 .debug_info    0x0002cc67      0xf7f C:\Users\PC\AppData\Local\Temp\cc2LLiGX.debug.temp.o
                0x0002cc67                usb_descriptors.c.33d7dc15
 .debug_info    0x0002dbe6     0x19d3 C:\Users\PC\AppData\Local\Temp\ccaM4MFO.debug.temp.o
                0x0002dbe6                urf_radio.c.8bb0b988
 .debug_info    0x0002f5b9     0x12e1 C:\Users\PC\AppData\Local\Temp\ccmixOrF.debug.temp.o
                0x0002f5b9                urf_timer.c.e129a1a1
 .debug_info    0x0003089a     0x154d C:\Users\PC\AppData\Local\Temp\ccSk3piw.debug.temp.o
                0x0003089a                urf_star_protocol.c.b221edd3

.debug_abbrev   0x00000000     0x476a
 .debug_abbrev  0x00000000       0x14 _build/feather_nrf52840_express/obj/hw/mcu/nordic/nrfx/mdk/gcc_startup_nrf52840_asm.o
 .debug_abbrev  0x00000014      0x3d2 C:\Users\PC\AppData\Local\Temp\cdc_msc.elf.qSzZHF.ltrans0.ltrans.o
 .debug_abbrev  0x000003e6      0x3fc C:\Users\PC\AppData\Local\Temp\cciytJFX.debug.temp.o
 .debug_abbrev  0x000007e2      0x249 C:\Users\PC\AppData\Local\Temp\ccKkQhlJ.debug.temp.o
 .debug_abbrev  0x00000a2b      0x366 C:\Users\PC\AppData\Local\Temp\cc69TGPu.debug.temp.o
 .debug_abbrev  0x00000d91      0x3b7 C:\Users\PC\AppData\Local\Temp\ccoHDXqg.debug.temp.o
 .debug_abbrev  0x00001148      0x37c C:\Users\PC\AppData\Local\Temp\cc840et2.debug.temp.o
 .debug_abbrev  0x000014c4      0x35e C:\Users\PC\AppData\Local\Temp\cccPqWlO.debug.temp.o
 .debug_abbrev  0x00001822      0x1df C:\Users\PC\AppData\Local\Temp\ccgdtJqz.debug.temp.o
 .debug_abbrev  0x00001a01      0x243 C:\Users\PC\AppData\Local\Temp\ccKcwMmk.debug.temp.o
 .debug_abbrev  0x00001c44      0x39a C:\Users\PC\AppData\Local\Temp\ccMjYGG5.debug.temp.o
 .debug_abbrev  0x00001fde      0x344 C:\Users\PC\AppData\Local\Temp\ccK6wFYQ.debug.temp.o
 .debug_abbrev  0x00002322      0x2cd C:\Users\PC\AppData\Local\Temp\cc8iiZdG.debug.temp.o
 .debug_abbrev  0x000025ef      0x3c5 C:\Users\PC\AppData\Local\Temp\ccuKbJev.debug.temp.o
 .debug_abbrev  0x000029b4      0x305 C:\Users\PC\AppData\Local\Temp\ccmMHpmk.debug.temp.o
 .debug_abbrev  0x00002cb9      0x3d5 C:\Users\PC\AppData\Local\Temp\ccKGzOKN.debug.temp.o
 .debug_abbrev  0x0000308e      0x441 C:\Users\PC\AppData\Local\Temp\ccETKBPR.debug.temp.o
 .debug_abbrev  0x000034cf      0x219 C:\Users\PC\AppData\Local\Temp\ccGuMqCu.debug.temp.o
 .debug_abbrev  0x000036e8      0x2a6 C:\Users\PC\AppData\Local\Temp\ccYJ9lhe.debug.temp.o
 .debug_abbrev  0x0000398e      0x258 C:\Users\PC\AppData\Local\Temp\ccUPItW5.debug.temp.o
 .debug_abbrev  0x00003be6      0x26f C:\Users\PC\AppData\Local\Temp\cc2LLiGX.debug.temp.o
 .debug_abbrev  0x00003e55      0x367 C:\Users\PC\AppData\Local\Temp\ccaM4MFO.debug.temp.o
 .debug_abbrev  0x000041bc      0x2d5 C:\Users\PC\AppData\Local\Temp\ccmixOrF.debug.temp.o
 .debug_abbrev  0x00004491      0x2d9 C:\Users\PC\AppData\Local\Temp\ccSk3piw.debug.temp.o

.debug_aranges  0x00000000      0x2f8
 .debug_aranges
                0x00000000       0x20 _build/feather_nrf52840_express/obj/hw/mcu/nordic/nrfx/mdk/gcc_startup_nrf52840_asm.o
 .debug_aranges
                0x00000020      0x2d8 C:\Users\PC\AppData\Local\Temp\cdc_msc.elf.qSzZHF.ltrans0.ltrans.o

.debug_str      0x00000000     0xb31f
 .debug_str     0x00000000       0x86 _build/feather_nrf52840_express/obj/hw/mcu/nordic/nrfx/mdk/gcc_startup_nrf52840_asm.o
 .debug_str     0x00000086      0x2aa C:\Users\PC\AppData\Local\Temp\cdc_msc.elf.qSzZHF.ltrans0.ltrans.o
                                0x2f6 (size before relaxing)
 .debug_str     0x00000330     0x1a42 C:\Users\PC\AppData\Local\Temp\cciytJFX.debug.temp.o
                               0x1c5f (size before relaxing)
 .debug_str     0x00001d72      0x288 C:\Users\PC\AppData\Local\Temp\ccKkQhlJ.debug.temp.o
                                0x870 (size before relaxing)
 .debug_str     0x00001ffa     0x1a80 C:\Users\PC\AppData\Local\Temp\cc69TGPu.debug.temp.o
                               0x2786 (size before relaxing)
 .debug_str     0x00003a7a      0xbfa C:\Users\PC\AppData\Local\Temp\ccoHDXqg.debug.temp.o
                               0x19c8 (size before relaxing)
 .debug_str     0x00004674      0xca4 C:\Users\PC\AppData\Local\Temp\cc840et2.debug.temp.o
                               0x1e51 (size before relaxing)
 .debug_str     0x00005318     0x146d C:\Users\PC\AppData\Local\Temp\cccPqWlO.debug.temp.o
                               0x2777 (size before relaxing)
 .debug_str     0x00006785      0x3e7 C:\Users\PC\AppData\Local\Temp\ccgdtJqz.debug.temp.o
                                0x995 (size before relaxing)
 .debug_str     0x00006b6c      0x271 C:\Users\PC\AppData\Local\Temp\ccKcwMmk.debug.temp.o
                                0x84f (size before relaxing)
 .debug_str     0x00006ddd      0x14f C:\Users\PC\AppData\Local\Temp\ccMjYGG5.debug.temp.o
                               0x1b0b (size before relaxing)
 .debug_str     0x00006f2c      0x67e C:\Users\PC\AppData\Local\Temp\ccK6wFYQ.debug.temp.o
                                0xefa (size before relaxing)
 .debug_str     0x000075aa      0x2e3 C:\Users\PC\AppData\Local\Temp\cc8iiZdG.debug.temp.o
                                0x92c (size before relaxing)
 .debug_str     0x0000788d      0x960 C:\Users\PC\AppData\Local\Temp\ccuKbJev.debug.temp.o
                               0x1930 (size before relaxing)
 .debug_str     0x000081ed      0x19c C:\Users\PC\AppData\Local\Temp\ccmMHpmk.debug.temp.o
                                0x97f (size before relaxing)
 .debug_str     0x00008389      0xdb1 C:\Users\PC\AppData\Local\Temp\ccKGzOKN.debug.temp.o
                               0x1a05 (size before relaxing)
 .debug_str     0x0000913a      0xb01 C:\Users\PC\AppData\Local\Temp\ccETKBPR.debug.temp.o
                               0x1a6e (size before relaxing)
 .debug_str     0x00009c3b       0x5e C:\Users\PC\AppData\Local\Temp\ccGuMqCu.debug.temp.o
                                0x60d (size before relaxing)
 .debug_str     0x00009c99      0x142 C:\Users\PC\AppData\Local\Temp\ccYJ9lhe.debug.temp.o
                                0x9b6 (size before relaxing)
 .debug_str     0x00009ddb      0x101 C:\Users\PC\AppData\Local\Temp\ccUPItW5.debug.temp.o
                                0x9cb (size before relaxing)
 .debug_str     0x00009edc      0x72b C:\Users\PC\AppData\Local\Temp\cc2LLiGX.debug.temp.o
                               0x13fb (size before relaxing)
 .debug_str     0x0000a607      0x700 C:\Users\PC\AppData\Local\Temp\ccaM4MFO.debug.temp.o
                               0x11cb (size before relaxing)
 .debug_str     0x0000ad07      0x305 C:\Users\PC\AppData\Local\Temp\ccmixOrF.debug.temp.o
                                0xd39 (size before relaxing)
 .debug_str     0x0000b00c      0x313 C:\Users\PC\AppData\Local\Temp\ccSk3piw.debug.temp.o
                                0xcea (size before relaxing)

.debug_loc      0x00000000     0xe334
 .debug_loc     0x00000000     0xe334 C:\Users\PC\AppData\Local\Temp\cdc_msc.elf.qSzZHF.ltrans0.ltrans.o

.debug_ranges   0x00000000     0x37f8
 .debug_ranges  0x00000000     0x37f8 C:\Users\PC\AppData\Local\Temp\cdc_msc.elf.qSzZHF.ltrans0.ltrans.o

.debug_frame    0x00000000      0xd64
 .debug_frame   0x00000000      0x93c C:\Users\PC\AppData\Local\Temp\cdc_msc.elf.qSzZHF.ltrans0.ltrans.o
 .debug_frame   0x0000093c       0x28 c:/program files (x86)/gnu arm embedded toolchain/9 2020-q2-update/bin/../lib/gcc/arm-none-eabi/9.3.1/../../../../arm-none-eabi/lib/thumb/v7e-m+fp/hard\libc_nano.a(lib_a-memcpy-stub.o)
 .debug_frame   0x00000964       0x20 c:/program files (x86)/gnu arm embedded toolchain/9 2020-q2-update/bin/../lib/gcc/arm-none-eabi/9.3.1/../../../../arm-none-eabi/lib/thumb/v7e-m+fp/hard\libc_nano.a(lib_a-memset.o)
 .debug_frame   0x00000984       0x7c c:/program files (x86)/gnu arm embedded toolchain/9 2020-q2-update/bin/../lib/gcc/arm-none-eabi/9.3.1/../../../../arm-none-eabi/lib/thumb/v7e-m+fp/hard\libc_nano.a(lib_a-snprintf.o)
 .debug_frame   0x00000a00       0x90 c:/program files (x86)/gnu arm embedded toolchain/9 2020-q2-update/bin/../lib/gcc/arm-none-eabi/9.3.1/../../../../arm-none-eabi/lib/thumb/v7e-m+fp/hard\libc_nano.a(lib_a-nano-svfprintf.o)
 .debug_frame   0x00000a90       0x60 c:/program files (x86)/gnu arm embedded toolchain/9 2020-q2-update/bin/../lib/gcc/arm-none-eabi/9.3.1/../../../../arm-none-eabi/lib/thumb/v7e-m+fp/hard\libc_nano.a(lib_a-nano-vfprintf_i.o)
 .debug_frame   0x00000af0       0x28 c:/program files (x86)/gnu arm embedded toolchain/9 2020-q2-update/bin/../lib/gcc/arm-none-eabi/9.3.1/../../../../arm-none-eabi/lib/thumb/v7e-m+fp/hard\libc_nano.a(lib_a-memmove.o)
 .debug_frame   0x00000b18       0x38 c:/program files (x86)/gnu arm embedded toolchain/9 2020-q2-update/bin/../lib/gcc/arm-none-eabi/9.3.1/../../../../arm-none-eabi/lib/thumb/v7e-m+fp/hard\libc_nano.a(lib_a-nano-freer.o)
 .debug_frame   0x00000b50       0x30 c:/program files (x86)/gnu arm embedded toolchain/9 2020-q2-update/bin/../lib/gcc/arm-none-eabi/9.3.1/../../../../arm-none-eabi/lib/thumb/v7e-m+fp/hard\libc_nano.a(lib_a-nano-mallocr.o)
 .debug_frame   0x00000b80       0x3c c:/program files (x86)/gnu arm embedded toolchain/9 2020-q2-update/bin/../lib/gcc/arm-none-eabi/9.3.1/../../../../arm-none-eabi/lib/thumb/v7e-m+fp/hard\libc_nano.a(lib_a-nano-reallocr.o)
 .debug_frame   0x00000bbc       0x2c c:/program files (x86)/gnu arm embedded toolchain/9 2020-q2-update/bin/../lib/gcc/arm-none-eabi/9.3.1/../../../../arm-none-eabi/lib/thumb/v7e-m+fp/hard\libc_nano.a(lib_a-sbrkr.o)
 .debug_frame   0x00000be8       0x30 c:/program files (x86)/gnu arm embedded toolchain/9 2020-q2-update/bin/../lib/gcc/arm-none-eabi/9.3.1/../../../../arm-none-eabi/lib/thumb/v7e-m+fp/hard\libc_nano.a(lib_a-mlock.o)
 .debug_frame   0x00000c18       0x20 c:/program files (x86)/gnu arm embedded toolchain/9 2020-q2-update/bin/../lib/gcc/arm-none-eabi/9.3.1/../../../../arm-none-eabi/lib/thumb/v7e-m+fp/hard\libc_nano.a(lib_a-nano-msizer.o)
 .debug_frame   0x00000c38       0x5c c:/program files (x86)/gnu arm embedded toolchain/9 2020-q2-update/bin/../lib/gcc/arm-none-eabi/9.3.1/../../../../arm-none-eabi/lib/thumb/v7e-m+fp/hard\libc_nano.a(lib_a-reent.o)
 .debug_frame   0x00000c94       0xb0 c:/program files (x86)/gnu arm embedded toolchain/9 2020-q2-update/bin/../lib/gcc/arm-none-eabi/9.3.1/../../../../arm-none-eabi/lib/thumb/v7e-m+fp/hard\libc_nano.a(lib_a-lock.o)
 .debug_frame   0x00000d44       0x20 c:/program files (x86)/gnu arm embedded toolchain/9 2020-q2-update/bin/../lib/gcc/arm-none-eabi/9.3.1/../../../../arm-none-eabi/lib/thumb/v7e-m+fp/hard\libnosys.a(sbrk.o)

Cross Reference Table

Symbol                                            File
AAR_CCM_IRQHandler                                _build/feather_nrf52840_express/obj/hw/mcu/nordic/nrfx/mdk/gcc_startup_nrf52840_asm.o
BusFault_Handler                                  _build/feather_nrf52840_express/obj/hw/mcu/nordic/nrfx/mdk/gcc_startup_nrf52840_asm.o
CLOCK_POWER_IRQHandler                            C:\Users\PC\AppData\Local\Temp\cdc_msc.elf.qSzZHF.ltrans0.ltrans.o
                                                  _build/feather_nrf52840_express/obj/hw/mcu/nordic/nrfx/drivers/src/nrfx_power.o (symbol from plugin)
                                                  _build/feather_nrf52840_express/obj/hw/mcu/nordic/nrfx/mdk/gcc_startup_nrf52840_asm.o
COMP_LPCOMP_IRQHandler                            _build/feather_nrf52840_express/obj/hw/mcu/nordic/nrfx/mdk/gcc_startup_nrf52840_asm.o
CRYPTOCELL_IRQHandler                             _build/feather_nrf52840_express/obj/hw/mcu/nordic/nrfx/mdk/gcc_startup_nrf52840_asm.o
DebugMon_Handler                                  _build/feather_nrf52840_express/obj/hw/mcu/nordic/nrfx/mdk/gcc_startup_nrf52840_asm.o
Default_Handler                                   _build/feather_nrf52840_express/obj/hw/mcu/nordic/nrfx/mdk/gcc_startup_nrf52840_asm.o
ECB_IRQHandler                                    _build/feather_nrf52840_express/obj/hw/mcu/nordic/nrfx/mdk/gcc_startup_nrf52840_asm.o
EGU0_SWI0_IRQHandler                              _build/feather_nrf52840_express/obj/hw/mcu/nordic/nrfx/mdk/gcc_startup_nrf52840_asm.o
EGU1_SWI1_IRQHandler                              _build/feather_nrf52840_express/obj/hw/mcu/nordic/nrfx/mdk/gcc_startup_nrf52840_asm.o
EGU2_SWI2_IRQHandler                              _build/feather_nrf52840_express/obj/hw/mcu/nordic/nrfx/mdk/gcc_startup_nrf52840_asm.o
EGU3_SWI3_IRQHandler                              _build/feather_nrf52840_express/obj/hw/mcu/nordic/nrfx/mdk/gcc_startup_nrf52840_asm.o
EGU4_SWI4_IRQHandler                              _build/feather_nrf52840_express/obj/hw/mcu/nordic/nrfx/mdk/gcc_startup_nrf52840_asm.o
EGU5_SWI5_IRQHandler                              _build/feather_nrf52840_express/obj/hw/mcu/nordic/nrfx/mdk/gcc_startup_nrf52840_asm.o
FPU_IRQHandler                                    _build/feather_nrf52840_express/obj/hw/mcu/nordic/nrfx/mdk/gcc_startup_nrf52840_asm.o
GPIOTE_IRQHandler                                 C:\Users\PC\AppData\Local\Temp\cdc_msc.elf.qSzZHF.ltrans0.ltrans.o
                                                  _build/feather_nrf52840_express/obj/hw/mcu/nordic/nrfx/drivers/src/nrfx_gpiote.o (symbol from plugin)
                                                  _build/feather_nrf52840_express/obj/hw/mcu/nordic/nrfx/mdk/gcc_startup_nrf52840_asm.o
HardFault_Handler                                 _build/feather_nrf52840_express/obj/hw/mcu/nordic/nrfx/mdk/gcc_startup_nrf52840_asm.o
I2S_IRQHandler                                    _build/feather_nrf52840_express/obj/hw/mcu/nordic/nrfx/mdk/gcc_startup_nrf52840_asm.o
MWU_IRQHandler                                    _build/feather_nrf52840_express/obj/hw/mcu/nordic/nrfx/mdk/gcc_startup_nrf52840_asm.o
MemoryManagement_Handler                          _build/feather_nrf52840_express/obj/hw/mcu/nordic/nrfx/mdk/gcc_startup_nrf52840_asm.o
NFCT_IRQHandler                                   _build/feather_nrf52840_express/obj/hw/mcu/nordic/nrfx/mdk/gcc_startup_nrf52840_asm.o
NMI_Handler                                       _build/feather_nrf52840_express/obj/hw/mcu/nordic/nrfx/mdk/gcc_startup_nrf52840_asm.o
PDM_IRQHandler                                    _build/feather_nrf52840_express/obj/hw/mcu/nordic/nrfx/mdk/gcc_startup_nrf52840_asm.o
PWM0_IRQHandler                                   _build/feather_nrf52840_express/obj/hw/mcu/nordic/nrfx/mdk/gcc_startup_nrf52840_asm.o
PWM1_IRQHandler                                   _build/feather_nrf52840_express/obj/hw/mcu/nordic/nrfx/mdk/gcc_startup_nrf52840_asm.o
PWM2_IRQHandler                                   _build/feather_nrf52840_express/obj/hw/mcu/nordic/nrfx/mdk/gcc_startup_nrf52840_asm.o
PWM3_IRQHandler                                   _build/feather_nrf52840_express/obj/hw/mcu/nordic/nrfx/mdk/gcc_startup_nrf52840_asm.o
PendSV_Handler                                    _build/feather_nrf52840_express/obj/hw/mcu/nordic/nrfx/mdk/gcc_startup_nrf52840_asm.o
QDEC_IRQHandler                                   _build/feather_nrf52840_express/obj/hw/mcu/nordic/nrfx/mdk/gcc_startup_nrf52840_asm.o
QSPI_IRQHandler                                   _build/feather_nrf52840_express/obj/hw/mcu/nordic/nrfx/mdk/gcc_startup_nrf52840_asm.o
RADIO_IRQHandler                                  C:\Users\PC\AppData\Local\Temp\cdc_msc.elf.qSzZHF.ltrans0.ltrans.o
                                                  _build/feather_nrf52840_express/obj/examples/device/cdc_msc/../../../../receiver/urf/urf_radio.o (symbol from plugin)
                                                  _build/feather_nrf52840_express/obj/hw/mcu/nordic/nrfx/mdk/gcc_startup_nrf52840_asm.o
RNG_IRQHandler                                    _build/feather_nrf52840_express/obj/hw/mcu/nordic/nrfx/mdk/gcc_startup_nrf52840_asm.o
RTC0_IRQHandler                                   _build/feather_nrf52840_express/obj/hw/mcu/nordic/nrfx/mdk/gcc_startup_nrf52840_asm.o
RTC1_IRQHandler                                   _build/feather_nrf52840_express/obj/hw/mcu/nordic/nrfx/mdk/gcc_startup_nrf52840_asm.o
RTC2_IRQHandler                                   _build/feather_nrf52840_express/obj/hw/mcu/nordic/nrfx/mdk/gcc_startup_nrf52840_asm.o
Reset_Handler                                     _build/feather_nrf52840_express/obj/hw/mcu/nordic/nrfx/mdk/gcc_startup_nrf52840_asm.o
SAADC_IRQHandler                                  _build/feather_nrf52840_express/obj/hw/mcu/nordic/nrfx/mdk/gcc_startup_nrf52840_asm.o
SPI0_SPIM0_SPIS0_TWI0_TWIM0_TWIS0_IRQHandler      _build/feather_nrf52840_express/obj/hw/mcu/nordic/nrfx/mdk/gcc_startup_nrf52840_asm.o
SPI1_SPIM1_SPIS1_TWI1_TWIM1_TWIS1_IRQHandler      C:\Users\PC\AppData\Local\Temp\cdc_msc.elf.qSzZHF.ltrans0.ltrans.o
                                                  _build/feather_nrf52840_express/obj/hw/mcu/nordic/nrfx/drivers/src/nrfx_spim.o (symbol from plugin)
                                                  _build/feather_nrf52840_express/obj/hw/mcu/nordic/nrfx/mdk/gcc_startup_nrf52840_asm.o
SPI2_SPIM2_SPIS2_IRQHandler                       _build/feather_nrf52840_express/obj/hw/mcu/nordic/nrfx/mdk/gcc_startup_nrf52840_asm.o
SPIM3_IRQHandler                                  _build/feather_nrf52840_express/obj/hw/mcu/nordic/nrfx/mdk/gcc_startup_nrf52840_asm.o
SVC_Handler                                       _build/feather_nrf52840_express/obj/hw/mcu/nordic/nrfx/mdk/gcc_startup_nrf52840_asm.o
SysTick_Handler                                   C:\Users\PC\AppData\Local\Temp\cdc_msc.elf.qSzZHF.ltrans0.ltrans.o
                                                  _build/feather_nrf52840_express/obj/hw/bsp/nrf/family.o (symbol from plugin)
                                                  _build/feather_nrf52840_express/obj/hw/mcu/nordic/nrfx/mdk/gcc_startup_nrf52840_asm.o
SystemCoreClock                                   C:\Users\PC\AppData\Local\Temp\cdc_msc.elf.qSzZHF.ltrans0.ltrans.o
                                                  _build/feather_nrf52840_express/obj/hw/mcu/nordic/nrfx/mdk/system_nrf52840.o (symbol from plugin)
                                                  _build/feather_nrf52840_express/obj/hw/bsp/nrf/family.o (symbol from plugin)
SystemCoreClockUpdate                             _build/feather_nrf52840_express/obj/hw/mcu/nordic/nrfx/mdk/system_nrf52840.o (symbol from plugin)
SystemInit                                        C:\Users\PC\AppData\Local\Temp\cdc_msc.elf.qSzZHF.ltrans0.ltrans.o
                                                  _build/feather_nrf52840_express/obj/hw/mcu/nordic/nrfx/mdk/system_nrf52840.o (symbol from plugin)
                                                  _build/feather_nrf52840_express/obj/hw/mcu/nordic/nrfx/mdk/gcc_startup_nrf52840_asm.o
TEMP_IRQHandler                                   _build/feather_nrf52840_express/obj/hw/mcu/nordic/nrfx/mdk/gcc_startup_nrf52840_asm.o
TIMER0_IRQHandler                                 _build/feather_nrf52840_express/obj/hw/mcu/nordic/nrfx/mdk/gcc_startup_nrf52840_asm.o
TIMER1_IRQHandler                                 _build/feather_nrf52840_express/obj/hw/mcu/nordic/nrfx/mdk/gcc_startup_nrf52840_asm.o
TIMER2_IRQHandler                                 C:\Users\PC\AppData\Local\Temp\cdc_msc.elf.qSzZHF.ltrans0.ltrans.o
                                                  _build/feather_nrf52840_express/obj/examples/device/cdc_msc/../../../../receiver/urf/urf_timer.o (symbol from plugin)
                                                  _build/feather_nrf52840_express/obj/hw/mcu/nordic/nrfx/mdk/gcc_startup_nrf52840_asm.o
TIMER3_IRQHandler                                 C:\Users\PC\AppData\Local\Temp\cdc_msc.elf.qSzZHF.ltrans0.ltrans.o
                                                  _build/feather_nrf52840_express/obj/examples/device/cdc_msc/../../../../receiver/urf/urf_timer.o (symbol from plugin)
                                                  _build/feather_nrf52840_express/obj/hw/mcu/nordic/nrfx/mdk/gcc_startup_nrf52840_asm.o
TIMER4_IRQHandler                                 _build/feather_nrf52840_express/obj/hw/mcu/nordic/nrfx/mdk/gcc_startup_nrf52840_asm.o
UART0_UARTE0_IRQHandler                           C:\Users\PC\AppData\Local\Temp\cdc_msc.elf.qSzZHF.ltrans0.ltrans.o
                                                  _build/feather_nrf52840_express/obj/hw/mcu/nordic/nrfx/drivers/src/nrfx_uarte.o (symbol from plugin)
                                                  _build/feather_nrf52840_express/obj/hw/mcu/nordic/nrfx/mdk/gcc_startup_nrf52840_asm.o
UARTE1_IRQHandler                                 _build/feather_nrf52840_express/obj/hw/mcu/nordic/nrfx/mdk/gcc_startup_nrf52840_asm.o
USBD_IRQHandler                                   C:\Users\PC\AppData\Local\Temp\cdc_msc.elf.qSzZHF.ltrans0.ltrans.o
                                                  _build/feather_nrf52840_express/obj/hw/bsp/nrf/family.o (symbol from plugin)
                                                  _build/feather_nrf52840_express/obj/hw/mcu/nordic/nrfx/mdk/gcc_startup_nrf52840_asm.o
UsageFault_Handler                                _build/feather_nrf52840_express/obj/hw/mcu/nordic/nrfx/mdk/gcc_startup_nrf52840_asm.o
WDT_IRQHandler                                    _build/feather_nrf52840_express/obj/hw/mcu/nordic/nrfx/mdk/gcc_startup_nrf52840_asm.o
__HeapBase                                        _build/feather_nrf52840_express/obj/hw/mcu/nordic/nrfx/mdk/gcc_startup_nrf52840_asm.o
__HeapLimit                                       _build/feather_nrf52840_express/obj/hw/mcu/nordic/nrfx/mdk/gcc_startup_nrf52840_asm.o
__StackLimit                                      _build/feather_nrf52840_express/obj/hw/mcu/nordic/nrfx/mdk/gcc_startup_nrf52840_asm.o
__StackTop                                        _build/feather_nrf52840_express/obj/hw/mcu/nordic/nrfx/mdk/gcc_startup_nrf52840_asm.o
__bss_end__                                       _build/feather_nrf52840_express/obj/hw/mcu/nordic/nrfx/mdk/gcc_startup_nrf52840_asm.o
__bss_start__                                     _build/feather_nrf52840_express/obj/hw/mcu/nordic/nrfx/mdk/gcc_startup_nrf52840_asm.o
__data_end                                        _build/feather_nrf52840_express/obj/hw/mcu/nordic/nrfx/mdk/gcc_startup_nrf52840_asm.o
__data_load_start                                 _build/feather_nrf52840_express/obj/hw/mcu/nordic/nrfx/mdk/gcc_startup_nrf52840_asm.o
__data_start                                      _build/feather_nrf52840_express/obj/hw/mcu/nordic/nrfx/mdk/gcc_startup_nrf52840_asm.o
__fast_end                                        _build/feather_nrf52840_express/obj/hw/mcu/nordic/nrfx/mdk/gcc_startup_nrf52840_asm.o
__fast_load_start                                 _build/feather_nrf52840_express/obj/hw/mcu/nordic/nrfx/mdk/gcc_startup_nrf52840_asm.o
__fast_start                                      _build/feather_nrf52840_express/obj/hw/mcu/nordic/nrfx/mdk/gcc_startup_nrf52840_asm.o
__isr_vector                                      _build/feather_nrf52840_express/obj/hw/mcu/nordic/nrfx/mdk/gcc_startup_nrf52840_asm.o
__lock___arc4random_mutex                         c:/program files (x86)/gnu arm embedded toolchain/9 2020-q2-update/bin/../lib/gcc/arm-none-eabi/9.3.1/../../../../arm-none-eabi/lib/thumb/v7e-m+fp/hard\libc_nano.a(lib_a-lock.o)
__lock___at_quick_exit_mutex                      c:/program files (x86)/gnu arm embedded toolchain/9 2020-q2-update/bin/../lib/gcc/arm-none-eabi/9.3.1/../../../../arm-none-eabi/lib/thumb/v7e-m+fp/hard\libc_nano.a(lib_a-lock.o)
__lock___atexit_recursive_mutex                   c:/program files (x86)/gnu arm embedded toolchain/9 2020-q2-update/bin/../lib/gcc/arm-none-eabi/9.3.1/../../../../arm-none-eabi/lib/thumb/v7e-m+fp/hard\libc_nano.a(lib_a-lock.o)
__lock___dd_hash_mutex                            c:/program files (x86)/gnu arm embedded toolchain/9 2020-q2-update/bin/../lib/gcc/arm-none-eabi/9.3.1/../../../../arm-none-eabi/lib/thumb/v7e-m+fp/hard\libc_nano.a(lib_a-lock.o)
__lock___env_recursive_mutex                      c:/program files (x86)/gnu arm embedded toolchain/9 2020-q2-update/bin/../lib/gcc/arm-none-eabi/9.3.1/../../../../arm-none-eabi/lib/thumb/v7e-m+fp/hard\libc_nano.a(lib_a-lock.o)
__lock___malloc_recursive_mutex                   c:/program files (x86)/gnu arm embedded toolchain/9 2020-q2-update/bin/../lib/gcc/arm-none-eabi/9.3.1/../../../../arm-none-eabi/lib/thumb/v7e-m+fp/hard\libc_nano.a(lib_a-lock.o)
                                                  c:/program files (x86)/gnu arm embedded toolchain/9 2020-q2-update/bin/../lib/gcc/arm-none-eabi/9.3.1/../../../../arm-none-eabi/lib/thumb/v7e-m+fp/hard\libc_nano.a(lib_a-mlock.o)
__lock___sfp_recursive_mutex                      c:/program files (x86)/gnu arm embedded toolchain/9 2020-q2-update/bin/../lib/gcc/arm-none-eabi/9.3.1/../../../../arm-none-eabi/lib/thumb/v7e-m+fp/hard\libc_nano.a(lib_a-lock.o)