Archive member included to satisfy reference by file (symbol)

c:/program files (x86)/gnu arm embedded toolchain/9 2020-q2-update/bin/../lib/gcc/arm-none-eabi/9.3.1/../../../../arm-none-eabi/lib/thumb/v7e-m+fp/hard\libc_nano.a(lib_a-memcpy-stub.o)
                              C:\Users\PC\AppData\Local\Temp\cdc_msc.elf.Losynp.ltrans0.ltrans.o (memcpy)
c:/program files (x86)/gnu arm embedded toolchain/9 2020-q2-update/bin/../lib/gcc/arm-none-eabi/9.3.1/../../../../arm-none-eabi/lib/thumb/v7e-m+fp/hard\libc_nano.a(lib_a-memset.o)
                              C:\Users\PC\AppData\Local\Temp\cdc_msc.elf.Losynp.ltrans0.ltrans.o (memset)
c:/program files (x86)/gnu arm embedded toolchain/9 2020-q2-update/bin/../lib/gcc/arm-none-eabi/9.3.1/../../../../arm-none-eabi/lib/thumb/v7e-m+fp/hard\libc_nano.a(lib_a-strlen.o)
                              C:\Users\PC\AppData\Local\Temp\cdc_msc.elf.Losynp.ltrans0.ltrans.o (strlen)

Allocating common symbols
Common symbol       size              file

in_pack             0x100             _build/feather_nrf52840_express/obj/examples/device/cdc_msc/../../../../receiver/urf/urf_star_protocol.o (symbol from plugin)
resp_crc_fail       0x20              _build/feather_nrf52840_express/obj/examples/device/cdc_msc/../../../../receiver/urf/urf_radio.o (symbol from plugin)
buf_pack            0x100             _build/feather_nrf52840_express/obj/examples/device/cdc_msc/../../../../receiver/urf/urf_star_protocol.o (symbol from plugin)
node_list           0x100             _build/feather_nrf52840_express/obj/examples/device/cdc_msc/../../../../receiver/urf/urf_star_protocol.o (symbol from plugin)
nrfx_power_irq_enabled
                    0x1               _build/feather_nrf52840_express/obj/hw/mcu/nordic/nrfx/drivers/src/nrfx_power.o (symbol from plugin)
node_active         0x100             _build/feather_nrf52840_express/obj/examples/device/cdc_msc/../../../../receiver/urf/urf_star_protocol.o (symbol from plugin)
_usbd_qdef_buf      0xc0              _build/feather_nrf52840_express/obj/src/device/usbd.o (symbol from plugin)
data_packet         0x100             _build/feather_nrf52840_express/obj/examples/device/cdc_msc/src/main.o (symbol from plugin)
cur_out_pack        0x100             _build/feather_nrf52840_express/obj/examples/device/cdc_msc/../../../../receiver/urf/urf_star_protocol.o (symbol from plugin)
node_payload        0x200             _build/feather_nrf52840_express/obj/examples/device/cdc_msc/../../../../receiver/urf/urf_star_protocol.o (symbol from plugin)
resp_crc_ok         0x20              _build/feather_nrf52840_express/obj/examples/device/cdc_msc/../../../../receiver/urf/urf_radio.o (symbol from plugin)
tx_packet           0x100             _build/feather_nrf52840_express/obj/examples/device/cdc_msc/../../../../receiver/urf/urf_radio.o (symbol from plugin)
rx_packet           0x100             _build/feather_nrf52840_express/obj/examples/device/cdc_msc/../../../../receiver/urf/urf_radio.o (symbol from plugin)
pack_payload        0x4               _build/feather_nrf52840_express/obj/examples/device/cdc_msc/../../../../receiver/urf/urf_radio.o (symbol from plugin)
node_pack_id        0x40              _build/feather_nrf52840_express/obj/examples/device/cdc_msc/../../../../receiver/urf/urf_star_protocol.o (symbol from plugin)

Discarded input sections

 .data          0x00000000        0x0 _build/feather_nrf52840_express/obj/hw/mcu/nordic/nrfx/mdk/gcc_startup_nrf52840_asm.o
 .bss           0x00000000        0x0 _build/feather_nrf52840_express/obj/hw/mcu/nordic/nrfx/mdk/gcc_startup_nrf52840_asm.o
 .text          0x00000000        0x0 C:\Users\PC\AppData\Local\Temp\cdc_msc.elf.Losynp.ltrans0.ltrans.o
 .data          0x00000000        0x0 C:\Users\PC\AppData\Local\Temp\cdc_msc.elf.Losynp.ltrans0.ltrans.o
 .bss           0x00000000        0x0 C:\Users\PC\AppData\Local\Temp\cdc_msc.elf.Losynp.ltrans0.ltrans.o
 .text.blocking_tx.constprop.0
                0x00000000      0x188 C:\Users\PC\AppData\Local\Temp\cdc_msc.elf.Losynp.ltrans0.ltrans.o
 .text.tud_cdc_rx_cb
                0x00000000        0x2 C:\Users\PC\AppData\Local\Temp\cdc_msc.elf.Losynp.ltrans0.ltrans.o
 .text.tud_cdc_line_state_cb
                0x00000000        0x2 C:\Users\PC\AppData\Local\Temp\cdc_msc.elf.Losynp.ltrans0.ltrans.o
 .text._read    0x00000000        0x6 C:\Users\PC\AppData\Local\Temp\cdc_msc.elf.Losynp.ltrans0.ltrans.o
 .text._write   0x00000000       0x84 C:\Users\PC\AppData\Local\Temp\cdc_msc.elf.Losynp.ltrans0.ltrans.o
 .bss.ms_counter
                0x00000000        0x4 C:\Users\PC\AppData\Local\Temp\cdc_msc.elf.Losynp.ltrans0.ltrans.o
 .bss.phase     0x00000000        0x1 C:\Users\PC\AppData\Local\Temp\cdc_msc.elf.Losynp.ltrans0.ltrans.o
 .bss.s_counter
                0x00000000        0x4 C:\Users\PC\AppData\Local\Temp\cdc_msc.elf.Losynp.ltrans0.ltrans.o
 .bss.timer_on  0x00000000        0x1 C:\Users\PC\AppData\Local\Temp\cdc_msc.elf.Losynp.ltrans0.ltrans.o
[...]
Memory Configuration

Name             Origin             Length             Attributes
FLASH            0x00027000         0x000c7000         xr
RAM              0x20003400         0x0003cc00         xrw
*default*        0x00000000         0xffffffff

Linker script and memory map

                0x00027000                . = ALIGN (ORIGIN (FLASH), 0x4)

.vectors        0x00027000      0x200
                0x00027000                __vectors_start = .
 *(.isr_vector)
 .isr_vector    0x00027000      0x200 _build/feather_nrf52840_express/obj/hw/mcu/nordic/nrfx/mdk/gcc_startup_nrf52840_asm.o
                0x00027000                __isr_vector
 *(.vectors)
                0x00000200                __vectors_size = SIZEOF (.vectors)
                0x00027200                __vectors_end = (__vectors_start + __vectors_size)
                0x00000001                ASSERT (((__vectors_start == __vectors_end) || ((__vectors_end - ORIGIN (FLASH)) <= LENGTH (FLASH))), error: .vectors is too large to fit in FLASH memory segment)
                0x00027200                . = ALIGN (0x4)

.ctors          0x00027200        0x0
                0x00027200                __ctors_start = .
                0x00027200                __CTOR_LIST__ = .
 *crtbegin*.o(.ctors)
 *(EXCLUDE_FILE(*crtend*.o) .ctors)
 *(SORT_BY_NAME(.ctors.*))
 *(.ctors)
                0x00027200                __CTOR_END__ = .
                0x00000000                __ctors_size = SIZEOF (.ctors)
                0x00027200                __ctors_end = (__ctors_start + __ctors_size)
                0x00000001                ASSERT (((__ctors_start == __ctors_end) || ((__ctors_end - ORIGIN (FLASH)) <= LENGTH (FLASH))), error: .ctors is too large to fit in FLASH memory segment)
                0x00027200                . = ALIGN (0x4)

.dtors          0x00027200        0x0
                0x00027200                __dtors_start = .
                0x00027200                __DTOR_LIST__ = .
 *crtbegin*.o(.dtors)
 *(EXCLUDE_FILE(*crtend*.o) .dtors)
 *(SORT_BY_NAME(.dtors.*))
 *(.dtors)
                0x00027200                __DTOR_END__ = .
                0x00000000                __dtors_size = SIZEOF (.dtors)
                0x00027200                __dtors_end = (__dtors_start + __dtors_size)
                0x00000001                ASSERT (((__dtors_start == __dtors_end) || ((__dtors_end - ORIGIN (FLASH)) <= LENGTH (FLASH))), error: .dtors is too large to fit in FLASH memory segment)
                0x00027200                . = ALIGN (0x4)

.rodata         0x00027200      0x164
                0x00027200                . = ALIGN (0x4)
                0x00027200                __rodata_start = .
 *(.rodata*)
 .rodata.mscd_xfer_cb.str1.1
                0x00027200       0x15 C:\Users\PC\AppData\Local\Temp\cdc_msc.elf.Losynp.ltrans0.ltrans.o
 .rodata._start.str1.1
                0x00027215       0x11 C:\Users\PC\AppData\Local\Temp\cdc_msc.elf.Losynp.ltrans0.ltrans.o
 .rodata.str1.1
                0x00027226       0x27 C:\Users\PC\AppData\Local\Temp\cdc_msc.elf.Losynp.ltrans0.ltrans.o
 .rodata.CSWTCH.15
                0x0002724d        0x6 C:\Users\PC\AppData\Local\Temp\cdc_msc.elf.Losynp.ltrans0.ltrans.o
 .rodata.CSWTCH.28
                0x00027253        0x6 C:\Users\PC\AppData\Local\Temp\cdc_msc.elf.Losynp.ltrans0.ltrans.o
 .rodata.CSWTCH.37
                0x00027259        0x6 C:\Users\PC\AppData\Local\Temp\cdc_msc.elf.Losynp.ltrans0.ltrans.o
 .rodata.__compound_literal.0
                0x0002725f        0x2 C:\Users\PC\AppData\Local\Temp\cdc_msc.elf.Losynp.ltrans0.ltrans.o
 .rodata._cdcd_cfg
                0x00027261        0x1 C:\Users\PC\AppData\Local\Temp\cdc_msc.elf.Losynp.ltrans0.ltrans.o
 *fill*         0x00027262        0x2 
 .rodata._usbd_driver
                0x00027264       0x48 C:\Users\PC\AppData\Local\Temp\cdc_msc.elf.Losynp.ltrans0.ltrans.o
 *fill*         0x000272ac        0x4 
 .rodata.delay_machine_code.8584.lto_priv.0
                0x000272b0        0x6 C:\Users\PC\AppData\Local\Temp\cdc_msc.elf.Losynp.ltrans0.ltrans.o
 *fill*         0x000272b6        0xa 
 .rodata.delay_machine_code.8584.lto_priv.1
                0x000272c0        0x6 C:\Users\PC\AppData\Local\Temp\cdc_msc.elf.Losynp.ltrans0.ltrans.o
 .rodata.desc_device
                0x000272c6       0x12 C:\Users\PC\AppData\Local\Temp\cdc_msc.elf.Losynp.ltrans0.ltrans.o
 .rodata.desc_fs_configuration
                0x000272d8       0x62 C:\Users\PC\AppData\Local\Temp\cdc_msc.elf.Losynp.ltrans0.ltrans.o
 .rodata.port_index
                0x0002733a        0x2 C:\Users\PC\AppData\Local\Temp\cdc_msc.elf.Losynp.ltrans0.ltrans.o
 .rodata.port_offset.9842
                0x0002733c       0x10 C:\Users\PC\AppData\Local\Temp\cdc_msc.elf.Losynp.ltrans0.ltrans.o
 .rodata.string_desc_arr
                0x0002734c       0x18 C:\Users\PC\AppData\Local\Temp\cdc_msc.elf.Losynp.ltrans0.ltrans.o
 *(.srodata .srodata.*)
                0x00027364                . = ALIGN (0x4)
                0x00000164                __rodata_size = SIZEOF (.rodata)
                0x00027364                __rodata_end = (__rodata_start + __rodata_size)
                0x00000001                ASSERT (((__rodata_start == __rodata_end) || ((__rodata_end - ORIGIN (FLASH)) <= LENGTH (FLASH))), error: .rodata is too large to fit in FLASH memory segment)
                0x00027364                . = ALIGN (0x4)

.text           0x00027364     0x40c4
                0x00027364                __text_start = .
 *(.startup)
 *(.startup*)
 *(.text*)
 .text          0x00027364       0xc4 _build/feather_nrf52840_express/obj/hw/mcu/nordic/nrfx/mdk/gcc_startup_nrf52840_asm.o
                0x00027364                Reset_Handler
                0x00027414                NMI_Handler
                0x00027416                HardFault_Handler
                0x00027418                MemoryManagement_Handler
                0x0002741a                BusFault_Handler
                0x0002741c                UsageFault_Handler
                0x0002741e                SVC_Handler
                0x00027420                DebugMon_Handler
                0x00027422                PendSV_Handler
                0x00027426                PWM3_IRQHandler
                0x00027426                FPU_IRQHandler
                0x00027426                EGU5_SWI5_IRQHandler
                0x00027426                TEMP_IRQHandler
                0x00027426                TIMER4_IRQHandler
                0x00027426                CRYPTOCELL_IRQHandler
                0x00027426                I2S_IRQHandler
                0x00027426                EGU4_SWI4_IRQHandler
                0x00027426                TIMER0_IRQHandler
                0x00027426                PDM_IRQHandler
                0x00027426                UARTE1_IRQHandler
                0x00027426                TIMER1_IRQHandler
                0x00027426                QDEC_IRQHandler
                0x00027426                PWM2_IRQHandler
                0x00027426                EGU0_SWI0_IRQHandler
                0x00027426                ECB_IRQHandler
                0x00027426                AAR_CCM_IRQHandler
                0x00027426                Default_Handler
                0x00027426                SPI0_SPIM0_SPIS0_TWI0_TWIM0_TWIS0_IRQHandler
                0x00027426                SAADC_IRQHandler
                0x00027426                EGU1_SWI1_IRQHandler
                0x00027426                WDT_IRQHandler
                0x00027426                PWM1_IRQHandler
                0x00027426                RNG_IRQHandler
                0x00027426                RTC2_IRQHandler
                0x00027426                PWM0_IRQHandler
                0x00027426                EGU2_SWI2_IRQHandler
                0x00027426                SPI2_SPIM2_SPIS2_IRQHandler
                0x00027426                RTC1_IRQHandler
                0x00027426                NFCT_IRQHandler
                0x00027426                EGU3_SWI3_IRQHandler
                0x00027426                RTC0_IRQHandler
                0x00027426                MWU_IRQHandler
                0x00027426                SPIM3_IRQHandler
                0x00027426                QSPI_IRQHandler
                0x00027426                COMP_LPCOMP_IRQHandler
 .text.__nrfy_internal_gpiote_events_process.constprop.0
                0x00027428       0x54 C:\Users\PC\AppData\Local\Temp\cdc_msc.elf.Losynp.ltrans0.ltrans.o
 .text.call_handler.constprop.0
                0x0002747c       0x50 C:\Users\PC\AppData\Local\Temp\cdc_msc.elf.Losynp.ltrans0.ltrans.o
 .text.nrf_power_event_get_and_clear.constprop.0
                0x000274cc       0x18 C:\Users\PC\AppData\Local\Temp\cdc_msc.elf.Losynp.ltrans0.ltrans.o
 .text.__nrfy_internal_spim_event_handle.constprop.0
                0x000274e4       0x2a C:\Users\PC\AppData\Local\Temp\cdc_msc.elf.Losynp.ltrans0.ltrans.o
 .text.__nrfy_internal_spim_events_process.constprop.0
                0x0002750e       0x72 C:\Users\PC\AppData\Local\Temp\cdc_msc.elf.Losynp.ltrans0.ltrans.o
 .text.user_handler.constprop.0
                0x00027580       0x24 C:\Users\PC\AppData\Local\Temp\cdc_msc.elf.Losynp.ltrans0.ltrans.o
 .text.user_handler_on_rx_done.constprop.0
                0x000275a4       0x30 C:\Users\PC\AppData\Local\Temp\cdc_msc.elf.Losynp.ltrans0.ltrans.o
 .text.event_check_and_clear.constprop.0
                0x000275d4       0x2e C:\Users\PC\AppData\Local\Temp\cdc_msc.elf.Losynp.ltrans0.ltrans.o
 *fill*         0x00027602        0x2 
 .text.usbd_edpt_release.constprop.0
                0x00027604       0x38 C:\Users\PC\AppData\Local\Temp\cdc_msc.elf.Losynp.ltrans0.ltrans.o
 .text.usbd_edpt_claim.constprop.0
                0x0002763c       0x4c C:\Users\PC\AppData\Local\Temp\cdc_msc.elf.Losynp.ltrans0.ltrans.o
 .text.rf_get_packet.constprop.0
                0x00027688       0x3c C:\Users\PC\AppData\Local\Temp\cdc_msc.elf.Losynp.ltrans0.ltrans.o
 .text.millis   0x000276c4       0x24 C:\Users\PC\AppData\Local\Temp\cdc_msc.elf.Losynp.ltrans0.ltrans.o
 .text.rf_disable
                0x000276e8       0x50 C:\Users\PC\AppData\Local\Temp\cdc_msc.elf.Losynp.ltrans0.ltrans.o
 .text.rf_send_and_listen
                0x00027738       0xc0 C:\Users\PC\AppData\Local\Temp\cdc_msc.elf.Losynp.ltrans0.ltrans.o
 .text.tusb_rhport_init.part.0
                0x000277f8       0x14 C:\Users\PC\AppData\Local\Temp\cdc_msc.elf.Losynp.ltrans0.ltrans.o
 .text.usbd_edpt_open.constprop.0
                0x0002780c      0x184 C:\Users\PC\AppData\Local\Temp\cdc_msc.elf.Losynp.ltrans0.ltrans.o
 .text.usbd_open_edpt_pair.constprop.0
                0x00027990       0x54 C:\Users\PC\AppData\Local\Temp\cdc_msc.elf.Losynp.ltrans0.ltrans.o
 .text.cdcd_deinit
                0x000279e4        0x4 C:\Users\PC\AppData\Local\Temp\cdc_msc.elf.Losynp.ltrans0.ltrans.o
 .text.invoke_class_control.isra.0
                0x000279e8       0x10 C:\Users\PC\AppData\Local\Temp\cdc_msc.elf.Losynp.ltrans0.ltrans.o
 .text.usbd_int_set
                0x000279f8       0x1c C:\Users\PC\AppData\Local\Temp\cdc_msc.elf.Losynp.ltrans0.ltrans.o
 .text.tud_vendor_control_xfer_cb
                0x00027a14        0x4 C:\Users\PC\AppData\Local\Temp\cdc_msc.elf.Losynp.ltrans0.ltrans.o
 .text.tu_fifo_remaining
                0x00027a18       0x24 C:\Users\PC\AppData\Local\Temp\cdc_msc.elf.Losynp.ltrans0.ltrans.o
 .text.tu_fifo_count
                0x00027a3c       0x20 C:\Users\PC\AppData\Local\Temp\cdc_msc.elf.Losynp.ltrans0.ltrans.o
 .text.advance_index
                0x00027a5c       0x18 C:\Users\PC\AppData\Local\Temp\cdc_msc.elf.Losynp.ltrans0.ltrans.o
 .text.board_get_unique_id
                0x00027a74       0x20 C:\Users\PC\AppData\Local\Temp\cdc_msc.elf.Losynp.ltrans0.ltrans.o
 .text.nvmc_wait
                0x00027a94       0x10 C:\Users\PC\AppData\Local\Temp\cdc_msc.elf.Losynp.ltrans0.ltrans.o
 .text.nrf52_errata_166
                0x00027aa4       0x14 C:\Users\PC\AppData\Local\Temp\cdc_msc.elf.Losynp.ltrans0.ltrans.o
 .text.nrf52_errata_89
                0x00027ab8       0x28 C:\Users\PC\AppData\Local\Temp\cdc_msc.elf.Losynp.ltrans0.ltrans.o
 .text.nrf_gpio_pin_port_decode.lto_priv.0
                0x00027ae0       0x20 C:\Users\PC\AppData\Local\Temp\cdc_msc.elf.Losynp.ltrans0.ltrans.o
 .text.nrf_gpio_pin_set.lto_priv.0
                0x00027b00       0x1a C:\Users\PC\AppData\Local\Temp\cdc_msc.elf.Losynp.ltrans0.ltrans.o
 *fill*         0x00027b1a        0x2 
 .text.nrf_gpio_cfg_output.lto_priv.0
                0x00027b1c       0x2c C:\Users\PC\AppData\Local\Temp\cdc_msc.elf.Losynp.ltrans0.ltrans.o
 .text.latch_pending_read_and_check
                0x00027b48       0x44 C:\Users\PC\AppData\Local\Temp\cdc_msc.elf.Losynp.ltrans0.ltrans.o
 .text.nrf_gpio_cfg_sense_set
                0x00027b8c       0x26 C:\Users\PC\AppData\Local\Temp\cdc_msc.elf.Losynp.ltrans0.ltrans.o
 .text.hfclk_running
                0x00027bb2       0x18 C:\Users\PC\AppData\Local\Temp\cdc_msc.elf.Losynp.ltrans0.ltrans.o
 .text._tu_fifo_write_n.constprop.0
                0x00027bca       0xe8 C:\Users\PC\AppData\Local\Temp\cdc_msc.elf.Losynp.ltrans0.ltrans.o
 .text.tu_fifo_write
                0x00027cb2       0x58 C:\Users\PC\AppData\Local\Temp\cdc_msc.elf.Losynp.ltrans0.ltrans.o
 *fill*         0x00027d0a        0x2 
 .text.usbd_defer_func
                0x00027d0c       0x48 C:\Users\PC\AppData\Local\Temp\cdc_msc.elf.Losynp.ltrans0.ltrans.o
 .text.dcd_event_handler
                0x00027d54      0x20c C:\Users\PC\AppData\Local\Temp\cdc_msc.elf.Losynp.ltrans0.ltrans.o
 .text.tusb_hal_nrf_power_event
                0x00027f60      0x200 C:\Users\PC\AppData\Local\Temp\cdc_msc.elf.Losynp.ltrans0.ltrans.o
 .text.power_event_handler
                0x00028160        0x4 C:\Users\PC\AppData\Local\Temp\cdc_msc.elf.Losynp.ltrans0.ltrans.o
 .text.tx_prepare_start
                0x00028164       0x88 C:\Users\PC\AppData\Local\Temp\cdc_msc.elf.Losynp.ltrans0.ltrans.o
 .text.mscd_reset
                0x000281ec       0x10 C:\Users\PC\AppData\Local\Temp\cdc_msc.elf.Losynp.ltrans0.ltrans.o
 .text.mscd_init
                0x000281fc       0x10 C:\Users\PC\AppData\Local\Temp\cdc_msc.elf.Losynp.ltrans0.ltrans.o
 .text.cdcd_reset
                0x0002820c       0x3c C:\Users\PC\AppData\Local\Temp\cdc_msc.elf.Losynp.ltrans0.ltrans.o
 .text.cdcd_init
                0x00028248       0x4c C:\Users\PC\AppData\Local\Temp\cdc_msc.elf.Losynp.ltrans0.ltrans.o
 .text.configuration_reset
                0x00028294       0x88 C:\Users\PC\AppData\Local\Temp\cdc_msc.elf.Losynp.ltrans0.ltrans.o
 .text.start_dma
                0x0002831c       0x34 C:\Users\PC\AppData\Local\Temp\cdc_msc.elf.Losynp.ltrans0.ltrans.o
 .text.xact_out_dma
                0x00028350       0xcc C:\Users\PC\AppData\Local\Temp\cdc_msc.elf.Losynp.ltrans0.ltrans.o
 .text.dcd_edpt_stall.constprop.0
                0x0002841c       0x48 C:\Users\PC\AppData\Local\Temp\cdc_msc.elf.Losynp.ltrans0.ltrans.o
 .text.usbd_edpt_stall.constprop.0
                0x00028464       0x34 C:\Users\PC\AppData\Local\Temp\cdc_msc.elf.Losynp.ltrans0.ltrans.o
 .text.fail_scsi_op.constprop.0
                0x00028498       0x40 C:\Users\PC\AppData\Local\Temp\cdc_msc.elf.Losynp.ltrans0.ltrans.o
 .text.xact_out_dma_wrapper
                0x000284d8        0x6 C:\Users\PC\AppData\Local\Temp\cdc_msc.elf.Losynp.ltrans0.ltrans.o
 *fill*         0x000284de        0x2 
 .text.edpt_dma_start
                0x000284e0       0x54 C:\Users\PC\AppData\Local\Temp\cdc_msc.elf.Losynp.ltrans0.ltrans.o
 .text.xact_in_dma
                0x00028534       0x40 C:\Users\PC\AppData\Local\Temp\cdc_msc.elf.Losynp.ltrans0.ltrans.o
 .text.usbd_edpt_xfer.constprop.0
                0x00028574      0x130 C:\Users\PC\AppData\Local\Temp\cdc_msc.elf.Losynp.ltrans0.ltrans.o
 .text.tud_cdc_n_write_flush.constprop.0
                0x000286a4       0xf0 C:\Users\PC\AppData\Local\Temp\cdc_msc.elf.Losynp.ltrans0.ltrans.o
 .text.usb_send_packet.constprop.0
                0x00028794       0x5c C:\Users\PC\AppData\Local\Temp\cdc_msc.elf.Losynp.ltrans0.ltrans.o
 .text._prep_out_transaction.constprop.0
                0x000287f0       0x58 C:\Users\PC\AppData\Local\Temp\cdc_msc.elf.Losynp.ltrans0.ltrans.o
 .text.cdcd_open
                0x00028848       0x98 C:\Users\PC\AppData\Local\Temp\cdc_msc.elf.Losynp.ltrans0.ltrans.o
 .text.prepare_cbw.constprop.0
                0x000288e0       0x1c C:\Users\PC\AppData\Local\Temp\cdc_msc.elf.Losynp.ltrans0.ltrans.o
 .text.mscd_open
                0x000288fc       0x6c C:\Users\PC\AppData\Local\Temp\cdc_msc.elf.Losynp.ltrans0.ltrans.o
 .text.send_csw.constprop.0
                0x00028968       0x38 C:\Users\PC\AppData\Local\Temp\cdc_msc.elf.Losynp.ltrans0.ltrans.o
 .text.proc_read10_cmd.constprop.0
                0x000289a0       0xc4 C:\Users\PC\AppData\Local\Temp\cdc_msc.elf.Losynp.ltrans0.ltrans.o
 .text.proc_write10_cmd.constprop.0
                0x00028a64       0x3c C:\Users\PC\AppData\Local\Temp\cdc_msc.elf.Losynp.ltrans0.ltrans.o
 .text.mscd_xfer_cb
                0x00028aa0      0x49c C:\Users\PC\AppData\Local\Temp\cdc_msc.elf.Losynp.ltrans0.ltrans.o
 .text.cdcd_xfer_cb
                0x00028f3c       0xf8 C:\Users\PC\AppData\Local\Temp\cdc_msc.elf.Losynp.ltrans0.ltrans.o
 .text.data_stage_xact
                0x00029034       0x54 C:\Users\PC\AppData\Local\Temp\cdc_msc.elf.Losynp.ltrans0.ltrans.o
 .text.tud_control_xfer
                0x00029088       0x6c C:\Users\PC\AppData\Local\Temp\cdc_msc.elf.Losynp.ltrans0.ltrans.o
 .text.tud_control_status
                0x000290f4       0x30 C:\Users\PC\AppData\Local\Temp\cdc_msc.elf.Losynp.ltrans0.ltrans.o
 .text.mscd_control_xfer_cb
                0x00029124       0xfc C:\Users\PC\AppData\Local\Temp\cdc_msc.elf.Losynp.ltrans0.ltrans.o
 .text.cdcd_control_xfer_cb
                0x00029220       0xdc C:\Users\PC\AppData\Local\Temp\cdc_msc.elf.Losynp.ltrans0.ltrans.o
 .text.TIMER3_IRQHandler
                0x000292fc       0x68 C:\Users\PC\AppData\Local\Temp\cdc_msc.elf.Losynp.ltrans0.ltrans.o
                0x000292fc                TIMER3_IRQHandler
 .text.TIMER2_IRQHandler
                0x00029364       0x60 C:\Users\PC\AppData\Local\Temp\cdc_msc.elf.Losynp.ltrans0.ltrans.o
                0x00029364                TIMER2_IRQHandler
 .text.RADIO_IRQHandler
                0x000293c4       0xe0 C:\Users\PC\AppData\Local\Temp\cdc_msc.elf.Losynp.ltrans0.ltrans.o
                0x000293c4                RADIO_IRQHandler
 .text._start   0x000294a4     0x1218 C:\Users\PC\AppData\Local\Temp\cdc_msc.elf.Losynp.ltrans0.ltrans.o
                0x000294a4                _start
 .text.SysTick_Handler
                0x0002a6bc       0x10 C:\Users\PC\AppData\Local\Temp\cdc_msc.elf.Losynp.ltrans0.ltrans.o
                0x0002a6bc                SysTick_Handler
 .text.USBD_IRQHandler
                0x0002a6cc      0x43c C:\Users\PC\AppData\Local\Temp\cdc_msc.elf.Losynp.ltrans0.ltrans.o
                0x0002a6cc                USBD_IRQHandler
 .text.SystemInit
                0x0002ab08      0x1e8 C:\Users\PC\AppData\Local\Temp\cdc_msc.elf.Losynp.ltrans0.ltrans.o
                0x0002ab08                SystemInit
 .text.UART0_UARTE0_IRQHandler
                0x0002acf0      0x400 C:\Users\PC\AppData\Local\Temp\cdc_msc.elf.Losynp.ltrans0.ltrans.o
                0x0002acf0                UART0_UARTE0_IRQHandler
 .text.SPI1_SPIM1_SPIS1_TWI1_TWIM1_TWIS1_IRQHandler
                0x0002b0f0       0xb4 C:\Users\PC\AppData\Local\Temp\cdc_msc.elf.Losynp.ltrans0.ltrans.o
                0x0002b0f0                SPI1_SPIM1_SPIS1_TWI1_TWIM1_TWIS1_IRQHandler
 .text.CLOCK_POWER_IRQHandler
                0x0002b1a4       0x90 C:\Users\PC\AppData\Local\Temp\cdc_msc.elf.Losynp.ltrans0.ltrans.o
                0x0002b1a4                CLOCK_POWER_IRQHandler
 .text.GPIOTE_IRQHandler
                0x0002b234      0x1b8 C:\Users\PC\AppData\Local\Temp\cdc_msc.elf.Losynp.ltrans0.ltrans.o
                0x0002b234                GPIOTE_IRQHandler
 .text.memcpy   0x0002b3ec       0x1c c:/program files (x86)/gnu arm embedded toolchain/9 2020-q2-update/bin/../lib/gcc/arm-none-eabi/9.3.1/../../../../arm-none-eabi/lib/thumb/v7e-m+fp/hard\libc_nano.a(lib_a-memcpy-stub.o)
                0x0002b3ec                memcpy
 .text.memset   0x0002b408       0x10 c:/program files (x86)/gnu arm embedded toolchain/9 2020-q2-update/bin/../lib/gcc/arm-none-eabi/9.3.1/../../../../arm-none-eabi/lib/thumb/v7e-m+fp/hard\libc_nano.a(lib_a-memset.o)
                0x0002b408                memset
 .text          0x0002b418       0x10 c:/program files (x86)/gnu arm embedded toolchain/9 2020-q2-update/bin/../lib/gcc/arm-none-eabi/9.3.1/../../../../arm-none-eabi/lib/thumb/v7e-m+fp/hard\libc_nano.a(lib_a-strlen.o)
                0x0002b418                strlen
                0x0002b428                . = ALIGN (0x4)
 *(.init)
                0x0002b428                . = ALIGN (0x4)
                0x0002b428                __preinit_array_start = .
 *(.preinit_array)
                0x0002b428                __preinit_array_end = .
                0x0002b428                . = ALIGN (0x4)
                0x0002b428                __init_array_start = .
 *(SORT_BY_NAME(.init_array.*))
 *(.init_array)
                0x0002b428                __init_array_end = .
 *(.fini)
                0x0002b428                . = ALIGN (0x4)
                0x0002b428                __fini_array_start = .
 *(.fini_array)
 *(SORT_BY_NAME(.fini_array.*))
                0x0002b428                __fini_array_end = .
                0x0002b428                . = ALIGN (0x4)
 *(.eh_frame*)
                0x0002b428                . = ALIGN (0x4)
 *(.eh_frame_hdr)
                0x0002b428                . = ALIGN (0x4)
 *(.hash)
 *(.gnu.hash)
                0x0002b428                . = ALIGN (0x4)
 *(.gnu_extab* .gnu.linkonce.extab.*)
                0x0002b428                . = ALIGN (0x4)
                0x0002b428                __exidx_start = .
 *(.gnu_exidx* .gnu.linkonce.exidx.*)
                0x0002b428                . = ALIGN (0x4)
                0x0002b428                __exidx_end = .
                0x000040c4                __text_size = SIZEOF (.text)
                0x0002b428                __text_end = (__text_start + __text_size)
                0x00000001                ASSERT (((__text_start == __text_end) || ((__text_end - ORIGIN (FLASH)) <= LENGTH (FLASH))), error: .text is too large to fit in FLASH memory segment)

.glue_7         0x0002b428        0x0
 .glue_7        0x0002b428        0x0 linker stubs

.glue_7t        0x0002b428        0x0
 .glue_7t       0x0002b428        0x0 linker stubs

.vfp11_veneer   0x0002b428        0x0
 .vfp11_veneer  0x0002b428        0x0 linker stubs

.v4_bx          0x0002b428        0x0
 .v4_bx         0x0002b428        0x0 linker stubs

.iplt           0x0002b428        0x0
 .iplt          0x0002b428        0x0 _build/feather_nrf52840_express/obj/hw/mcu/nordic/nrfx/mdk/gcc_startup_nrf52840_asm.o

.rel.dyn        0x0002b428        0x0
 .rel.iplt      0x0002b428        0x0 _build/feather_nrf52840_express/obj/hw/mcu/nordic/nrfx/mdk/gcc_startup_nrf52840_asm.o
                0x0002b428                . = ALIGN (0x4)

.copy.table     0x0002b428       0x30
                0x0002b428                __copy_table_start__ = .
                0x0002b428        0x4 LONG 0x2b470 __data_load_start
                0x0002b42c        0x4 LONG 0x20003400 __data_start
                0x0002b430        0x4 LONG 0x82d ((__data_end - __data_start) / 0x4)
                0x0002b434        0x4 LONG 0x2d524 __sdata_load_start
                0x0002b438        0x4 LONG 0x200054b4 __sdata_start
                0x0002b43c        0x4 LONG 0x0 ((__sdata_end - __sdata_start) / 0x4)
                0x0002b440        0x4 LONG 0x2d524 __tdata_load_start
                0x0002b444        0x4 LONG 0x200054b4 __tdata_start
                0x0002b448        0x4 LONG 0x0 ((__tdata_end - __tdata_start) / 0x4)
                0x0002b44c        0x4 LONG 0x2d524 __fast_load_start
                0x0002b450        0x4 LONG 0x200054b4 __fast_start
                0x0002b454        0x4 LONG 0x0 ((__fast_end - __fast_start) / 0x4)
                0x0002b458                __copy_table_end__ = .
                0x0002b458                . = ALIGN (0x4)

.zero.table     0x0002b458       0x18
                0x0002b458                __zero_table_start__ = .
                0x0002b458        0x4 LONG 0x200054b4 __bss_start
                0x0002b45c        0x4 LONG 0x3c4 ((__bss_end - __bss_start) / 0x4)
                0x0002b460        0x4 LONG 0x200063c4 __sbss_start
                0x0002b464        0x4 LONG 0x0 ((__sbss_end - __sbss_start) / 0x4)
                0x0002b468        0x4 LONG 0x200063c4 __tbss_start
                0x0002b46c        0x4 LONG 0x0 ((__tbss_end - __tbss_start) / 0x4)
                0x0002b470                __zero_table_end__ = .
                0x0002b470                . = ALIGN (0x4)
                0x0002b470                __etext = .
                [!provide]                PROVIDE (etext = .)
                0x0002b470                PROVIDE (_etext = .)
                0x0002b470                . = ALIGN (0x4)
                0x0002b470                __all_data_load_start = .
                0x0002b470                __data_load_start = .

.data           0x20003400     0x20b4 load address 0x0002b470
                0x20003400                . = ALIGN (0x4)
                0x20003400                __data_start = .
                0x20003400                __data_start__ = .
 *(vtable)
 *(.data* .gnu.linkonce.d.*)
 .data.SystemCoreClock
                0x20003400        0x4 C:\Users\PC\AppData\Local\Temp\cdc_msc.elf.Losynp.ltrans0.ltrans.o
                0x20003400                SystemCoreClock
 .data._uart_id
                0x20003404        0x8 C:\Users\PC\AppData\Local\Temp\cdc_msc.elf.Losynp.ltrans0.ltrans.o
 .data._usbd_qdef
                0x2000340c       0x10 C:\Users\PC\AppData\Local\Temp\cdc_msc.elf.Losynp.ltrans0.ltrans.o
 .data._usbd_rhport
                0x2000341c        0x1 C:\Users\PC\AppData\Local\Temp\cdc_msc.elf.Losynp.ltrans0.ltrans.o
 *fill*         0x2000341d        0x3 
 .data.cycle_step_mcs
                0x20003420        0x4 C:\Users\PC\AppData\Local\Temp\cdc_msc.elf.Losynp.ltrans0.ltrans.o
 .data.m_cb.lto_priv.0
                0x20003424       0x8c C:\Users\PC\AppData\Local\Temp\cdc_msc.elf.Losynp.ltrans0.ltrans.o
 .data.msc_disk
                0x200034b0     0x2000 C:\Users\PC\AppData\Local\Temp\cdc_msc.elf.Losynp.ltrans0.ltrans.o
 .data.star_unit_id
                0x200054b0        0x4 C:\Users\PC\AppData\Local\Temp\cdc_msc.elf.Losynp.ltrans0.ltrans.o
                0x200054b4                . = ALIGN (0x4)
 *(.jcr*)
                0x000020b4                __data_size = SIZEOF (.data)
                0x200054b4                __data_end = (__data_start + __data_size)
                0x200054b4                __data_end__ = __data_end
                0x0002d524                __data_load_end = (__data_load_start + __data_size)
                0x00000001                ASSERT (((__data_load_start == __data_load_end) || ((__data_load_end - ORIGIN (FLASH)) <= LENGTH (FLASH))), error: .data is too large to fit in FLASH memory segment)
                0x00000001                ASSERT (((__data_start == __data_end) || ((__data_end - ORIGIN (RAM)) <= LENGTH (RAM))), error: .data is too large to fit in RAM memory segment)

.igot.plt       0x200054b4        0x0 load address 0x0002d524
 .igot.plt      0x200054b4        0x0 _build/feather_nrf52840_express/obj/hw/mcu/nordic/nrfx/mdk/gcc_startup_nrf52840_asm.o
                0x200054b4                . = ALIGN (0x4)

.svc_data       0x200054b4        0x0
                [!provide]                PROVIDE (__start_svc_data = .)
 *(.svc_data)
                [!provide]                PROVIDE (__stop_svc_data = .)

.fs_data        0x200054b4        0x0
                [!provide]                PROVIDE (__start_fs_data = .)
 *(.fs_data)
                [!provide]                PROVIDE (__stop_fs_data = .)
                0x200054b4                . = ALIGN (0x4)
                0x0002d524                __sdata_load_start = ALIGN (__data_load_end, 0x4)

.sdata          0x200054b4        0x0 load address 0x0002d524
                0x200054b4                . = ALIGN (0x4)
                0x200054b4                __sdata_start = .
 *(.sdata .sdata.* .gnu.linkonce.s.*)
 *(.sdata2 .sdata2.* .gnu.linkonce.s2.*)
                0x200054b4                . = ALIGN (0x4)
                0x00000000                __sdata_size = SIZEOF (.sdata)
                0x200054b4                __sdata_end = (__sdata_start + __sdata_size)
                0x0002d524                __sdata_load_end = (__sdata_load_start + __sdata_size)
                0x00000001                ASSERT (((__sdata_load_start == __sdata_load_end) || ((__sdata_load_end - ORIGIN (FLASH)) <= LENGTH (FLASH))), error: .sdata is too large to fit in FLASH memory segment)
                0x00000001                ASSERT (((__sdata_start == __sdata_end) || ((__sdata_end - ORIGIN (RAM)) <= LENGTH (RAM))), error: .sdata is too large to fit in RAM memory segment)
                0x200054b4                . = ALIGN (0x4)
                0x0002d524                __tdata_load_start = ALIGN (__sdata_load_end, 0x4)

.tdata          0x200054b4        0x0 load address 0x0002d524
                0x200054b4                . = ALIGN (0x4)
                0x200054b4                __tdata_start = .
 *(.tdata .tdata.* .gnu.linkonce.td.*)
 *(.stdata .stdata.*)
                0x200054b4                . = ALIGN (0x4)
                0x00000000                __tdata_size = SIZEOF (.tdata)
                0x200054b4                __tdata_end = (__tdata_start + __tdata_size)
                0x0002d524                __tdata_load_end = (__tdata_load_start + __tdata_size)
                0x00000001                ASSERT (((__tdata_load_start == __tdata_load_end) || ((__tdata_load_end - ORIGIN (FLASH)) <= LENGTH (FLASH))), error: .tdata is too large to fit in FLASH memory segment)
                0x00000001                ASSERT (((__tdata_start == __tdata_end) || ((__tdata_end - ORIGIN (RAM)) <= LENGTH (RAM))), error: .tdata is too large to fit in RAM memory segment)
                0x200054b4                . = ALIGN (0x4)
                0x0002d524                __fast_load_start = ALIGN (__tdata_load_end, 0x4)

.fast           0x200054b4        0x0 load address 0x0002d524
                0x200054b4                . = ALIGN (0x4)
                0x200054b4                __fast_start = .
 *(.fast .fast.*)
 *(.fastcode .fastcode.*)
 *(.fastdata .fastdata.*)
 *(.ramcode*)
                0x200054b4                . = ALIGN (0x4)
                0x00000000                __fast_size = SIZEOF (.fast)
                0x200054b4                __fast_end = (__fast_start + __fast_size)
                0x0002d524                __fast_load_end = (__fast_load_start + __fast_size)
                0x00000001                ASSERT (((__fast_load_start == __fast_load_end) || ((__fast_load_end - ORIGIN (FLASH)) <= LENGTH (FLASH))), error: .fast is too large to fit in FLASH memory segment)
                0x00000001                ASSERT (((__fast_start == __fast_end) || ((__fast_end - ORIGIN (RAM)) <= LENGTH (RAM))), error: .fast is too large to fit in RAM memory segment)
                0x200054b4                . = ALIGN (0x4)
                0x200054b4                _edata = .
                [!provide]                PROVIDE (edata = .)
                [!provide]                PROVIDE (__edata = .)
                0x200054b4                . = ALIGN (0x4)

.noinit         0x200054b4        0x0
                0x200054b4                __noinit_start = .
                [!provide]                PROVIDE (__noinit_start__ = .)
 *(.noinit .noinit.*)
 *(.no_init .no_init.*)
 *(.noninit .noninit.*)
 *(.non_init .non_init.*)
                0x200054b4                . = ALIGN (0x4)
                0x00000000                __noinit_size = SIZEOF (.noinit)
                0x200054b4                __noinit_end = (__noinit_start + __noinit_size)
                0x200054b4                __noinit_end__ = __noinit_end
                0x00000001                ASSERT (((__noinit_start == __noinit_end) || ((__noinit_end - ORIGIN (RAM)) <= LENGTH (RAM))), error: .noinit is too large to fit in RAM memory segment)
                0x200054b4                . = ALIGN (0x4)

.bss            0x200054b4      0xf10 load address 0x0002d524
                0x200054b4                __bss_start = .
                0x200054b4                PROVIDE (__bss_start__ = .)
 *(.bss* .gnu.linkonce.b.*)
 .bss._app_driver
                0x200054b4        0x4 C:\Users\PC\AppData\Local\Temp\cdc_msc.elf.Losynp.ltrans0.ltrans.o
 .bss._app_driver_count
                0x200054b8        0x1 C:\Users\PC\AppData\Local\Temp\cdc_msc.elf.Losynp.ltrans0.ltrans.o
 *fill*         0x200054b9        0x3 
 .bss._cdcd_epbuf
                0x200054bc       0x90 C:\Users\PC\AppData\Local\Temp\cdc_msc.elf.Losynp.ltrans0.ltrans.o
 .bss._cdcd_itf
                0x2000554c       0xa8 C:\Users\PC\AppData\Local\Temp\cdc_msc.elf.Losynp.ltrans0.ltrans.o
 .bss._ctrl_epbuf
                0x200055f4       0x40 C:\Users\PC\AppData\Local\Temp\cdc_msc.elf.Losynp.ltrans0.ltrans.o
 .bss._ctrl_xfer
                0x20005634       0x14 C:\Users\PC\AppData\Local\Temp\cdc_msc.elf.Losynp.ltrans0.ltrans.o
 .bss._dcd      0x20005648      0x124 C:\Users\PC\AppData\Local\Temp\cdc_msc.elf.Losynp.ltrans0.ltrans.o
 .bss._desc_str
                0x2000576c       0x42 C:\Users\PC\AppData\Local\Temp\cdc_msc.elf.Losynp.ltrans0.ltrans.o
 *fill*         0x200057ae        0x2 
 .bss._mscd_epbuf
                0x200057b0      0x200 C:\Users\PC\AppData\Local\Temp\cdc_msc.elf.Losynp.ltrans0.ltrans.o
 .bss._mscd_itf
                0x200059b0       0x40 C:\Users\PC\AppData\Local\Temp\cdc_msc.elf.Losynp.ltrans0.ltrans.o
 .bss._usbd_dev
                0x200059f0       0x38 C:\Users\PC\AppData\Local\Temp\cdc_msc.elf.Losynp.ltrans0.ltrans.o
 .bss._usbd_q   0x20005a28        0x4 C:\Users\PC\AppData\Local\Temp\cdc_msc.elf.Losynp.ltrans0.ltrans.o
 .bss._usbd_qdef_buf
                0x20005a2c       0xc0 C:\Users\PC\AppData\Local\Temp\cdc_msc.elf.Losynp.ltrans0.ltrans.o
 .bss._usbd_queued_setup
                0x20005aec        0x1 C:\Users\PC\AppData\Local\Temp\cdc_msc.elf.Losynp.ltrans0.ltrans.o
 *fill*         0x20005aed        0x3 
 .bss.ack_state
                0x20005af0        0x4 C:\Users\PC\AppData\Local\Temp\cdc_msc.elf.Losynp.ltrans0.ltrans.o
 .bss.active_nodes
                0x20005af4        0x4 C:\Users\PC\AppData\Local\Temp\cdc_msc.elf.Losynp.ltrans0.ltrans.o
 .bss.buf_pack  0x20005af8      0x100 C:\Users\PC\AppData\Local\Temp\cdc_msc.elf.Losynp.ltrans0.ltrans.o
 .bss.buf_pack_len
                0x20005bf8        0x4 C:\Users\PC\AppData\Local\Temp\cdc_msc.elf.Losynp.ltrans0.ltrans.o
 .bss.count     0x20005bfc        0x4 C:\Users\PC\AppData\Local\Temp\cdc_msc.elf.Losynp.ltrans0.ltrans.o
 .bss.cur_out_pack
                0x20005c00      0x100 C:\Users\PC\AppData\Local\Temp\cdc_msc.elf.Losynp.ltrans0.ltrans.o
 .bss.cur_pack_len
                0x20005d00        0x4 C:\Users\PC\AppData\Local\Temp\cdc_msc.elf.Losynp.ltrans0.ltrans.o
 .bss.current_mode
                0x20005d04        0x1 C:\Users\PC\AppData\Local\Temp\cdc_msc.elf.Losynp.ltrans0.ltrans.o
 *fill*         0x20005d05        0x3 
 .bss.cycle_phase
                0x20005d08        0x4 C:\Users\PC\AppData\Local\Temp\cdc_msc.elf.Losynp.ltrans0.ltrans.o
 .bss.data_packet
                0x20005d0c      0x100 C:\Users\PC\AppData\Local\Temp\cdc_msc.elf.Losynp.ltrans0.ltrans.o
 .bss.ejected   0x20005e0c        0x1 C:\Users\PC\AppData\Local\Temp\cdc_msc.elf.Losynp.ltrans0.ltrans.o
 .bss.in_pack   0x20005e0d      0x100 C:\Users\PC\AppData\Local\Temp\cdc_msc.elf.Losynp.ltrans0.ltrans.o
 *fill*         0x20005f0d        0x3 
 .bss.last_asked_time
                0x20005f10        0x4 C:\Users\PC\AppData\Local\Temp\cdc_msc.elf.Losynp.ltrans0.ltrans.o
 .bss.last_phase_start
                0x20005f14        0x4 C:\Users\PC\AppData\Local\Temp\cdc_msc.elf.Losynp.ltrans0.ltrans.o
 .bss.last_processed_rx_packet
                0x20005f18        0x4 C:\Users\PC\AppData\Local\Temp\cdc_msc.elf.Losynp.ltrans0.ltrans.o
 .bss.m_cb.lto_priv.1
                0x20005f1c       0x24 C:\Users\PC\AppData\Local\Temp\cdc_msc.elf.Losynp.ltrans0.ltrans.o
 .bss.m_cb.lto_priv.2
                0x20005f40       0x50 C:\Users\PC\AppData\Local\Temp\cdc_msc.elf.Losynp.ltrans0.ltrans.o
 .bss.m_usbevt_handler
                0x20005f90        0x4 C:\Users\PC\AppData\Local\Temp\cdc_msc.elf.Losynp.ltrans0.ltrans.o
 .bss.mcs_time  0x20005f94        0x4 C:\Users\PC\AppData\Local\Temp\cdc_msc.elf.Losynp.ltrans0.ltrans.o
 .bss.ms_time   0x20005f98        0x4 C:\Users\PC\AppData\Local\Temp\cdc_msc.elf.Losynp.ltrans0.ltrans.o
 .bss.node_active
                0x20005f9c      0x100 C:\Users\PC\AppData\Local\Temp\cdc_msc.elf.Losynp.ltrans0.ltrans.o
 .bss.node_list
                0x2000609c      0x100 C:\Users\PC\AppData\Local\Temp\cdc_msc.elf.Losynp.ltrans0.ltrans.o
 .bss.nrfx_power_irq_enabled
                0x2000619c        0x1 C:\Users\PC\AppData\Local\Temp\cdc_msc.elf.Losynp.ltrans0.ltrans.o
 .bss.print_flag
                0x2000619d        0x1 C:\Users\PC\AppData\Local\Temp\cdc_msc.elf.Losynp.ltrans0.ltrans.o
 *fill*         0x2000619e        0x2 
 .bss.rf_busy   0x200061a0        0x4 C:\Users\PC\AppData\Local\Temp\cdc_msc.elf.Losynp.ltrans0.ltrans.o
 .bss.rf_irq_override
                0x200061a4        0x4 C:\Users\PC\AppData\Local\Temp\cdc_msc.elf.Losynp.ltrans0.ltrans.o
 .bss.role_central
                0x200061a8        0x4 C:\Users\PC\AppData\Local\Temp\cdc_msc.elf.Losynp.ltrans0.ltrans.o
 .bss.rx_packet
                0x200061ac      0x100 C:\Users\PC\AppData\Local\Temp\cdc_msc.elf.Losynp.ltrans0.ltrans.o
 .bss.rx_packet_counter
                0x200062ac        0x4 C:\Users\PC\AppData\Local\Temp\cdc_msc.elf.Losynp.ltrans0.ltrans.o
 .bss.s_time    0x200062b0        0x4 C:\Users\PC\AppData\Local\Temp\cdc_msc.elf.Losynp.ltrans0.ltrans.o
 .bss.star_has_new_packet
                0x200062b4        0x4 C:\Users\PC\AppData\Local\Temp\cdc_msc.elf.Losynp.ltrans0.ltrans.o
 .bss.system_ticks
                0x200062b8        0x4 C:\Users\PC\AppData\Local\Temp\cdc_msc.elf.Losynp.ltrans0.ltrans.o
 .bss.timed_event_adjustment_state
                0x200062bc        0x4 C:\Users\PC\AppData\Local\Temp\cdc_msc.elf.Losynp.ltrans0.ltrans.o
 .bss.timed_event_delayed
                0x200062c0        0x4 C:\Users\PC\AppData\Local\Temp\cdc_msc.elf.Losynp.ltrans0.ltrans.o
 .bss.tx_packet
                0x200062c4      0x100 C:\Users\PC\AppData\Local\Temp\cdc_msc.elf.Losynp.ltrans0.ltrans.o
 *(.dynbss)
 *(COMMON)
                0x200063c4                . = ALIGN (0x4)
                0x00000f10                __bss_size = SIZEOF (.bss)
                0x200063c4                __bss_end = (__bss_start + __bss_size)
                0x200063c4                __bss_end__ = __bss_end
                0x00000001                ASSERT (((__bss_start == __bss_end) || ((__bss_end - ORIGIN (RAM)) <= LENGTH (RAM))), error: .bss is too large to fit in RAM memory segment)
                0x200063c4                . = ALIGN (0x4)

.sbss           0x200063c4        0x0
                0x200063c4                __sbss_start = .
                0x200063c4                __sbss_start__ = __sbss_start
 *(.sbss .sbss.* .gnu.linkonce.sb.*)
 *(.sbss2 .sbss2.* .gnu.linkonce.sb2.*)
 *(.dynsbss)
                0x200063c4                . = ALIGN (0x4)
                0x00000000                __sbss_size = SIZEOF (.sbss)
                0x200063c4                __sbss_end = (__sbss_start + __sbss_size)
                0x200063c4                __sbss_end__ = __sbss_end
                0x00000001                ASSERT (((__sbss_start == __sbss_end) || ((__sbss_end - ORIGIN (RAM)) <= LENGTH (RAM))), error: .sbss is too large to fit in RAM memory segment)
                0x200063c4                . = ALIGN (0x4)

.tbss           0x200063c4        0x0
                0x200063c4                __tbss_start = .
                0x200063c4                __tbss_start__ = __tbss_start
                0x200063c4                . = ALIGN (0x4)
 *(.tbss .tbss.* .gnu.linkonce.tb.*)
 *(.tcommon)
 *(.stbss .stbss.*)
                0x200063c4                . = ALIGN (0x4)
                0x00000000                __tbss_size = SIZEOF (.tbss)
                0x200063c4                __tbss_end = (__tbss_start + __tbss_size)
                0x200063c4                __tbss_end__ = __tbss_end
                0x00000001                ASSERT (((__tbss_start == __tbss_end) || ((__tbss_end - ORIGIN (RAM)) <= LENGTH (RAM))), error: .tbss is too large to fit in RAM memory segment)
                0x200063c4                . = ALIGN (0x4)
                0x200063c4                . = SEGMENT_START ("ldata-segment", .)
                0x200063c4                . = ALIGN (0x4)

.heap           0x200063c4        0x4
                0x200063c4                __heap_start = .
                0x200063c4                __HeapBase = .
                0x200063c4                __heap_base = .
                0x200063c4                __end = .
                [!provide]                PROVIDE (end = .)
                [!provide]                PROVIDE (_end = .)
                [!provide]                PROVIDE (__end__ = .)
 *(.heap*)
 *fill*         0x200063c4        0x4 
 .heap          0x200063c8        0x0 _build/feather_nrf52840_express/obj/hw/mcu/nordic/nrfx/mdk/gcc_startup_nrf52840_asm.o
                0x200063c8                __HeapLimit = .
                0x200063c8                __heap_limit = .
                0x200063c8                __heap_end = .

.stack_dummy    0x200063c8     0x4000
 *(.stack*)
 .stack         0x200063c8     0x4000 _build/feather_nrf52840_express/obj/hw/mcu/nordic/nrfx/mdk/gcc_startup_nrf52840_asm.o
                0x20040000                __stack_end = (ORIGIN (RAM) + LENGTH (RAM))
                0x20040000                __StackTop = (ORIGIN (RAM) + LENGTH (RAM))
                0x2003c000                __StackLimit = (__StackTop - SIZEOF (.stack_dummy))
                [!provide]                PROVIDE (__stack = __StackTop)
                0x00000001                ASSERT ((__StackLimit >= __HeapLimit), region RAM overflowed with stack)
                0x000020b4                DataInitFlashUsed = (__bss_start - __data_start)
                0x00004470                CodeFlashUsed = (_etext - ORIGIN (FLASH))
                0x00006524                TotalFlashUsed = (CodeFlashUsed + DataInitFlashUsed)
                0x00000001                ASSERT ((TotalFlashUsed <= LENGTH (FLASH)), region FLASH overflowed with .data and user data)
                0x200063c4                __tbss_start__ = __tbss_start
                0x200063c4                __tbss_end__ = __tbss_end
                0x200063c4                __sbss_start__ = __sbss_start
                0x200063c4                __sbss_end__ = __sbss_end
LOAD _build/feather_nrf52840_express/obj/hw/mcu/nordic/nrfx/mdk/gcc_startup_nrf52840_asm.o
LOAD _build/feather_nrf52840_express/obj/src/portable/nordic/nrf5x/dcd_nrf5x.o
LOAD C:\Users\PC\AppData\Local\Temp\cdc_msc.elf.Losynp.ltrans0.ltrans.o
LOAD C:\Users\PC\AppData\Local\Temp\ccbduNR8.debug.temp.o
LOAD C:\Users\PC\AppData\Local\Temp\cciWFApC.debug.temp.o
LOAD C:\Users\PC\AppData\Local\Temp\ccHq3nN5.debug.temp.o
LOAD C:\Users\PC\AppData\Local\Temp\ccAkC4xz.debug.temp.o
LOAD C:\Users\PC\AppData\Local\Temp\ccrDOO92.debug.temp.o
LOAD C:\Users\PC\AppData\Local\Temp\cccl1dQw.debug.temp.o
LOAD C:\Users\PC\AppData\Local\Temp\ccTAiIIZ.debug.temp.o
LOAD C:\Users\PC\AppData\Local\Temp\ccCJ5irs.debug.temp.o
LOAD C:\Users\PC\AppData\Local\Temp\cchuHfBV.debug.temp.o
LOAD C:\Users\PC\AppData\Local\Temp\cc2VXSPo.debug.temp.o
LOAD C:\Users\PC\AppData\Local\Temp\cc12RvUR.debug.temp.o
LOAD C:\Users\PC\AppData\Local\Temp\cckcmR3k.debug.temp.o
LOAD C:\Users\PC\AppData\Local\Temp\ccXNVifN.debug.temp.o
LOAD C:\Users\PC\AppData\Local\Temp\cckfcdSf.debug.temp.o
LOAD C:\Users\PC\AppData\Local\Temp\ccPqoOzI.debug.temp.o
LOAD C:\Users\PC\AppData\Local\Temp\ccyhep7a.debug.temp.o
LOAD C:\Users\PC\AppData\Local\Temp\cczRGsCH.debug.temp.o
LOAD C:\Users\PC\AppData\Local\Temp\cc4CbEYd.debug.temp.o
LOAD C:\Users\PC\AppData\Local\Temp\ccZbNzHK.debug.temp.o
LOAD C:\Users\PC\AppData\Local\Temp\ccatjvgh.debug.temp.o
LOAD C:\Users\PC\AppData\Local\Temp\ccJSX9TN.debug.temp.o
LOAD C:\Users\PC\AppData\Local\Temp\ccqGaBOj.debug.temp.o
LOAD C:\Users\PC\AppData\Local\Temp\cc39HjuP.debug.temp.o
LOAD C:\Users\PC\AppData\Local\Temp\cc0FPKel.debug.temp.o
LOAD C:\Users\PC\AppData\Local\Temp\ccr5BWlR.debug.temp.o
LOAD C:\Users\PC\AppData\Local\Temp\cccxYQxn.debug.temp.o
LOAD C:\Users\PC\AppData\Local\Temp\ccnwZcwT.debug.temp.o
LOAD C:\Users\PC\AppData\Local\Temp\ccixr6xp.debug.temp.o
LOAD C:\Users\PC\AppData\Local\Temp\ccbbyCQU.debug.temp.o
LOAD C:\Users\PC\AppData\Local\Temp\ccE7cKVp.debug.temp.o
LOAD C:\Users\PC\AppData\Local\Temp\ccfONy5U.debug.temp.o
LOAD C:\Users\PC\AppData\Local\Temp\ccko37Bq.debug.temp.o
LOAD C:\Users\PC\AppData\Local\Temp\ccBAFGYV.debug.temp.o
LOAD C:\Users\PC\AppData\Local\Temp\ccmyIQpr.debug.temp.o
LOAD C:\Users\PC\AppData\Local\Temp\ccTkZc3V.debug.temp.o
LOAD C:\Users\PC\AppData\Local\Temp\ccAGlywq.debug.temp.o
LOAD C:\Users\PC\AppData\Local\Temp\ccD7yC4U.debug.temp.o
LOAD C:\Users\PC\AppData\Local\Temp\ccolc93p.debug.temp.o
LOAD C:\Users\PC\AppData\Local\Temp\ccnOP5PU.debug.temp.o
LOAD C:\Users\PC\AppData\Local\Temp\ccsQVCFp.debug.temp.o
LOAD C:\Users\PC\AppData\Local\Temp\ccLv6BsY.debug.temp.o
LOAD _build/feather_nrf52840_express/obj/hw/mcu/nordic/nrfx/helpers/nrfx_flag32_allocator.o
LOAD _build/feather_nrf52840_express/obj/hw/mcu/nordic/nrfx/drivers/src/nrfx_gpiote.o
LOAD _build/feather_nrf52840_express/obj/hw/mcu/nordic/nrfx/drivers/src/nrfx_power.o
LOAD _build/feather_nrf52840_express/obj/hw/mcu/nordic/nrfx/drivers/src/nrfx_spim.o
LOAD _build/feather_nrf52840_express/obj/hw/mcu/nordic/nrfx/drivers/src/nrfx_uarte.o
LOAD _build/feather_nrf52840_express/obj/hw/mcu/nordic/nrfx/mdk/system_nrf52840.o
LOAD _build/feather_nrf52840_express/obj/hw/mcu/nordic/nrfx/soc/nrfx_atomic.o
LOAD _build/feather_nrf52840_express/obj/hw/bsp/nrf/family.o
LOAD _build/feather_nrf52840_express/obj/src/tusb.o
LOAD _build/feather_nrf52840_express/obj/src/common/tusb_fifo.o
LOAD _build/feather_nrf52840_express/obj/src/device/usbd.o
LOAD _build/feather_nrf52840_express/obj/src/device/usbd_control.o
LOAD _build/feather_nrf52840_express/obj/src/typec/usbc.o
LOAD _build/feather_nrf52840_express/obj/src/class/audio/audio_device.o
LOAD _build/feather_nrf52840_express/obj/src/class/cdc/cdc_device.o
LOAD _build/feather_nrf52840_express/obj/src/class/dfu/dfu_device.o
LOAD _build/feather_nrf52840_express/obj/src/class/dfu/dfu_rt_device.o
LOAD _build/feather_nrf52840_express/obj/src/class/hid/hid_device.o
LOAD _build/feather_nrf52840_express/obj/src/class/midi/midi_device.o
LOAD _build/feather_nrf52840_express/obj/src/class/msc/msc_device.o
LOAD _build/feather_nrf52840_express/obj/src/class/net/ecm_rndis_device.o
LOAD _build/feather_nrf52840_express/obj/src/class/net/ncm_device.o
LOAD _build/feather_nrf52840_express/obj/src/class/usbtmc/usbtmc_device.o
LOAD _build/feather_nrf52840_express/obj/src/class/video/video_device.o
LOAD _build/feather_nrf52840_express/obj/src/class/vendor/vendor_device.o
LOAD _build/feather_nrf52840_express/obj/src/host/usbh.o
LOAD _build/feather_nrf52840_express/obj/src/host/hub.o
LOAD _build/feather_nrf52840_express/obj/src/class/cdc/cdc_host.o
LOAD _build/feather_nrf52840_express/obj/src/class/hid/hid_host.o
LOAD _build/feather_nrf52840_express/obj/src/class/midi/midi_host.o
LOAD _build/feather_nrf52840_express/obj/src/class/msc/msc_host.o
LOAD _build/feather_nrf52840_express/obj/src/class/vendor/vendor_host.o
LOAD _build/feather_nrf52840_express/obj/hw/bsp/board.o
LOAD _build/feather_nrf52840_express/obj/src/portable/analog/max3421/hcd_max3421.o
LOAD _build/feather_nrf52840_express/obj/examples/device/cdc_msc/src/main.o
LOAD _build/feather_nrf52840_express/obj/examples/device/cdc_msc/src/msc_disk.o
LOAD _build/feather_nrf52840_express/obj/examples/device/cdc_msc/src/usb_descriptors.o
LOAD _build/feather_nrf52840_express/obj/examples/device/cdc_msc/../../../../receiver/urf/urf_radio.o
LOAD _build/feather_nrf52840_express/obj/examples/device/cdc_msc/../../../../receiver/urf/urf_timer.o
LOAD _build/feather_nrf52840_express/obj/examples/device/cdc_msc/../../../../receiver/urf/urf_star_protocol.o
START GROUP
LOAD c:/program files (x86)/gnu arm embedded toolchain/9 2020-q2-update/bin/../lib/gcc/arm-none-eabi/9.3.1/thumb/v7e-m+fp/hard\libgcc.a
LOAD c:/program files (x86)/gnu arm embedded toolchain/9 2020-q2-update/bin/../lib/gcc/arm-none-eabi/9.3.1/../../../../arm-none-eabi/lib/thumb/v7e-m+fp/hard\libm.a
LOAD c:/program files (x86)/gnu arm embedded toolchain/9 2020-q2-update/bin/../lib/gcc/arm-none-eabi/9.3.1/../../../../arm-none-eabi/lib/thumb/v7e-m+fp/hard\libnosys.a
LOAD c:/program files (x86)/gnu arm embedded toolchain/9 2020-q2-update/bin/../lib/gcc/arm-none-eabi/9.3.1/../../../../arm-none-eabi/lib/thumb/v7e-m+fp/hard\libc_nano.a
END GROUP
START GROUP
LOAD c:/program files (x86)/gnu arm embedded toolchain/9 2020-q2-update/bin/../lib/gcc/arm-none-eabi/9.3.1/thumb/v7e-m+fp/hard\libgcc.a
LOAD c:/program files (x86)/gnu arm embedded toolchain/9 2020-q2-update/bin/../lib/gcc/arm-none-eabi/9.3.1/../../../../arm-none-eabi/lib/thumb/v7e-m+fp/hard\libg_nano.a
LOAD c:/program files (x86)/gnu arm embedded toolchain/9 2020-q2-update/bin/../lib/gcc/arm-none-eabi/9.3.1/../../../../arm-none-eabi/lib/thumb/v7e-m+fp/hard\libc_nano.a
END GROUP
START GROUP
LOAD c:/program files (x86)/gnu arm embedded toolchain/9 2020-q2-update/bin/../lib/gcc/arm-none-eabi/9.3.1/thumb/v7e-m+fp/hard\libgcc.a
LOAD c:/program files (x86)/gnu arm embedded toolchain/9 2020-q2-update/bin/../lib/gcc/arm-none-eabi/9.3.1/../../../../arm-none-eabi/lib/thumb/v7e-m+fp/hard\libc_nano.a
LOAD c:/program files (x86)/gnu arm embedded toolchain/9 2020-q2-update/bin/../lib/gcc/arm-none-eabi/9.3.1/../../../../arm-none-eabi/lib/thumb/v7e-m+fp/hard\libnosys.a
END GROUP
START GROUP
LOAD c:/program files (x86)/gnu arm embedded toolchain/9 2020-q2-update/bin/../lib/gcc/arm-none-eabi/9.3.1/thumb/v7e-m+fp/hard\libgcc.a
LOAD c:/program files (x86)/gnu arm embedded toolchain/9 2020-q2-update/bin/../lib/gcc/arm-none-eabi/9.3.1/../../../../arm-none-eabi/lib/thumb/v7e-m+fp/hard\libc_nano.a
LOAD c:/program files (x86)/gnu arm embedded toolchain/9 2020-q2-update/bin/../lib/gcc/arm-none-eabi/9.3.1/../../../../arm-none-eabi/lib/thumb/v7e-m+fp/hard\libnosys.a
END GROUP
OUTPUT(_build/feather_nrf52840_express/cdc_msc.elf elf32-littlearm)
LOAD linker stubs

.ARM.attributes
                0x00000000       0x30
 .ARM.attributes
                0x00000000       0x20 _build/feather_nrf52840_express/obj/hw/mcu/nordic/nrfx/mdk/gcc_startup_nrf52840_asm.o
 .ARM.attributes
                0x00000020       0x32 C:\Users\PC\AppData\Local\Temp\cdc_msc.elf.Losynp.ltrans0.ltrans.o
 .ARM.attributes
                0x00000052       0x34 c:/program files (x86)/gnu arm embedded toolchain/9 2020-q2-update/bin/../lib/gcc/arm-none-eabi/9.3.1/../../../../arm-none-eabi/lib/thumb/v7e-m+fp/hard\libc_nano.a(lib_a-memcpy-stub.o)
 .ARM.attributes
                0x00000086       0x34 c:/program files (x86)/gnu arm embedded toolchain/9 2020-q2-update/bin/../lib/gcc/arm-none-eabi/9.3.1/../../../../arm-none-eabi/lib/thumb/v7e-m+fp/hard\libc_nano.a(lib_a-memset.o)
 .ARM.attributes
                0x000000ba       0x17 c:/program files (x86)/gnu arm embedded toolchain/9 2020-q2-update/bin/../lib/gcc/arm-none-eabi/9.3.1/../../../../arm-none-eabi/lib/thumb/v7e-m+fp/hard\libc_nano.a(lib_a-strlen.o)

.comment        0x00000000       0x4c
 .comment       0x00000000       0x4c C:\Users\PC\AppData\Local\Temp\cdc_msc.elf.Losynp.ltrans0.ltrans.o
                                 0x4d (size before relaxing)

.debug_line     0x00000000     0xb606
 .debug_line    0x00000000       0xc8 _build/feather_nrf52840_express/obj/hw/mcu/nordic/nrfx/mdk/gcc_startup_nrf52840_asm.o
 .debug_line    0x000000c8     0x765c C:\Users\PC\AppData\Local\Temp\cdc_msc.elf.Losynp.ltrans0.ltrans.o
 .debug_line    0x00007724      0x392 C:\Users\PC\AppData\Local\Temp\ccbduNR8.debug.temp.o
 .debug_line    0x00007ab6      0x2f6 C:\Users\PC\AppData\Local\Temp\cciWFApC.debug.temp.o
 .debug_line    0x00007dac      0x45b C:\Users\PC\AppData\Local\Temp\ccHq3nN5.debug.temp.o
 .debug_line    0x00008207      0x3d0 C:\Users\PC\AppData\Local\Temp\ccAkC4xz.debug.temp.o
 .debug_line    0x000085d7      0x456 C:\Users\PC\AppData\Local\Temp\ccrDOO92.debug.temp.o
 .debug_line    0x00008a2d      0x458 C:\Users\PC\AppData\Local\Temp\cccl1dQw.debug.temp.o
 .debug_line    0x00008e85      0x1d9 C:\Users\PC\AppData\Local\Temp\ccTAiIIZ.debug.temp.o
 .debug_line    0x0000905e      0x27e C:\Users\PC\AppData\Local\Temp\ccCJ5irs.debug.temp.o
 .debug_line    0x000092dc      0x38e C:\Users\PC\AppData\Local\Temp\cchuHfBV.debug.temp.o
 .debug_line    0x0000966a      0x24f C:\Users\PC\AppData\Local\Temp\cc2VXSPo.debug.temp.o
 .debug_line    0x000098b9      0x1e4 C:\Users\PC\AppData\Local\Temp\cc12RvUR.debug.temp.o
 .debug_line    0x00009a9d      0x277 C:\Users\PC\AppData\Local\Temp\cckcmR3k.debug.temp.o
 .debug_line    0x00009d14      0x22c C:\Users\PC\AppData\Local\Temp\ccXNVifN.debug.temp.o
 .debug_line    0x00009f40      0x275 C:\Users\PC\AppData\Local\Temp\ccyhep7a.debug.temp.o
 .debug_line    0x0000a1b5      0x273 C:\Users\PC\AppData\Local\Temp\ccJSX9TN.debug.temp.o
 .debug_line    0x0000a428      0x1bc C:\Users\PC\AppData\Local\Temp\ccmyIQpr.debug.temp.o
 .debug_line    0x0000a5e4      0x35d C:\Users\PC\AppData\Local\Temp\ccAGlywq.debug.temp.o
 .debug_line    0x0000a941      0x204 C:\Users\PC\AppData\Local\Temp\ccD7yC4U.debug.temp.o
 .debug_line    0x0000ab45      0x29e C:\Users\PC\AppData\Local\Temp\ccolc93p.debug.temp.o
 .debug_line    0x0000ade3      0x31a C:\Users\PC\AppData\Local\Temp\ccnOP5PU.debug.temp.o
 .debug_line    0x0000b0fd      0x288 C:\Users\PC\AppData\Local\Temp\ccsQVCFp.debug.temp.o
 .debug_line    0x0000b385      0x281 C:\Users\PC\AppData\Local\Temp\ccLv6BsY.debug.temp.o

.debug_info     0x00000000    0x31b66
 .debug_info    0x00000000       0x26 _build/feather_nrf52840_express/obj/hw/mcu/nordic/nrfx/mdk/gcc_startup_nrf52840_asm.o
 .debug_info    0x00000026     0xcbb9 C:\Users\PC\AppData\Local\Temp\cdc_msc.elf.Losynp.ltrans0.ltrans.o
 .debug_info    0x0000cbdf     0x28aa C:\Users\PC\AppData\Local\Temp\ccbduNR8.debug.temp.o
                0x0000cbdf                dcd_nrf5x.c.7cba6949
 .debug_info    0x0000f489      0xb5e C:\Users\PC\AppData\Local\Temp\cciWFApC.debug.temp.o
                0x0000f489                nrfx_flag32_allocator.c.1bdc7974
 .debug_info    0x0000ffe7     0x38c1 C:\Users\PC\AppData\Local\Temp\ccHq3nN5.debug.temp.o
                0x0000ffe7                nrfx_gpiote.c.a91753ed
 .debug_info    0x000138a8     0x1df6 C:\Users\PC\AppData\Local\Temp\ccAkC4xz.debug.temp.o
                0x000138a8                nrfx_power.c.1d3a8ab8
 .debug_info    0x0001569e     0x2b57 C:\Users\PC\AppData\Local\Temp\ccrDOO92.debug.temp.o
                0x0001569e                nrfx_spim.c.d215549a
 .debug_info    0x000181f5     0x3a6f C:\Users\PC\AppData\Local\Temp\cccl1dQw.debug.temp.o
                0x000181f5                nrfx_uarte.c.b1ee2a11
 .debug_info    0x0001bc64     0x1577 C:\Users\PC\AppData\Local\Temp\ccTAiIIZ.debug.temp.o
                0x0001bc64                system_nrf52840.c.2a70f9c1
 .debug_info    0x0001d1db      0xf14 C:\Users\PC\AppData\Local\Temp\ccCJ5irs.debug.temp.o
                0x0001d1db                nrfx_atomic.c.c163ff22
 .debug_info    0x0001e0ef     0x27e7 C:\Users\PC\AppData\Local\Temp\cchuHfBV.debug.temp.o
                0x0001e0ef                family.c.a8845745
 .debug_info    0x000208d6     0x168e C:\Users\PC\AppData\Local\Temp\cc2VXSPo.debug.temp.o
                0x000208d6                tusb.c.494e4046
 .debug_info    0x00021f64     0x1282 C:\Users\PC\AppData\Local\Temp\cc12RvUR.debug.temp.o
                0x00021f64                tusb_fifo.c.631b30c5
 .debug_info    0x000231e6     0x2682 C:\Users\PC\AppData\Local\Temp\cckcmR3k.debug.temp.o
                0x000231e6                usbd.c.07fbb5be
 .debug_info    0x00025868      0xe89 C:\Users\PC\AppData\Local\Temp\ccXNVifN.debug.temp.o
                0x00025868                usbd_control.c.fdeb44eb
 .debug_info    0x000266f1     0x19e1 C:\Users\PC\AppData\Local\Temp\ccyhep7a.debug.temp.o
                0x000266f1                cdc_device.c.b52f78c4
 .debug_info    0x000280d2     0x211a C:\Users\PC\AppData\Local\Temp\ccJSX9TN.debug.temp.o
                0x000280d2                msc_device.c.f759745f
 .debug_info    0x0002a1ec      0x9ff C:\Users\PC\AppData\Local\Temp\ccmyIQpr.debug.temp.o
                0x0002a1ec                board.c.cb9f69d1
 .debug_info    0x0002abeb      0xffa C:\Users\PC\AppData\Local\Temp\ccAGlywq.debug.temp.o
                0x0002abeb                main.c.848cdd07
 .debug_info    0x0002bbe5      0xe01 C:\Users\PC\AppData\Local\Temp\ccD7yC4U.debug.temp.o
                0x0002bbe5                msc_disk.c.e2146842
 .debug_info    0x0002c9e6      0xf7f C:\Users\PC\AppData\Local\Temp\ccolc93p.debug.temp.o
                0x0002c9e6                usb_descriptors.c.33d7dc15
 .debug_info    0x0002d965     0x19d3 C:\Users\PC\AppData\Local\Temp\ccnOP5PU.debug.temp.o
                0x0002d965                urf_radio.c.8bb0b988
 .debug_info    0x0002f338     0x12e1 C:\Users\PC\AppData\Local\Temp\ccsQVCFp.debug.temp.o
                0x0002f338                urf_timer.c.e129a1a1
 .debug_info    0x00030619     0x154d C:\Users\PC\AppData\Local\Temp\ccLv6BsY.debug.temp.o
                0x00030619                urf_star_protocol.c.b221edd3

.debug_abbrev   0x00000000     0x4760
 .debug_abbrev  0x00000000       0x14 _build/feather_nrf52840_express/obj/hw/mcu/nordic/nrfx/mdk/gcc_startup_nrf52840_asm.o
 .debug_abbrev  0x00000014      0x3bf C:\Users\PC\AppData\Local\Temp\cdc_msc.elf.Losynp.ltrans0.ltrans.o
 .debug_abbrev  0x000003d3      0x3fc C:\Users\PC\AppData\Local\Temp\ccbduNR8.debug.temp.o
 .debug_abbrev  0x000007cf      0x249 C:\Users\PC\AppData\Local\Temp\cciWFApC.debug.temp.o
 .debug_abbrev  0x00000a18      0x366 C:\Users\PC\AppData\Local\Temp\ccHq3nN5.debug.temp.o
 .debug_abbrev  0x00000d7e      0x3b7 C:\Users\PC\AppData\Local\Temp\ccAkC4xz.debug.temp.o
 .debug_abbrev  0x00001135      0x37c C:\Users\PC\AppData\Local\Temp\ccrDOO92.debug.temp.o
 .debug_abbrev  0x000014b1      0x35e C:\Users\PC\AppData\Local\Temp\cccl1dQw.debug.temp.o
 .debug_abbrev  0x0000180f      0x1df C:\Users\PC\AppData\Local\Temp\ccTAiIIZ.debug.temp.o
 .debug_abbrev  0x000019ee      0x243 C:\Users\PC\AppData\Local\Temp\ccCJ5irs.debug.temp.o
 .debug_abbrev  0x00001c31      0x39a C:\Users\PC\AppData\Local\Temp\cchuHfBV.debug.temp.o
 .debug_abbrev  0x00001fcb      0x344 C:\Users\PC\AppData\Local\Temp\cc2VXSPo.debug.temp.o
 .debug_abbrev  0x0000230f      0x2cd C:\Users\PC\AppData\Local\Temp\cc12RvUR.debug.temp.o
 .debug_abbrev  0x000025dc      0x3c5 C:\Users\PC\AppData\Local\Temp\cckcmR3k.debug.temp.o
 .debug_abbrev  0x000029a1      0x305 C:\Users\PC\AppData\Local\Temp\ccXNVifN.debug.temp.o
 .debug_abbrev  0x00002ca6      0x3d5 C:\Users\PC\AppData\Local\Temp\ccyhep7a.debug.temp.o
 .debug_abbrev  0x0000307b      0x441 C:\Users\PC\AppData\Local\Temp\ccJSX9TN.debug.temp.o
 .debug_abbrev  0x000034bc      0x219 C:\Users\PC\AppData\Local\Temp\ccmyIQpr.debug.temp.o
 .debug_abbrev  0x000036d5      0x2af C:\Users\PC\AppData\Local\Temp\ccAGlywq.debug.temp.o
 .debug_abbrev  0x00003984      0x258 C:\Users\PC\AppData\Local\Temp\ccD7yC4U.debug.temp.o
 .debug_abbrev  0x00003bdc      0x26f C:\Users\PC\AppData\Local\Temp\ccolc93p.debug.temp.o
 .debug_abbrev  0x00003e4b      0x367 C:\Users\PC\AppData\Local\Temp\ccnOP5PU.debug.temp.o
 .debug_abbrev  0x000041b2      0x2d5 C:\Users\PC\AppData\Local\Temp\ccsQVCFp.debug.temp.o
 .debug_abbrev  0x00004487      0x2d9 C:\Users\PC\AppData\Local\Temp\ccLv6BsY.debug.temp.o

.debug_aranges  0x00000000      0x2f0
 .debug_aranges
                0x00000000       0x20 _build/feather_nrf52840_express/obj/hw/mcu/nordic/nrfx/mdk/gcc_startup_nrf52840_asm.o
 .debug_aranges
                0x00000020      0x2d0 C:\Users\PC\AppData\Local\Temp\cdc_msc.elf.Losynp.ltrans0.ltrans.o

.debug_str      0x00000000     0xb300
 .debug_str     0x00000000       0x86 _build/feather_nrf52840_express/obj/hw/mcu/nordic/nrfx/mdk/gcc_startup_nrf52840_asm.o
 .debug_str     0x00000086      0x2a1 C:\Users\PC\AppData\Local\Temp\cdc_msc.elf.Losynp.ltrans0.ltrans.o
                                0x2ed (size before relaxing)
 .debug_str     0x00000327     0x1a42 C:\Users\PC\AppData\Local\Temp\ccbduNR8.debug.temp.o
                               0x1c5f (size before relaxing)
 .debug_str     0x00001d69      0x288 C:\Users\PC\AppData\Local\Temp\cciWFApC.debug.temp.o
                                0x870 (size before relaxing)
 .debug_str     0x00001ff1     0x1a80 C:\Users\PC\AppData\Local\Temp\ccHq3nN5.debug.temp.o
                               0x2786 (size before relaxing)
 .debug_str     0x00003a71      0xbfa C:\Users\PC\AppData\Local\Temp\ccAkC4xz.debug.temp.o
                               0x19c8 (size before relaxing)
 .debug_str     0x0000466b      0xca4 C:\Users\PC\AppData\Local\Temp\ccrDOO92.debug.temp.o
                               0x1e51 (size before relaxing)
 .debug_str     0x0000530f     0x146d C:\Users\PC\AppData\Local\Temp\cccl1dQw.debug.temp.o
                               0x2777 (size before relaxing)
 .debug_str     0x0000677c      0x3e7 C:\Users\PC\AppData\Local\Temp\ccTAiIIZ.debug.temp.o
                                0x995 (size before relaxing)
 .debug_str     0x00006b63      0x271 C:\Users\PC\AppData\Local\Temp\ccCJ5irs.debug.temp.o
                                0x84f (size before relaxing)
 .debug_str     0x00006dd4      0x14f C:\Users\PC\AppData\Local\Temp\cchuHfBV.debug.temp.o
                               0x1b0b (size before relaxing)
 .debug_str     0x00006f23      0x67e C:\Users\PC\AppData\Local\Temp\cc2VXSPo.debug.temp.o
                                0xefa (size before relaxing)
 .debug_str     0x000075a1      0x2e3 C:\Users\PC\AppData\Local\Temp\cc12RvUR.debug.temp.o
                                0x92c (size before relaxing)
 .debug_str     0x00007884      0x960 C:\Users\PC\AppData\Local\Temp\cckcmR3k.debug.temp.o
                               0x1930 (size before relaxing)
 .debug_str     0x000081e4      0x19c C:\Users\PC\AppData\Local\Temp\ccXNVifN.debug.temp.o
                                0x97f (size before relaxing)
 .debug_str     0x00008380      0xdb1 C:\Users\PC\AppData\Local\Temp\ccyhep7a.debug.temp.o
                               0x1a05 (size before relaxing)
 .debug_str     0x00009131      0xb01 C:\Users\PC\AppData\Local\Temp\ccJSX9TN.debug.temp.o
                               0x1a6e (size before relaxing)
 .debug_str     0x00009c32       0x5e C:\Users\PC\AppData\Local\Temp\ccmyIQpr.debug.temp.o
                                0x60d (size before relaxing)
 .debug_str     0x00009c90      0x12c C:\Users\PC\AppData\Local\Temp\ccAGlywq.debug.temp.o
                                0x9b2 (size before relaxing)
 .debug_str     0x00009dbc      0x101 C:\Users\PC\AppData\Local\Temp\ccD7yC4U.debug.temp.o
                                0x9cb (size before relaxing)
 .debug_str     0x00009ebd      0x72b C:\Users\PC\AppData\Local\Temp\ccolc93p.debug.temp.o
                               0x13fb (size before relaxing)
 .debug_str     0x0000a5e8      0x700 C:\Users\PC\AppData\Local\Temp\ccnOP5PU.debug.temp.o
                               0x11cb (size before relaxing)
 .debug_str     0x0000ace8      0x305 C:\Users\PC\AppData\Local\Temp\ccsQVCFp.debug.temp.o
                                0xd39 (size before relaxing)
 .debug_str     0x0000afed      0x313 C:\Users\PC\AppData\Local\Temp\ccLv6BsY.debug.temp.o
                                0xcea (size before relaxing)

.debug_loc      0x00000000     0xe276
 .debug_loc     0x00000000     0xe276 C:\Users\PC\AppData\Local\Temp\cdc_msc.elf.Losynp.ltrans0.ltrans.o

.debug_ranges   0x00000000     0x3720
 .debug_ranges  0x00000000     0x3720 C:\Users\PC\AppData\Local\Temp\cdc_msc.elf.Losynp.ltrans0.ltrans.o

.debug_frame    0x00000000      0x97c
 .debug_frame   0x00000000      0x934 C:\Users\PC\AppData\Local\Temp\cdc_msc.elf.Losynp.ltrans0.ltrans.o
 .debug_frame   0x00000934       0x28 c:/program files (x86)/gnu arm embedded toolchain/9 2020-q2-update/bin/../lib/gcc/arm-none-eabi/9.3.1/../../../../arm-none-eabi/lib/thumb/v7e-m+fp/hard\libc_nano.a(lib_a-memcpy-stub.o)
 .debug_frame   0x0000095c       0x20 c:/program files (x86)/gnu arm embedded toolchain/9 2020-q2-update/bin/../lib/gcc/arm-none-eabi/9.3.1/../../../../arm-none-eabi/lib/thumb/v7e-m+fp/hard\libc_nano.a(lib_a-memset.o)

Cross Reference Table

Symbol                                            File
AAR_CCM_IRQHandler                                _build/feather_nrf52840_express/obj/hw/mcu/nordic/nrfx/mdk/gcc_startup_nrf52840_asm.o
BusFault_Handler                                  _build/feather_nrf52840_express/obj/hw/mcu/nordic/nrfx/mdk/gcc_startup_nrf52840_asm.o
CLOCK_POWER_IRQHandler                            C:\Users\PC\AppData\Local\Temp\cdc_msc.elf.Losynp.ltrans0.ltrans.o
                                                  _build/feather_nrf52840_express/obj/hw/mcu/nordic/nrfx/drivers/src/nrfx_power.o (symbol from plugin)
                                                  _build/feather_nrf52840_express/obj/hw/mcu/nordic/nrfx/mdk/gcc_startup_nrf52840_asm.o
COMP_LPCOMP_IRQHandler                            _build/feather_nrf52840_express/obj/hw/mcu/nordic/nrfx/mdk/gcc_startup_nrf52840_asm.o
CRYPTOCELL_IRQHandler                             _build/feather_nrf52840_express/obj/hw/mcu/nordic/nrfx/mdk/gcc_startup_nrf52840_asm.o
DebugMon_Handler                                  _build/feather_nrf52840_express/obj/hw/mcu/nordic/nrfx/mdk/gcc_startup_nrf52840_asm.o
Default_Handler                                   _build/feather_nrf52840_express/obj/hw/mcu/nordic/nrfx/mdk/gcc_startup_nrf52840_asm.o
ECB_IRQHandler                                    _build/feather_nrf52840_express/obj/hw/mcu/nordic/nrfx/mdk/gcc_startup_nrf52840_asm.o
EGU0_SWI0_IRQHandler                              _build/feather_nrf52840_express/obj/hw/mcu/nordic/nrfx/mdk/gcc_startup_nrf52840_asm.o
EGU1_SWI1_IRQHandler                              _build/feather_nrf52840_express/obj/hw/mcu/nordic/nrfx/mdk/gcc_startup_nrf52840_asm.o
EGU2_SWI2_IRQHandler                              _build/feather_nrf52840_express/obj/hw/mcu/nordic/nrfx/mdk/gcc_startup_nrf52840_asm.o
EGU3_SWI3_IRQHandler                              _build/feather_nrf52840_express/obj/hw/mcu/nordic/nrfx/mdk/gcc_startup_nrf52840_asm.o
EGU4_SWI4_IRQHandler                              _build/feather_nrf52840_express/obj/hw/mcu/nordic/nrfx/mdk/gcc_startup_nrf52840_asm.o
EGU5_SWI5_IRQHandler                              _build/feather_nrf52840_express/obj/hw/mcu/nordic/nrfx/mdk/gcc_startup_nrf52840_asm.o
FPU_IRQHandler                                    _build/feather_nrf52840_express/obj/hw/mcu/nordic/nrfx/mdk/gcc_startup_nrf52840_asm.o
GPIOTE_IRQHandler                                 C:\Users\PC\AppData\Local\Temp\cdc_msc.elf.Losynp.ltrans0.ltrans.o
                                                  _build/feather_nrf52840_express/obj/hw/mcu/nordic/nrfx/drivers/src/nrfx_gpiote.o (symbol from plugin)
                                                  _build/feather_nrf52840_express/obj/hw/mcu/nordic/nrfx/mdk/gcc_startup_nrf52840_asm.o
HardFault_Handler                                 _build/feather_nrf52840_express/obj/hw/mcu/nordic/nrfx/mdk/gcc_startup_nrf52840_asm.o
I2S_IRQHandler                                    _build/feather_nrf52840_express/obj/hw/mcu/nordic/nrfx/mdk/gcc_startup_nrf52840_asm.o
MWU_IRQHandler                                    _build/feather_nrf52840_express/obj/hw/mcu/nordic/nrfx/mdk/gcc_startup_nrf52840_asm.o
MemoryManagement_Handler                          _build/feather_nrf52840_express/obj/hw/mcu/nordic/nrfx/mdk/gcc_startup_nrf52840_asm.o
NFCT_IRQHandler                                   _build/feather_nrf52840_express/obj/hw/mcu/nordic/nrfx/mdk/gcc_startup_nrf52840_asm.o
NMI_Handler                                       _build/feather_nrf52840_express/obj/hw/mcu/nordic/nrfx/mdk/gcc_startup_nrf52840_asm.o
PDM_IRQHandler                                    _build/feather_nrf52840_express/obj/hw/mcu/nordic/nrfx/mdk/gcc_startup_nrf52840_asm.o
PWM0_IRQHandler                                   _build/feather_nrf52840_express/obj/hw/mcu/nordic/nrfx/mdk/gcc_startup_nrf52840_asm.o
PWM1_IRQHandler                                   _build/feather_nrf52840_express/obj/hw/mcu/nordic/nrfx/mdk/gcc_startup_nrf52840_asm.o
PWM2_IRQHandler                                   _build/feather_nrf52840_express/obj/hw/mcu/nordic/nrfx/mdk/gcc_startup_nrf52840_asm.o
PWM3_IRQHandler                                   _build/feather_nrf52840_express/obj/hw/mcu/nordic/nrfx/mdk/gcc_startup_nrf52840_asm.o
PendSV_Handler                                    _build/feather_nrf52840_express/obj/hw/mcu/nordic/nrfx/mdk/gcc_startup_nrf52840_asm.o
QDEC_IRQHandler                                   _build/feather_nrf52840_express/obj/hw/mcu/nordic/nrfx/mdk/gcc_startup_nrf52840_asm.o
QSPI_IRQHandler                                   _build/feather_nrf52840_express/obj/hw/mcu/nordic/nrfx/mdk/gcc_startup_nrf52840_asm.o
RADIO_IRQHandler                                  C:\Users\PC\AppData\Local\Temp\cdc_msc.elf.Losynp.ltrans0.ltrans.o
                                                  _build/feather_nrf52840_express/obj/examples/device/cdc_msc/../../../../receiver/urf/urf_radio.o (symbol from plugin)
                                                  _build/feather_nrf52840_express/obj/hw/mcu/nordic/nrfx/mdk/gcc_startup_nrf52840_asm.o
RNG_IRQHandler                                    _build/feather_nrf52840_express/obj/hw/mcu/nordic/nrfx/mdk/gcc_startup_nrf52840_asm.o
RTC0_IRQHandler                                   _build/feather_nrf52840_express/obj/hw/mcu/nordic/nrfx/mdk/gcc_startup_nrf52840_asm.o
RTC1_IRQHandler                                   _build/feather_nrf52840_express/obj/hw/mcu/nordic/nrfx/mdk/gcc_startup_nrf52840_asm.o
RTC2_IRQHandler                                   _build/feather_nrf52840_express/obj/hw/mcu/nordic/nrfx/mdk/gcc_startup_nrf52840_asm.o
Reset_Handler                                     _build/feather_nrf52840_express/obj/hw/mcu/nordic/nrfx/mdk/gcc_startup_nrf52840_asm.o
SAADC_IRQHandler                                  _build/feather_nrf52840_express/obj/hw/mcu/nordic/nrfx/mdk/gcc_startup_nrf52840_asm.o
SPI0_SPIM0_SPIS0_TWI0_TWIM0_TWIS0_IRQHandler      _build/feather_nrf52840_express/obj/hw/mcu/nordic/nrfx/mdk/gcc_startup_nrf52840_asm.o
SPI1_SPIM1_SPIS1_TWI1_TWIM1_TWIS1_IRQHandler      C:\Users\PC\AppData\Local\Temp\cdc_msc.elf.Losynp.ltrans0.ltrans.o
                                                  _build/feather_nrf52840_express/obj/hw/mcu/nordic/nrfx/drivers/src/nrfx_spim.o (symbol from plugin)
                                                  _build/feather_nrf52840_express/obj/hw/mcu/nordic/nrfx/mdk/gcc_startup_nrf52840_asm.o
SPI2_SPIM2_SPIS2_IRQHandler                       _build/feather_nrf52840_express/obj/hw/mcu/nordic/nrfx/mdk/gcc_startup_nrf52840_asm.o
SPIM3_IRQHandler                                  _build/feather_nrf52840_express/obj/hw/mcu/nordic/nrfx/mdk/gcc_startup_nrf52840_asm.o
SVC_Handler                                       _build/feather_nrf52840_express/obj/hw/mcu/nordic/nrfx/mdk/gcc_startup_nrf52840_asm.o
SysTick_Handler                                   C:\Users\PC\AppData\Local\Temp\cdc_msc.elf.Losynp.ltrans0.ltrans.o
                                                  _build/feather_nrf52840_express/obj/hw/bsp/nrf/family.o (symbol from plugin)
                                                  _build/feather_nrf52840_express/obj/hw/mcu/nordic/nrfx/mdk/gcc_startup_nrf52840_asm.o
SystemCoreClock                                   C:\Users\PC\AppData\Local\Temp\cdc_msc.elf.Losynp.ltrans0.ltrans.o
                                                  _build/feather_nrf52840_express/obj/hw/mcu/nordic/nrfx/mdk/system_nrf52840.o (symbol from plugin)
                                                  _build/feather_nrf52840_express/obj/hw/bsp/nrf/family.o (symbol from plugin)
SystemCoreClockUpdate                             _build/feather_nrf52840_express/obj/hw/mcu/nordic/nrfx/mdk/system_nrf52840.o (symbol from plugin)
SystemInit                                        C:\Users\PC\AppData\Local\Temp\cdc_msc.elf.Losynp.ltrans0.ltrans.o
                                                  _build/feather_nrf52840_express/obj/hw/mcu/nordic/nrfx/mdk/system_nrf52840.o (symbol from plugin)
                                                  _build/feather_nrf52840_express/obj/hw/mcu/nordic/nrfx/mdk/gcc_startup_nrf52840_asm.o
TEMP_IRQHandler                                   _build/feather_nrf52840_express/obj/hw/mcu/nordic/nrfx/mdk/gcc_startup_nrf52840_asm.o
TIMER0_IRQHandler                                 _build/feather_nrf52840_express/obj/hw/mcu/nordic/nrfx/mdk/gcc_startup_nrf52840_asm.o
TIMER1_IRQHandler                                 _build/feather_nrf52840_express/obj/hw/mcu/nordic/nrfx/mdk/gcc_startup_nrf52840_asm.o
TIMER2_IRQHandler                                 C:\Users\PC\AppData\Local\Temp\cdc_msc.elf.Losynp.ltrans0.ltrans.o
                                                  _build/feather_nrf52840_express/obj/examples/device/cdc_msc/../../../../receiver/urf/urf_timer.o (symbol from plugin)
                                                  _build/feather_nrf52840_express/obj/hw/mcu/nordic/nrfx/mdk/gcc_startup_nrf52840_asm.o
TIMER3_IRQHandler                                 C:\Users\PC\AppData\Local\Temp\cdc_msc.elf.Losynp.ltrans0.ltrans.o
                                                  _build/feather_nrf52840_express/obj/examples/device/cdc_msc/../../../../receiver/urf/urf_timer.o (symbol from plugin)
                                                  _build/feather_nrf52840_express/obj/hw/mcu/nordic/nrfx/mdk/gcc_startup_nrf52840_asm.o
TIMER4_IRQHandler                                 _build/feather_nrf52840_express/obj/hw/mcu/nordic/nrfx/mdk/gcc_startup_nrf52840_asm.o
UART0_UARTE0_IRQHandler                           C:\Users\PC\AppData\Local\Temp\cdc_msc.elf.Losynp.ltrans0.ltrans.o
                                                  _build/feather_nrf52840_express/obj/hw/mcu/nordic/nrfx/drivers/src/nrfx_uarte.o (symbol from plugin)
                                                  _build/feather_nrf52840_express/obj/hw/mcu/nordic/nrfx/mdk/gcc_startup_nrf52840_asm.o
UARTE1_IRQHandler                                 _build/feather_nrf52840_express/obj/hw/mcu/nordic/nrfx/mdk/gcc_startup_nrf52840_asm.o
USBD_IRQHandler                                   C:\Users\PC\AppData\Local\Temp\cdc_msc.elf.Losynp.ltrans0.ltrans.o
                                                  _build/feather_nrf52840_express/obj/hw/bsp/nrf/family.o (symbol from plugin)
                                                  _build/feather_nrf52840_express/obj/hw/mcu/nordic/nrfx/mdk/gcc_startup_nrf52840_asm.o
UsageFault_Handler                                _build/feather_nrf52840_express/obj/hw/mcu/nordic/nrfx/mdk/gcc_startup_nrf52840_asm.o
WDT_IRQHandler                                    _build/feather_nrf52840_express/obj/hw/mcu/nordic/nrfx/mdk/gcc_startup_nrf52840_asm.o
__HeapBase                                        _build/feather_nrf52840_express/obj/hw/mcu/nordic/nrfx/mdk/gcc_startup_nrf52840_asm.o
__HeapLimit                                       _build/feather_nrf52840_express/obj/hw/mcu/nordic/nrfx/mdk/gcc_startup_nrf52840_asm.o
__StackLimit                                      _build/feather_nrf52840_express/obj/hw/mcu/nordic/nrfx/mdk/gcc_startup_nrf52840_asm.o
__StackTop                                        _build/feather_nrf52840_express/obj/hw/mcu/nordic/nrfx/mdk/gcc_startup_nrf52840_asm.o
__bss_end__                                       _build/feather_nrf52840_express/obj/hw/mcu/nordic/nrfx/mdk/gcc_startup_nrf52840_asm.o
__bss_start__                                     _build/feather_nrf52840_express/obj/hw/mcu/nordic/nrfx/mdk/gcc_startup_nrf52840_asm.o
__data_end                                        _build/feather_nrf52840_express/obj/hw/mcu/nordic/nrfx/mdk/gcc_startup_nrf52840_asm.o
__data_load_start                                 _build/feather_nrf52840_express/obj/hw/mcu/nordic/nrfx/mdk/gcc_startup_nrf52840_asm.o
__data_start                                      _build/feather_nrf52840_express/obj/hw/mcu/nordic/nrfx/mdk/gcc_startup_nrf52840_asm.o
__fast_end                                        _build/feather_nrf52840_express/obj/hw/mcu/nordic/nrfx/mdk/gcc_startup_nrf52840_asm.o
__fast_load_start                                 _build/feather_nrf52840_express/obj/hw/mcu/nordic/nrfx/mdk/gcc_startup_nrf52840_asm.o
__fast_start                                      _build/feather_nrf52840_express/obj/hw/mcu/nordic/nrfx/mdk/gcc_startup_nrf52840_asm.o
__isr_vector                                      _build/feather_nrf52840_express/obj/hw/mcu/nordic/nrfx/mdk/gcc_startup_nrf52840_asm.o
__sbss_end__                                      _build/feather_nrf52840_express/obj/hw/mcu/nordic/nrfx/mdk/gcc_startup_nrf52840_asm.o
__sbss_start__                                    _build/feather_nrf52840_express/obj/hw/mcu/nordic/nrfx/mdk/gcc_startup_nrf52840_asm.o
__sdata_end                                       _build/feather_nrf52840_express/obj/hw/mcu/nordic/nrfx/mdk/gcc_startup_nrf52840_asm.o
__sdata_load_start                                _build/feather_nrf52840_express/obj/hw/mcu/nordic/nrfx/mdk/gcc_startup_nrf52840_asm.o
__sdata_start                                     _build/feather_nrf52840_express/obj/hw/mcu/nordic/nrfx/mdk/gcc_startup_nrf52840_asm.o
__tbss_end__                                      _build/feather_nrf52840_express/obj/hw/mcu/nordic/nrfx/mdk/gcc_startup_nrf52840_asm.o
__tbss_start__                                    _build/feather_nrf52840_express/obj/hw/mcu/nordic/nrfx/mdk/gcc_startup_nrf52840_asm.o
__tdata_end                                       _build/feather_nrf52840_express/obj/hw/mcu/nordic/nrfx/mdk/gcc_startup_nrf52840_asm.o
__tdata_load_start                                _build/feather_nrf52840_express/obj/hw/mcu/nordic/nrfx/mdk/gcc_startup_nrf52840_asm.o
__tdata_start                                     _build/feather_nrf52840_express/obj/hw/mcu/nordic/nrfx/mdk/gcc_startup_nrf52840_asm.o
_read                                             C:\Users\PC\AppData\Local\Temp\cdc_msc.elf.Losynp.ltrans0.ltrans.o
                                                  _build/feather_nrf52840_express/obj/hw/bsp/board.o (symbol from plugin)
_start                                            C:\Users\PC\AppData\Local\Temp\cdc_msc.elf.Losynp.ltrans0.ltrans.o
                                                  _build/feather_nrf52840_express/obj/hw/bsp/nrf/family.o (symbol from plugin)
                                                  _build/feather_nrf52840_express/obj/hw/mcu/nordic/nrfx/mdk/gcc_startup_nrf52840_asm.o
_tusb_rhport_role                                 _build/feather_nrf52840_express/obj/src/tusb.o (symbol from plugin)
_usbd_qdef                                        _build/feather_nrf52840_express/obj/src/device/usbd.o (symbol from plugin)
_usbd_qdef_buf                                    _build/feather_nrf52840_express/obj/src/device/usbd.o (symbol from plugin)
_write                                            C:\Users\PC\AppData\Local\Temp\cdc_msc.elf.Losynp.ltrans0.ltrans.o
                                                  _build/feather_nrf52840_express/obj/hw/bsp/board.o (symbol from plugin)
ack_state                                         _build/feather_nrf52840_express/obj/examples/device/cdc_msc/../../../../receiver/urf/urf_radio.o (symbol from plugin)
active_nodes                                      _build/feather_nrf52840_express/obj/examples/device/cdc_msc/../../../../receiver/urf/urf_star_protocol.o (symbol from plugin)
active_timeout                                    _build/feather_nrf52840_express/obj/examples/device/cdc_msc/../../../../receiver/urf/urf_star_protocol.o (symbol from plugin)
add_node                                          _build/feather_nrf52840_express/obj/examples/device/cdc_msc/../../../../receiver/urf/urf_star_protocol.o (symbol from plugin)
audio_device.c.48a378fa                           C:\Users\PC\AppData\Local\Temp\ccPqoOzI.debug.temp.o
auto_respond                                      _build/feather_nrf52840_express/obj/examples/device/cdc_msc/../../../../receiver/urf/urf_radio.o (symbol from plugin)
board.c.cb9f69d1                                  C:\Users\PC\AppData\Local\Temp\ccmyIQpr.debug.temp.o
                                                  C:\Users\PC\AppData\Local\Temp\cdc_msc.elf.Losynp.ltrans0.ltrans.o
board_button_read                                 _build/feather_nrf52840_express/obj/hw/bsp/nrf/family.o (symbol from plugin)
board_get_unique_id                               _build/feather_nrf52840_express/obj/hw/bsp/nrf/family.o (symbol from plugin)
                                                  _build/feather_nrf52840_express/obj/examples/device/cdc_msc/src/usb_descriptors.o (symbol from plugin)
board_getchar                                     _build/feather_nrf52840_express/obj/hw/bsp/board.o (symbol from plugin)
board_init                                        _build/feather_nrf52840_express/obj/hw/bsp/nrf/family.o (symbol from plugin)
                                                  _build/feather_nrf52840_express/obj/examples/device/cdc_msc/src/main.o (symbol from plugin)
board_init_after_tusb                             C:\Users\PC\AppData\Local\Temp\cdc_msc.elf.Losynp.ltrans0.ltrans.o
                                                  _build/feather_nrf52840_express/obj/examples/device/cdc_msc/src/main.o (symbol from plugin)
board_led_write                                   _build/feather_nrf52840_express/obj/hw/bsp/nrf/family.o (symbol from plugin)
board_millis                                      _build/feather_nrf52840_express/obj/hw/bsp/nrf/family.o (symbol from plugin)
                                                  _build/feather_nrf52840_express/obj/hw/bsp/board.o (symbol from plugin)
board_putchar                                     _build/feather_nrf52840_express/obj/hw/bsp/board.o (symbol from plugin)
board_uart_read                                   _build/feather_nrf52840_express/obj/hw/bsp/nrf/family.o (symbol from plugin)
                                                  _build/feather_nrf52840_express/obj/hw/bsp/board.o (symbol from plugin)
board_uart_write                                  _build/feather_nrf52840_express/obj/hw/bsp/nrf/family.o (symbol from plugin)
                                                  _build/feather_nrf52840_express/obj/hw/bsp/board.o (symbol from plugin)
buf_pack                                          _build/feather_nrf52840_express/obj/examples/device/cdc_msc/../../../../receiver/urf/urf_star_protocol.o (symbol from plugin)
buf_pack_len                                      _build/feather_nrf52840_express/obj/examples/device/cdc_msc/../../../../receiver/urf/urf_star_protocol.o (symbol from plugin)
cdc_device.c.b52f78c4                             C:\Users\PC\AppData\Local\Temp\ccyhep7a.debug.temp.o
                                                  C:\Users\PC\AppData\Local\Temp\cdc_msc.elf.Losynp.ltrans0.ltrans.o
cdc_host.c.3dcc2013                               C:\Users\PC\AppData\Local\Temp\ccbbyCQU.debug.temp.o
cdcd_control_xfer_cb                              _build/feather_nrf52840_express/obj/src/class/cdc/cdc_device.o (symbol from plugin)
                                                  _build/feather_nrf52840_express/obj/src/device/usbd.o (symbol from plugin)
cdcd_deinit                                       _build/feather_nrf52840_express/obj/src/class/cdc/cdc_device.o (symbol from plugin)
                                                  _build/feather_nrf52840_express/obj/src/device/usbd.o (symbol from plugin)
cdcd_init                                         _build/feather_nrf52840_express/obj/src/class/cdc/cdc_device.o (symbol from plugin)
                                                  _build/feather_nrf52840_express/obj/src/device/usbd.o (symbol from plugin)
cdcd_open                                         _build/feather_nrf52840_express/obj/src/class/cdc/cdc_device.o (symbol from plugin)
                                                  _build/feather_nrf52840_express/obj/src/device/usbd.o (symbol from plugin)
cdcd_reset                                        _build/feather_nrf52840_express/obj/src/class/cdc/cdc_device.o (symbol from plugin)
                                                  _build/feather_nrf52840_express/obj/src/device/usbd.o (symbol from plugin)
cdcd_xfer_cb                                      _build/feather_nrf52840_express/obj/src/class/cdc/cdc_device.o (symbol from plugin)
                                                  _build/feather_nrf52840_express/obj/src/device/usbd.o (symbol from plugin)
count                                             _build/feather_nrf52840_express/obj/examples/device/cdc_msc/../../../../receiver/urf/urf_timer.o (symbol from plugin)
cur_out_pack                                      _build/feather_nrf52840_express/obj/examples/device/cdc_msc/../../../../receiver/urf/urf_star_protocol.o (symbol from plugin)
cur_pack_len                                      _build/feather_nrf52840_express/obj/examples/device/cdc_msc/../../../../receiver/urf/urf_star_protocol.o (symbol from plugin)
current_mode                                      _build/feather_nrf52840_express/obj/examples/device/cdc_msc/../../../../receiver/urf/urf_radio.o (symbol from plugin)
cycle_phase                                       _build/feather_nrf52840_express/obj/examples/device/cdc_msc/../../../../receiver/urf/urf_star_protocol.o (symbol from plugin)
cycle_step_mcs                                    _build/feather_nrf52840_express/obj/examples/device/cdc_msc/../../../../receiver/urf/urf_star_protocol.o (symbol from plugin)
data_packet                                       _build/feather_nrf52840_express/obj/examples/device/cdc_msc/src/main.o (symbol from plugin)
dcd_connect                                       _build/feather_nrf52840_express/obj/src/portable/nordic/nrf5x/dcd_nrf5x.o (symbol from plugin)
dcd_dcache_clean                                  _build/feather_nrf52840_express/obj/src/device/usbd.o (symbol from plugin)
dcd_dcache_clean_invalidate                       _build/feather_nrf52840_express/obj/src/device/usbd.o (symbol from plugin)
dcd_dcache_invalidate                             _build/feather_nrf52840_express/obj/src/device/usbd.o (symbol from plugin)
dcd_deinit                                        _build/feather_nrf52840_express/obj/src/device/usbd.o (symbol from plugin)
dcd_disconnect                                    _build/feather_nrf52840_express/obj/src/portable/nordic/nrf5x/dcd_nrf5x.o (symbol from plugin)
dcd_edpt0_status_complete                         _build/feather_nrf52840_express/obj/src/device/usbd_control.o (symbol from plugin)
dcd_edpt_clear_stall                              _build/feather_nrf52840_express/obj/src/portable/nordic/nrf5x/dcd_nrf5x.o (symbol from plugin)
                                                  _build/feather_nrf52840_express/obj/src/device/usbd.o (symbol from plugin)
dcd_edpt_close                                    _build/feather_nrf52840_express/obj/src/portable/nordic/nrf5x/dcd_nrf5x.o (symbol from plugin)
                                                  _build/feather_nrf52840_express/obj/src/device/usbd.o (symbol from plugin)
dcd_edpt_close_all                                _build/feather_nrf52840_express/obj/src/portable/nordic/nrf5x/dcd_nrf5x.o (symbol from plugin)
                                                  _build/feather_nrf52840_express/obj/src/device/usbd.o (symbol from plugin)
dcd_edpt_open                                     _build/feather_nrf52840_express/obj/src/portable/nordic/nrf5x/dcd_nrf5x.o (symbol from plugin)
                                                  _build/feather_nrf52840_express/obj/src/device/usbd.o (symbol from plugin)
dcd_edpt_stall                                    _build/feather_nrf52840_express/obj/src/portable/nordic/nrf5x/dcd_nrf5x.o (symbol from plugin)
                                                  _build/feather_nrf52840_express/obj/src/device/usbd_control.o (symbol from plugin)
                                                  _build/feather_nrf52840_express/obj/src/device/usbd.o (symbol from plugin)
dcd_edpt_xfer                                     _build/feather_nrf52840_express/obj/src/portable/nordic/nrf5x/dcd_nrf5x.o (symbol from plugin)
                                                  _build/feather_nrf52840_express/obj/src/device/usbd.o (symbol from plugin)
dcd_edpt_xfer_fifo                                _build/feather_nrf52840_express/obj/src/device/usbd.o (symbol from plugin)
dcd_event_handler                                 _build/feather_nrf52840_express/obj/src/device/usbd.o (symbol from plugin)
                                                  _build/feather_nrf52840_express/obj/src/class/msc/msc_device.o (symbol from plugin)
                                                  _build/feather_nrf52840_express/obj/src/portable/nordic/nrf5x/dcd_nrf5x.o (symbol from plugin)
dcd_init                                          _build/feather_nrf52840_express/obj/src/portable/nordic/nrf5x/dcd_nrf5x.o (symbol from plugin)
                                                  _build/feather_nrf52840_express/obj/src/device/usbd.o (symbol from plugin)
dcd_int_disable                                   _build/feather_nrf52840_express/obj/src/portable/nordic/nrf5x/dcd_nrf5x.o (symbol from plugin)
                                                  _build/feather_nrf52840_express/obj/src/device/usbd.o (symbol from plugin)
dcd_int_enable                                    _build/feather_nrf52840_express/obj/src/portable/nordic/nrf5x/dcd_nrf5x.o (symbol from plugin)
                                                  _build/feather_nrf52840_express/obj/src/device/usbd.o (symbol from plugin)
dcd_int_handler                                   _build/feather_nrf52840_express/obj/src/portable/nordic/nrf5x/dcd_nrf5x.o (symbol from plugin)
                                                  _build/feather_nrf52840_express/obj/src/tusb.o (symbol from plugin)
                                                  _build/feather_nrf52840_express/obj/hw/bsp/nrf/family.o (symbol from plugin)
dcd_nrf5x.c.7cba6949                              C:\Users\PC\AppData\Local\Temp\ccbduNR8.debug.temp.o
                                                  C:\Users\PC\AppData\Local\Temp\cdc_msc.elf.Losynp.ltrans0.ltrans.o
dcd_remote_wakeup                                 _build/feather_nrf52840_express/obj/src/portable/nordic/nrf5x/dcd_nrf5x.o (symbol from plugin)
                                                  _build/feather_nrf52840_express/obj/src/device/usbd.o (symbol from plugin)
dcd_set_address                                   _build/feather_nrf52840_express/obj/src/portable/nordic/nrf5x/dcd_nrf5x.o (symbol from plugin)
                                                  _build/feather_nrf52840_express/obj/src/device/usbd.o (symbol from plugin)
dcd_sof_enable                                    _build/feather_nrf52840_express/obj/src/portable/nordic/nrf5x/dcd_nrf5x.o (symbol from plugin)
                                                  _build/feather_nrf52840_express/obj/src/device/usbd.o (symbol from plugin)
delay_mcs                                         _build/feather_nrf52840_express/obj/examples/device/cdc_msc/../../../../receiver/urf/urf_timer.o (symbol from plugin)
delay_ms                                          _build/feather_nrf52840_express/obj/examples/device/cdc_msc/../../../../receiver/urf/urf_timer.o (symbol from plugin)
desc_device                                       _build/feather_nrf52840_express/obj/examples/device/cdc_msc/src/usb_descriptors.o (symbol from plugin)
desc_fs_configuration                             _build/feather_nrf52840_express/obj/examples/device/cdc_msc/src/usb_descriptors.o (symbol from plugin)
dfu_device.c.40020bd4                             C:\Users\PC\AppData\Local\Temp\cczRGsCH.debug.temp.o
dfu_rt_device.c.c97f50fb                          C:\Users\PC\AppData\Local\Temp\cc4CbEYd.debug.temp.o
ecm_rndis_device.c.b209fcb9                       C:\Users\PC\AppData\Local\Temp\ccqGaBOj.debug.temp.o
family.c.a8845745                                 C:\Users\PC\AppData\Local\Temp\cchuHfBV.debug.temp.o
                                                  C:\Users\PC\AppData\Local\Temp\cdc_msc.elf.Losynp.ltrans0.ltrans.o
gnu_lto_v1                                        C:\Users\PC\AppData\Local\Temp\ccLv6BsY.debug.temp.o
                                                  C:\Users\PC\AppData\Local\Temp\ccsQVCFp.debug.temp.o
                                                  C:\Users\PC\AppData\Local\Temp\ccnOP5PU.debug.temp.o
                                                  C:\Users\PC\AppData\Local\Temp\ccolc93p.debug.temp.o
                                                  C:\Users\PC\AppData\Local\Temp\ccD7yC4U.debug.temp.o
                                                  C:\Users\PC\AppData\Local\Temp\ccAGlywq.debug.temp.o
                                                  C:\Users\PC\AppData\Local\Temp\ccTkZc3V.debug.temp.o
                                                  C:\Users\PC\AppData\Local\Temp\ccmyIQpr.debug.temp.o