Archive member included to satisfy reference by file (symbol)

c:/program files (x86)/gnu tools arm embedded/9 2019-q4-major/bin/../lib/gcc/arm-none-eabi/9.2.1/../../../../arm-none-eabi/lib/thumb/v7e-m+fp/hard\libc_nano.a(lib_a-ctype_.o)
                              _build/nrf52840_xxaa/nrf_log_str_formatter.c.o (_ctype_)
c:/program files (x86)/gnu tools arm embedded/9 2019-q4-major/bin/../lib/gcc/arm-none-eabi/9.2.1/../../../../arm-none-eabi/lib/thumb/v7e-m+fp/hard\libc_nano.a(lib_a-exit.o)
                              c:/program files (x86)/gnu tools arm embedded/9 2019-q4-major/bin/../lib/gcc/arm-none-eabi/9.2.1/../../../../arm-none-eabi/lib/thumb/v7e-m+fp/hard/crt0.o (exit)
c:/program files (x86)/gnu tools arm embedded/9 2019-q4-major/bin/../lib/gcc/arm-none-eabi/9.2.1/../../../../arm-none-eabi/lib/thumb/v7e-m+fp/hard\libc_nano.a(lib_a-impure.o)
                              c:/program files (x86)/gnu tools arm embedded/9 2019-q4-major/bin/../lib/gcc/arm-none-eabi/9.2.1/../../../../arm-none-eabi/lib/thumb/v7e-m+fp/hard\libc_nano.a(lib_a-exit.o) (_global_impure_ptr)
c:/program files (x86)/gnu tools arm embedded/9 2019-q4-major/bin/../lib/gcc/arm-none-eabi/9.2.1/../../../../arm-none-eabi/lib/thumb/v7e-m+fp/hard\libc_nano.a(lib_a-init.o)
                              c:/program files (x86)/gnu tools arm embedded/9 2019-q4-major/bin/../lib/gcc/arm-none-eabi/9.2.1/../../../../arm-none-eabi/lib/thumb/v7e-m+fp/hard/crt0.o (__libc_init_array)
c:/program files (x86)/gnu tools arm embedded/9 2019-q4-major/bin/../lib/gcc/arm-none-eabi/9.2.1/../../../../arm-none-eabi/lib/thumb/v7e-m+fp/hard\libc_nano.a(lib_a-memcpy-stub.o)
                              _build/nrf52840_xxaa/nrf_log_frontend.c.o (memcpy)
c:/program files (x86)/gnu tools arm embedded/9 2019-q4-major/bin/../lib/gcc/arm-none-eabi/9.2.1/../../../../arm-none-eabi/lib/thumb/v7e-m+fp/hard\libc_nano.a(lib_a-memmove.o)
                              _build/nrf52840_xxaa/nrf_cli.c.o (memmove)
c:/program files (x86)/gnu tools arm embedded/9 2019-q4-major/bin/../lib/gcc/arm-none-eabi/9.2.1/../../../../arm-none-eabi/lib/thumb/v7e-m+fp/hard\libc_nano.a(lib_a-memset.o)
                              c:/program files (x86)/gnu tools arm embedded/9 2019-q4-major/bin/../lib/gcc/arm-none-eabi/9.2.1/../../../../arm-none-eabi/lib/thumb/v7e-m+fp/hard/crt0.o (memset)
c:/program files (x86)/gnu tools arm embedded/9 2019-q4-major/bin/../lib/gcc/arm-none-eabi/9.2.1/../../../../arm-none-eabi/lib/thumb/v7e-m+fp/hard\libc_nano.a(lib_a-qsort.o)
                              _build/nrf52840_xxaa/nrf_cli.c.o (qsort)
c:/program files (x86)/gnu tools arm embedded/9 2019-q4-major/bin/../lib/gcc/arm-none-eabi/9.2.1/../../../../arm-none-eabi/lib/thumb/v7e-m+fp/hard\libc_nano.a(lib_a-snprintf.o)
                              _build/nrf52840_xxaa/app_usbd_serial_num.c.o (snprintf)
c:/program files (x86)/gnu tools arm embedded/9 2019-q4-major/bin/../lib/gcc/arm-none-eabi/9.2.1/../../../../arm-none-eabi/lib/thumb/v7e-m+fp/hard\libc_nano.a(lib_a-sscanf.o)
                              _build/nrf52840_xxaa/bsp_cli.c.o (sscanf)
c:/program files (x86)/gnu tools arm embedded/9 2019-q4-major/bin/../lib/gcc/arm-none-eabi/9.2.1/../../../../arm-none-eabi/lib/thumb/v7e-m+fp/hard\libc_nano.a(lib_a-stdio.o)
                              c:/program files (x86)/gnu tools arm embedded/9 2019-q4-major/bin/../lib/gcc/arm-none-eabi/9.2.1/../../../../arm-none-eabi/lib/thumb/v7e-m+fp/hard\libc_nano.a(lib_a-sscanf.o) (__seofread)
c:/program files (x86)/gnu tools arm embedded/9 2019-q4-major/bin/../lib/gcc/arm-none-eabi/9.2.1/../../../../arm-none-eabi/lib/thumb/v7e-m+fp/hard\libc_nano.a(lib_a-strchr.o)
                              _build/nrf52840_xxaa/fnmatch.c.o (strchr)
c:/program files (x86)/gnu tools arm embedded/9 2019-q4-major/bin/../lib/gcc/arm-none-eabi/9.2.1/../../../../arm-none-eabi/lib/thumb/v7e-m+fp/hard\libc_nano.a(lib_a-strcmp.o)
                              _build/nrf52840_xxaa/nrf_log_frontend.c.o (strcmp)
c:/program files (x86)/gnu tools arm embedded/9 2019-q4-major/bin/../lib/gcc/arm-none-eabi/9.2.1/../../../../arm-none-eabi/lib/thumb/v7e-m+fp/hard\libc_nano.a(lib_a-strcpy.o)
                              _build/nrf52840_xxaa/nrf_cli.c.o (strcpy)
c:/program files (x86)/gnu tools arm embedded/9 2019-q4-major/bin/../lib/gcc/arm-none-eabi/9.2.1/../../../../arm-none-eabi/lib/thumb/v7e-m+fp/hard\libc_nano.a(lib_a-strlen.o)
                              _build/nrf52840_xxaa/nrf_log_frontend.c.o (strlen)
c:/program files (x86)/gnu tools arm embedded/9 2019-q4-major/bin/../lib/gcc/arm-none-eabi/9.2.1/../../../../arm-none-eabi/lib/thumb/v7e-m+fp/hard\libc_nano.a(lib_a-strncmp.o)
                              _build/nrf52840_xxaa/nrf_log_frontend.c.o (strncmp)
c:/program files (x86)/gnu tools arm embedded/9 2019-q4-major/bin/../lib/gcc/arm-none-eabi/9.2.1/../../../../arm-none-eabi/lib/thumb/v7e-m+fp/hard\libc_nano.a(lib_a-writer.o)
[...]
Memory Configuration

Name             Origin             Length             Attributes
FLASH            0x00026000         0x000da000         xr
RAM              0x20000000         0x00040000         xrw
*default*        0x00000000         0xffffffff

Linker script and memory map


.text           0x00026000     0x870c
 *(.isr_vector)
 .isr_vector    0x00026000      0x200 _build/nrf52840_xxaa/gcc_startup_nrf52840.S.o
                0x00026000                __isr_vector
 *(.text*)
 .text          0x00026200       0x40 c:/program files (x86)/gnu tools arm embedded/9 2019-q4-major/bin/../lib/gcc/arm-none-eabi/9.2.1/thumb/v7e-m+fp/hard/crtbegin.o
 .text          0x00026240       0x74 c:/program files (x86)/gnu tools arm embedded/9 2019-q4-major/bin/../lib/gcc/arm-none-eabi/9.2.1/../../../../arm-none-eabi/lib/thumb/v7e-m+fp/hard/crt0.o
                0x00026240                _start
                0x00026240                _mainCRTStartup
 .text          0x000262b4       0x3c _build/nrf52840_xxaa/gcc_startup_nrf52840.S.o
                0x000262b4                Reset_Handler
                0x000262dc                NMI_Handler
                0x000262e0                MemoryManagement_Handler
                0x000262e2                BusFault_Handler
                0x000262e4                UsageFault_Handler
                0x000262e6                SVC_Handler
                0x000262e8                DebugMon_Handler
                0x000262ea                PendSV_Handler
                0x000262ec                SysTick_Handler
                0x000262ee                RADIO_IRQHandler
                0x000262ee                PDM_IRQHandler
                0x000262ee                TEMP_IRQHandler
                0x000262ee                QDEC_IRQHandler
                0x000262ee                TIMER3_IRQHandler
                0x000262ee                PWM3_IRQHandler
                0x000262ee                RTC0_IRQHandler
                0x000262ee                SPIM0_SPIS0_TWIM0_TWIS0_SPI0_TWI0_IRQHandler
                0x000262ee                PWM1_IRQHandler
                0x000262ee                TIMER4_IRQHandler
                0x000262ee                CRYPTOCELL_IRQHandler
                0x000262ee                I2S_IRQHandler
                0x000262ee                SWI4_EGU4_IRQHandler
                0x000262ee                TIMER0_IRQHandler
                0x000262ee                FPU_IRQHandler
                0x000262ee                UARTE1_IRQHandler
                0x000262ee                TIMER1_IRQHandler
                0x000262ee                SPIM3_IRQHandler
                0x000262ee                PWM2_IRQHandler
                0x000262ee                ECB_IRQHandler
                0x000262ee                SPIM1_SPIS1_TWIM1_TWIS1_SPI1_TWI1_IRQHandler
                0x000262ee                Default_Handler
                0x000262ee                SAADC_IRQHandler
                0x000262ee                CCM_AAR_IRQHandler
                0x000262ee                WDT_IRQHandler
                0x000262ee                SWI2_EGU2_IRQHandler
                0x000262ee                SWI5_EGU5_IRQHandler
                0x000262ee                RNG_IRQHandler
                0x000262ee                RTC2_IRQHandler
                0x000262ee                PWM0_IRQHandler
                0x000262ee                SWI3_EGU3_IRQHandler
                0x000262ee                SWI1_EGU1_IRQHandler
                0x000262ee                SPIM2_SPIS2_SPI2_IRQHandler
                0x000262ee                NFCT_IRQHandler
                0x000262ee                SWI0_EGU0_IRQHandler
                0x000262ee                MWU_IRQHandler
                0x000262ee                TIMER2_IRQHandler
                0x000262ee                QSPI_IRQHandler
                0x000262ee                COMP_LPCOMP_IRQHandler
 .text.nrf_log_backend_serial_put
                0x000262f0       0xd8 _build/nrf52840_xxaa/nrf_log_backend_serial.c.o
                0x000262f0                nrf_log_backend_serial_put
 .text.nrf_log_backend_uart_flush
                0x000263c8        0x4 _build/nrf52840_xxaa/nrf_log_backend_uart.c.o
 .text.nrf_log_backend_uart_put
                0x000263cc       0x20 _build/nrf52840_xxaa/nrf_log_backend_uart.c.o
 .text.serial_tx
                0x000263ec       0x4c _build/nrf52840_xxaa/nrf_log_backend_uart.c.o
 .text.nrf_log_backend_uart_panic_set
                0x00026438       0x7c _build/nrf52840_xxaa/nrf_log_backend_uart.c.o
 .text.severity_lvl_get
                0x000264b4       0x24 _build/nrf52840_xxaa/nrf_log_frontend.c.o
 .text.log_self_halt
                0x000264d8        0xc _build/nrf52840_xxaa/nrf_log_frontend.c.o
 .text.log_self_go
                0x000264e4        0xc _build/nrf52840_xxaa/nrf_log_frontend.c.o
 .text.backend_name_get
                0x000264f0       0x48 _build/nrf52840_xxaa/nrf_log_frontend.c.o
 .text.log_cmd  0x00026538       0x40 _build/nrf52840_xxaa/nrf_log_frontend.c.o
 .text.log_cmd_backends_list
                0x00026578       0x94 _build/nrf52840_xxaa/nrf_log_frontend.c.o
 .text.log_config_load_cmd
                0x0002660c       0x20 _build/nrf52840_xxaa/nrf_log_frontend.c.o
 .text.log_config_store_cmd
                0x0002662c       0x20 _build/nrf52840_xxaa/nrf_log_frontend.c.o
 .text.log_backend_halt
                0x0002664c       0x50 _build/nrf52840_xxaa/nrf_log_frontend.c.o
 .text.log_backend_go
                0x0002669c       0x54 _build/nrf52840_xxaa/nrf_log_frontend.c.o
 .text.module_name_get
                0x000266f0       0x4c _build/nrf52840_xxaa/nrf_log_frontend.c.o
 .text.log_status
                0x0002673c      0x138 _build/nrf52840_xxaa/nrf_log_frontend.c.o
 .text.log_self_status
                0x00026874        0xc _build/nrf52840_xxaa/nrf_log_frontend.c.o
 .text.log_backend_status
                0x00026880       0x5c _build/nrf52840_xxaa/nrf_log_frontend.c.o
 .text.log_ctrl
                0x000268dc      0x238 _build/nrf52840_xxaa/nrf_log_frontend.c.o
 .text.log_self_ctrl
                0x00026b14        0xc _build/nrf52840_xxaa/nrf_log_frontend.c.o
 .text.log_backend_ctrl
                0x00026b20       0x5c _build/nrf52840_xxaa/nrf_log_frontend.c.o
 .text.nrf_log_module_name_get
                0x00026b7c       0x48 _build/nrf52840_xxaa/nrf_log_frontend.c.o
                0x00026b7c                nrf_log_module_name_get
 .text.nrf_log_color_id_get
                0x00026bc4       0x2c _build/nrf52840_xxaa/nrf_log_frontend.c.o
                0x00026bc4                nrf_log_color_id_get
 .text.log_pending_hook
                0x00026bf0        0x4 _build/nrf52840_xxaa/nrf_log_frontend.c.o
                0x00026bf0                log_pending_hook
 .text.nrf_log_frontend_dequeue
                0x00026bf4      0x284 _build/nrf52840_xxaa/nrf_log_frontend.c.o
                0x00026bf4                nrf_log_frontend_dequeue
 .text.nrf_log_frontend_std_0
                0x00026e78      0x184 _build/nrf52840_xxaa/nrf_log_frontend.c.o
                0x00026e78                nrf_log_frontend_std_0
 .text.nrf_log_frontend_std_1
                0x00026ffc      0x194 _build/nrf52840_xxaa/nrf_log_frontend.c.o
                0x00026ffc                nrf_log_frontend_std_1
 .text.nrf_log_frontend_std_3
                0x00027190      0x1b4 _build/nrf52840_xxaa/nrf_log_frontend.c.o
                0x00027190                nrf_log_frontend_std_3
 .text.nrf_log_frontend_std_4
                0x00027344      0x1cc _build/nrf52840_xxaa/nrf_log_frontend.c.o
                0x00027344                nrf_log_frontend_std_4
 .text.nrf_log_panic
                0x00027510       0x28 _build/nrf52840_xxaa/nrf_log_frontend.c.o
                0x00027510                nrf_log_panic
 .text.prefix_process
                0x00027538       0x80 _build/nrf52840_xxaa/nrf_log_str_formatter.c.o
 .text.nrf_log_std_entry_process
                0x000275b8       0xf0 _build/nrf52840_xxaa/nrf_log_str_formatter.c.o
                0x000275b8                nrf_log_std_entry_process
 .text.nrf_log_hexdump_entry_process
                0x000276a8       0xfc _build/nrf52840_xxaa/nrf_log_str_formatter.c.o
                0x000276a8                nrf_log_hexdump_entry_process
 .text.app_error_handler_bare
                0x000277a4       0x20 _build/nrf52840_xxaa/app_error.c.o
                0x000277a4                app_error_handler_bare
 .text.app_error_fault_handler
                0x000277c4       0x94 _build/nrf52840_xxaa/app_error_weak.c.o
                0x000277c4                app_error_fault_handler
 .text.app_util_critical_region_enter
                0x00027858       0x10 _build/nrf52840_xxaa/app_util_platform.c.o
                0x00027858                app_util_critical_region_enter
 .text.app_util_critical_region_exit
                0x00027868       0x14 _build/nrf52840_xxaa/app_util_platform.c.o
                0x00027868                app_util_critical_region_exit
 .text.RTC1_IRQHandler
                0x0002787c       0x14 _build/nrf52840_xxaa/drv_rtc.c.o
                0x0002787c                RTC1_IRQHandler
 .text.HardFault_Handler
                0x00027890       0x34 _build/nrf52840_xxaa/hardfault_handler_gcc.c.o
                0x00027890                HardFault_Handler
 .text.HardFault_process
                0x000278c4       0x24 _build/nrf52840_xxaa/hardfault_implementation.c.o
                0x000278c4                HardFault_process
 .text.HardFault_c_handler
                0x000278e8      0x188 _build/nrf52840_xxaa/hardfault_implementation.c.o
                0x000278e8                HardFault_c_handler
 .text.nrf_atomic_u32_fetch_store
                0x00027a70       0x1c _build/nrf52840_xxaa/nrf_atomic.c.o
                0x00027a70                nrf_atomic_u32_fetch_store
 .text.nrf_atomic_u32_add
                0x00027a8c       0x1c _build/nrf52840_xxaa/nrf_atomic.c.o
                0x00027a8c                nrf_atomic_u32_add
 .text.nrf_atomic_u32_sub
                0x00027aa8       0x1c _build/nrf52840_xxaa/nrf_atomic.c.o
                0x00027aa8                nrf_atomic_u32_sub
 .text.nrf_atomic_flag_set
                0x00027ac4       0x20 _build/nrf52840_xxaa/nrf_atomic.c.o
                0x00027ac4                nrf_atomic_flag_set
 .text.nrf_atomic_flag_clear_fetch
                0x00027ae4       0x20 _build/nrf52840_xxaa/nrf_atomic.c.o
                0x00027ae4                nrf_atomic_flag_clear_fetch
 .text.nrf_balloc_status
                0x00027b04       0xc4 _build/nrf52840_xxaa/nrf_balloc.c.o
 .text.nrf_balloc_alloc
                0x00027bc8       0x4c _build/nrf52840_xxaa/nrf_balloc.c.o
                0x00027bc8                nrf_balloc_alloc
 .text.nrf_balloc_free
                0x00027c14       0x2c _build/nrf52840_xxaa/nrf_balloc.c.o
                0x00027c14                nrf_balloc_free
 .text.nrf_log_backend_cli_panic_set
                0x00027c40       0x20 _build/nrf52840_xxaa/nrf_cli.c.o
 .text.cursor_position_get
                0x00027c60      0x144 _build/nrf52840_xxaa/nrf_cli.c.o
 .text.format_offset_string_print.part.0
                0x00027da4      0x214 _build/nrf52840_xxaa/nrf_cli.c.o
 .text.nrf_cli_fprintf.constprop.1
                0x00027fb8       0xf0 _build/nrf52840_xxaa/nrf_cli.c.o
 .text.nrf_cli_fprintf.constprop.0
                0x000280a8      0x104 _build/nrf52840_xxaa/nrf_cli.c.o
 .text.nrf_cli_help_print.constprop.0
                0x000281ac      0x170 _build/nrf52840_xxaa/nrf_cli.c.o
 .text.nrf_cli_cmd_clear
                0x0002831c       0x40 _build/nrf52840_xxaa/nrf_cli.c.o
 .text.nrf_cli_fprintf
                0x0002835c      0x124 _build/nrf52840_xxaa/nrf_cli.c.o
                0x0002835c                nrf_cli_fprintf
 .text.cli_log_entry_process
                0x00028480      0x1ac _build/nrf52840_xxaa/nrf_cli.c.o
 .text.nrf_log_backend_cli_flush
                0x0002862c        0xc _build/nrf52840_xxaa/nrf_cli.c.o
 .text.nrf_log_backend_cli_put
                0x00028638       0x50 _build/nrf52840_xxaa/nrf_cli.c.o
 .text.nrf_cli_cmd_cli
                0x00028688       0x24 _build/nrf52840_xxaa/nrf_cli.c.o
 .text.nrf_cli_cmd_cli_stats
                0x000286ac       0x60 _build/nrf52840_xxaa/nrf_cli.c.o
                0x000286ac                nrf_cli_cmd_cli_stats
 .text.nrf_cli_cmd_echo_off
                0x0002870c       0x40 _build/nrf52840_xxaa/nrf_cli.c.o
 .text.nrf_cli_cmd_echo_on
                0x0002874c       0x30 _build/nrf52840_xxaa/nrf_cli.c.o
 .text.nrf_cli_cmd_history
                0x0002877c       0x88 _build/nrf52840_xxaa/nrf_cli.c.o
 .text.nrf_cli_cmd_colors_on
                0x00028804       0x30 _build/nrf52840_xxaa/nrf_cli.c.o
 .text.nrf_cli_cmd_cli_stats_show
                0x00028834       0x70 _build/nrf52840_xxaa/nrf_cli.c.o
                0x00028834                nrf_cli_cmd_cli_stats_show
 .text.nrf_cli_cmd_colors_off
                0x000288a4       0x40 _build/nrf52840_xxaa/nrf_cli.c.o
 .text.nrf_cli_cmd_cli_stats_reset
                0x000288e4       0x3c _build/nrf52840_xxaa/nrf_cli.c.o
                0x000288e4                nrf_cli_cmd_cli_stats_reset
 .text.nrf_cli_cmd_resize_default
                0x00028920       0x44 _build/nrf52840_xxaa/nrf_cli.c.o
 .text.nrf_cli_cmd_echo
                0x00028964       0x7c _build/nrf52840_xxaa/nrf_cli.c.o
 .text.nrf_cli_cmd_colors
                0x000289e0       0x54 _build/nrf52840_xxaa/nrf_cli.c.o
 .text.nrf_cli_cmd_resize
                0x00028a34       0xe4 _build/nrf52840_xxaa/nrf_cli.c.o
 .text.nrf_cli_help_print
                0x00028b18      0x2f4 _build/nrf52840_xxaa/nrf_cli.c.o
                0x00028b18                nrf_cli_help_print
 .text.nrf_fprintf_buffer_flush
                0x00028e0c       0x18 _build/nrf52840_xxaa/nrf_fprintf.c.o
                0x00028e0c                nrf_fprintf_buffer_flush
 .text.nrf_fprintf
                0x00028e24       0x20 _build/nrf52840_xxaa/nrf_fprintf.c.o
                0x00028e24                nrf_fprintf
 .text.unsigned_print
                0x00028e44      0x14c _build/nrf52840_xxaa/nrf_fprintf_format.c.o
 .text.nrf_fprintf_fmt
                0x00028f90      0x5cc _build/nrf52840_xxaa/nrf_fprintf_format.c.o
                0x00028f90                nrf_fprintf_fmt
 .text.nrf_memobj_alloc
                0x0002955c       0x94 _build/nrf52840_xxaa/nrf_memobj.c.o
                0x0002955c                nrf_memobj_alloc
 .text.nrf_memobj_get
                0x000295f0        0x8 _build/nrf52840_xxaa/nrf_memobj.c.o
                0x000295f0                nrf_memobj_get
 .text.nrf_memobj_put
                0x000295f8       0x58 _build/nrf52840_xxaa/nrf_memobj.c.o
                0x000295f8                nrf_memobj_put
 .text.nrf_memobj_write
                0x00029650       0x68 _build/nrf52840_xxaa/nrf_memobj.c.o
                0x00029650                nrf_memobj_write
 .text.nrf_memobj_read
                0x000296b8       0x68 _build/nrf52840_xxaa/nrf_memobj.c.o
                0x000296b8                nrf_memobj_read
 .text.nrf_queue_status
                0x00029720      0x114 _build/nrf52840_xxaa/nrf_queue.c.o
 .text.nrf_queue_push
                0x00029834       0xd8 _build/nrf52840_xxaa/nrf_queue.c.o
                0x00029834                nrf_queue_push
 .text.nrf_queue_generic_pop
                0x0002990c       0xb4 _build/nrf52840_xxaa/nrf_queue.c.o
                0x0002990c                nrf_queue_generic_pop
 .text.nrf_queue_max_utilization_get
                0x000299c0        0x8 _build/nrf52840_xxaa/nrf_queue.c.o
                0x000299c0                nrf_queue_max_utilization_get
 .text.nrf_queue_max_utilization_reset
                0x000299c8        0x8 _build/nrf52840_xxaa/nrf_queue.c.o
                0x000299c8                nrf_queue_max_utilization_reset
 .text.uarte_evt_handler
                0x000299d0       0x34 _build/nrf52840_xxaa/nrf_drv_uart.c.o
 .text.uart_evt_handler
                0x00029a04       0x34 _build/nrf52840_xxaa/nrf_drv_uart.c.o
 .text.nrf_drv_uart_init
                0x00029a38       0x88 _build/nrf52840_xxaa/nrf_drv_uart.c.o
                0x00029a38                nrf_drv_uart_init
 .text.nrfx_atomic_u32_fetch_and
                0x00029ac0       0x1c _build/nrf52840_xxaa/nrfx_atomic.c.o
                0x00029ac0                nrfx_atomic_u32_fetch_and
 .text.nrfx_clock_irq_handler
                0x00029adc       0x6c _build/nrf52840_xxaa/nrfx_clock.c.o
                0x00029adc                nrfx_clock_irq_handler
 .text.GPIOTE_IRQHandler
                0x00029b48      0x500 _build/nrf52840_xxaa/nrfx_gpiote.c.o
                0x00029b48                GPIOTE_IRQHandler
 .text.nrfx_power_irq_handler
                0x0002a048       0xec _build/nrf52840_xxaa/nrfx_power.c.o
                0x0002a048                nrfx_power_irq_handler
 .text.POWER_CLOCK_IRQHandler
                0x0002a134       0x10 _build/nrf52840_xxaa/nrfx_power.c.o
                0x0002a134                POWER_CLOCK_IRQHandler
 .text.UARTE0_UART0_IRQHandler
                0x0002a144        0xc _build/nrf52840_xxaa/nrfx_prs.c.o
                0x0002a144                UARTE0_UART0_IRQHandler
 .text.nrfx_prs_acquire
                0x0002a150       0x3c _build/nrf52840_xxaa/nrfx_prs.c.o
                0x0002a150                nrfx_prs_acquire
 .text.nrfx_prs_release
                0x0002a18c       0x18 _build/nrf52840_xxaa/nrfx_prs.c.o
                0x0002a18c                nrfx_prs_release
 .text.nrfx_uart_0_irq_handler
                0x0002a1a4      0x1c4 _build/nrf52840_xxaa/nrfx_uart.c.o
                0x0002a1a4                nrfx_uart_0_irq_handler
 .text.nrfx_uart_init
                0x0002a368      0x1f0 _build/nrf52840_xxaa/nrfx_uart.c.o
                0x0002a368                nrfx_uart_init
 .text.nrfx_uart_uninit
                0x0002a558      0x10c _build/nrf52840_xxaa/nrfx_uart.c.o
                0x0002a558                nrfx_uart_uninit
 .text.nrfx_uart_tx
                0x0002a664       0xd0 _build/nrf52840_xxaa/nrfx_uart.c.o
                0x0002a664                nrfx_uart_tx
 .text.nrfx_uarte_0_irq_handler
                0x0002a734      0x168 _build/nrf52840_xxaa/nrfx_uarte.c.o
                0x0002a734                nrfx_uarte_0_irq_handler
 .text.nrfx_uarte_init
                0x0002a89c      0x228 _build/nrf52840_xxaa/nrfx_uarte.c.o
                0x0002a89c                nrfx_uarte_init
 .text.nrfx_uarte_uninit
                0x0002aac4      0x170 _build/nrf52840_xxaa/nrfx_uarte.c.o
                0x0002aac4                nrfx_uarte_uninit
 .text.nrfx_uarte_tx
                0x0002ac34       0xb4 _build/nrf52840_xxaa/nrfx_uarte.c.o
                0x0002ac34                nrfx_uarte_tx
 .text.ev_usbreset_handler
                0x0002ace8       0x34 _build/nrf52840_xxaa/nrfx_usbd.c.o
 .text.ev_started_handler
                0x0002ad1c        0x4 _build/nrf52840_xxaa/nrfx_usbd.c.o
 .text.ev_sof_handler
                0x0002ad20       0x48 _build/nrf52840_xxaa/nrfx_usbd.c.o
 .text.ev_dma_epout0_handler
                0x0002ad68       0x80 _build/nrf52840_xxaa/nrfx_usbd.c.o
 .text.ev_usbevent_handler
                0x0002ade8       0xb0 _build/nrf52840_xxaa/nrfx_usbd.c.o
 .text.ev_setup_data_handler
                0x0002ae98      0x124 _build/nrf52840_xxaa/nrfx_usbd.c.o
 .text.usbd_dmareq_process.part.0
                0x0002afbc      0x23c _build/nrf52840_xxaa/nrfx_usbd.c.o
 .text.ev_dma_epout5_handler
                0x0002b1f8       0x7c _build/nrf52840_xxaa/nrfx_usbd.c.o
 .text.ev_dma_epout8_handler
                0x0002b274       0x68 _build/nrf52840_xxaa/nrfx_usbd.c.o
 .text.ev_dma_epin8_handler
                0x0002b2dc       0x7c _build/nrf52840_xxaa/nrfx_usbd.c.o
 .text.ev_dma_epin0_handler
                0x0002b358       0x44 _build/nrf52840_xxaa/nrfx_usbd.c.o
 .text.ev_dma_epin7_handler
                0x0002b39c       0x44 _build/nrf52840_xxaa/nrfx_usbd.c.o
 .text.ev_dma_epin1_handler
                0x0002b3e0       0x44 _build/nrf52840_xxaa/nrfx_usbd.c.o
 .text.ev_dma_epin2_handler
                0x0002b424       0x44 _build/nrf52840_xxaa/nrfx_usbd.c.o
 .text.ev_dma_epin3_handler
                0x0002b468       0x44 _build/nrf52840_xxaa/nrfx_usbd.c.o
 .text.ev_dma_epin4_handler
                0x0002b4ac       0x44 _build/nrf52840_xxaa/nrfx_usbd.c.o
 .text.ev_dma_epin5_handler
                0x0002b4f0       0x44 _build/nrf52840_xxaa/nrfx_usbd.c.o
 .text.ev_dma_epin6_handler
                0x0002b534       0x44 _build/nrf52840_xxaa/nrfx_usbd.c.o
 .text.ev_dma_epout1_handler
                0x0002b578       0x78 _build/nrf52840_xxaa/nrfx_usbd.c.o
 .text.ev_dma_epout6_handler
                0x0002b5f0       0x78 _build/nrf52840_xxaa/nrfx_usbd.c.o
 .text.ev_dma_epout7_handler
                0x0002b668       0x7c _build/nrf52840_xxaa/nrfx_usbd.c.o
 .text.ev_dma_epout2_handler
                0x0002b6e4       0x7c _build/nrf52840_xxaa/nrfx_usbd.c.o
 .text.ev_dma_epout3_handler
                0x0002b760       0x7c _build/nrf52840_xxaa/nrfx_usbd.c.o
 .text.ev_dma_epout4_handler
                0x0002b7dc       0x7c _build/nrf52840_xxaa/nrfx_usbd.c.o
 .text.ev_epdata_handler
                0x0002b858      0x178 _build/nrf52840_xxaa/nrfx_usbd.c.o
 .text.ev_setup_handler
                0x0002b9d0      0x1c4 _build/nrf52840_xxaa/nrfx_usbd.c.o
 .text.USBD_IRQHandler
                0x0002bb94       0xbc _build/nrf52840_xxaa/nrfx_usbd.c.o
                0x0002bb94                USBD_IRQHandler
 .text.cmd_evt  0x0002bc50       0x28 _build/nrf52840_xxaa/bsp_cli.c.o
 .text.cmd_btn  0x0002bc78       0x28 _build/nrf52840_xxaa/bsp_cli.c.o
 .text.startup.main
                0x0002bca0       0x3c _build/nrf52840_xxaa/main.c.o
                0x0002bca0                main
 .text.SystemInit
                0x0002bcdc      0x254 _build/nrf52840_xxaa/system_nrf52840.c.o
                0x0002bcdc                SystemInit
 .text.exit     0x0002bf30       0x28 c:/program files (x86)/gnu tools arm embedded/9 2019-q4-major/bin/../lib/gcc/arm-none-eabi/9.2.1/../../../../arm-none-eabi/lib/thumb/v7e-m+fp/hard\libc_nano.a(lib_a-exit.o)
                0x0002bf30                exit
 .text.__libc_init_array
                0x0002bf58       0x48 c:/program files (x86)/gnu tools arm embedded/9 2019-q4-major/bin/../lib/gcc/arm-none-eabi/9.2.1/../../../../arm-none-eabi/lib/thumb/v7e-m+fp/hard\libc_nano.a(lib_a-init.o)
                0x0002bf58                __libc_init_array
 .text.memcpy   0x0002bfa0       0x1c c:/program files (x86)/gnu tools arm embedded/9 2019-q4-major/bin/../lib/gcc/arm-none-eabi/9.2.1/../../../../arm-none-eabi/lib/thumb/v7e-m+fp/hard\libc_nano.a(lib_a-memcpy-stub.o)
                0x0002bfa0                memcpy
 .text.memset   0x0002bfbc       0x10 c:/program files (x86)/gnu tools arm embedded/9 2019-q4-major/bin/../lib/gcc/arm-none-eabi/9.2.1/../../../../arm-none-eabi/lib/thumb/v7e-m+fp/hard\libc_nano.a(lib_a-memset.o)
                0x0002bfbc                memset
 .text.sscanf   0x0002bfcc       0x58 c:/program files (x86)/gnu tools arm embedded/9 2019-q4-major/bin/../lib/gcc/arm-none-eabi/9.2.1/../../../../arm-none-eabi/lib/thumb/v7e-m+fp/hard\libc_nano.a(lib_a-sscanf.o)
                0x0002bfcc                siscanf
                0x0002bfcc                sscanf
 .text.__seofread
                0x0002c024        0x4 c:/program files (x86)/gnu tools arm embedded/9 2019-q4-major/bin/../lib/gcc/arm-none-eabi/9.2.1/../../../../arm-none-eabi/lib/thumb/v7e-m+fp/hard\libc_nano.a(lib_a-stdio.o)
                0x0002c024                __seofread
 .text          0x0002c028       0x14 c:/program files (x86)/gnu tools arm embedded/9 2019-q4-major/bin/../lib/gcc/arm-none-eabi/9.2.1/../../../../arm-none-eabi/lib/thumb/v7e-m+fp/hard\libc_nano.a(lib_a-strcmp.o)
                0x0002c028                strcmp
 .text          0x0002c03c       0x10 c:/program files (x86)/gnu tools arm embedded/9 2019-q4-major/bin/../lib/gcc/arm-none-eabi/9.2.1/../../../../arm-none-eabi/lib/thumb/v7e-m+fp/hard\libc_nano.a(lib_a-strlen.o)
                0x0002c03c                strlen
 .text.strncmp  0x0002c04c       0x24 c:/program files (x86)/gnu tools arm embedded/9 2019-q4-major/bin/../lib/gcc/arm-none-eabi/9.2.1/../../../../arm-none-eabi/lib/thumb/v7e-m+fp/hard\libc_nano.a(lib_a-strncmp.o)
                0x0002c04c                strncmp
 .text._sungetc_r
                0x0002c070       0x7a c:/program files (x86)/gnu tools arm embedded/9 2019-q4-major/bin/../lib/gcc/arm-none-eabi/9.2.1/../../../../arm-none-eabi/lib/thumb/v7e-m+fp/hard\libc_nano.a(lib_a-nano-svfscanf.o)
                0x0002c070                _sungetc_r
 .text.__ssrefill_r
                0x0002c0ea       0x3a c:/program files (x86)/gnu tools arm embedded/9 2019-q4-major/bin/../lib/gcc/arm-none-eabi/9.2.1/../../../../arm-none-eabi/lib/thumb/v7e-m+fp/hard\libc_nano.a(lib_a-nano-svfscanf.o)
                0x0002c0ea                __ssrefill_r
 .text.__ssvfscanf_r
                0x0002c124      0x2f0 c:/program files (x86)/gnu tools arm embedded/9 2019-q4-major/bin/../lib/gcc/arm-none-eabi/9.2.1/../../../../arm-none-eabi/lib/thumb/v7e-m+fp/hard\libc_nano.a(lib_a-nano-svfscanf.o)
                0x0002c124                __ssvfiscanf_r
                0x0002c124                __ssvfscanf_r
 .text._scanf_chars
                0x0002c414       0xb0 c:/program files (x86)/gnu tools arm embedded/9 2019-q4-major/bin/../lib/gcc/arm-none-eabi/9.2.1/../../../../arm-none-eabi/lib/thumb/v7e-m+fp/hard\libc_nano.a(lib_a-nano-vfscanf_i.o)
                0x0002c414                _scanf_chars
 .text._scanf_i
                0x0002c4c4      0x1e8 c:/program files (x86)/gnu tools arm embedded/9 2019-q4-major/bin/../lib/gcc/arm-none-eabi/9.2.1/../../../../arm-none-eabi/lib/thumb/v7e-m+fp/hard\libc_nano.a(lib_a-nano-vfscanf_i.o)
                0x0002c4c4                _scanf_i
 .text.__sccl   0x0002c6ac       0x74 c:/program files (x86)/gnu tools arm embedded/9 2019-q4-major/bin/../lib/gcc/arm-none-eabi/9.2.1/../../../../arm-none-eabi/lib/thumb/v7e-m+fp/hard\libc_nano.a(lib_a-sccl.o)
                0x0002c6ac                __sccl
 .text._strtol_l.isra.0
                0x0002c720       0xf4 c:/program files (x86)/gnu tools arm embedded/9 2019-q4-major/bin/../lib/gcc/arm-none-eabi/9.2.1/../../../../arm-none-eabi/lib/thumb/v7e-m+fp/hard\libc_nano.a(lib_a-strtol.o)
 .text._strtol_r
                0x0002c814        0x4 c:/program files (x86)/gnu tools arm embedded/9 2019-q4-major/bin/../lib/gcc/arm-none-eabi/9.2.1/../../../../arm-none-eabi/lib/thumb/v7e-m+fp/hard\libc_nano.a(lib_a-strtol.o)
                0x0002c814                _strtol_r
 .text._strtoul_l.isra.0
                0x0002c818       0xf8 c:/program files (x86)/gnu tools arm embedded/9 2019-q4-major/bin/../lib/gcc/arm-none-eabi/9.2.1/../../../../arm-none-eabi/lib/thumb/v7e-m+fp/hard\libc_nano.a(lib_a-strtoul.o)
 .text._strtoul_r
                0x0002c910        0x4 c:/program files (x86)/gnu tools arm embedded/9 2019-q4-major/bin/../lib/gcc/arm-none-eabi/9.2.1/../../../../arm-none-eabi/lib/thumb/v7e-m+fp/hard\libc_nano.a(lib_a-strtoul.o)
                0x0002c910                _strtoul_r
 .text.__submore
                0x0002c914       0x74 c:/program files (x86)/gnu tools arm embedded/9 2019-q4-major/bin/../lib/gcc/arm-none-eabi/9.2.1/../../../../arm-none-eabi/lib/thumb/v7e-m+fp/hard\libc_nano.a(lib_a-ungetc.o)
                0x0002c914                __submore
 .text.__retarget_lock_acquire_recursive
                0x0002c988        0x2 c:/program files (x86)/gnu tools arm embedded/9 2019-q4-major/bin/../lib/gcc/arm-none-eabi/9.2.1/../../../../arm-none-eabi/lib/thumb/v7e-m+fp/hard\libc_nano.a(lib_a-lock.o)
                0x0002c988                __retarget_lock_acquire_recursive
 .text.__retarget_lock_release_recursive
                0x0002c98a        0x2 c:/program files (x86)/gnu tools arm embedded/9 2019-q4-major/bin/../lib/gcc/arm-none-eabi/9.2.1/../../../../arm-none-eabi/lib/thumb/v7e-m+fp/hard\libc_nano.a(lib_a-lock.o)
                0x0002c98a                __retarget_lock_release_recursive
 *fill*         0x0002c98c        0x4 
 .text          0x0002c990       0xa0 c:/program files (x86)/gnu tools arm embedded/9 2019-q4-major/bin/../lib/gcc/arm-none-eabi/9.2.1/../../../../arm-none-eabi/lib/thumb/v7e-m+fp/hard\libc_nano.a(lib_a-memchr.o)
                0x0002c990                memchr
 .text._free_r  0x0002ca30       0xa0 c:/program files (x86)/gnu tools arm embedded/9 2019-q4-major/bin/../lib/gcc/arm-none-eabi/9.2.1/../../../../arm-none-eabi/lib/thumb/v7e-m+fp/hard\libc_nano.a(lib_a-nano-freer.o)
                0x0002ca30                _free_r
 .text._malloc_r
                0x0002cad0       0xb4 c:/program files (x86)/gnu tools arm embedded/9 2019-q4-major/bin/../lib/gcc/arm-none-eabi/9.2.1/../../../../arm-none-eabi/lib/thumb/v7e-m+fp/hard\libc_nano.a(lib_a-nano-mallocr.o)
                0x0002cad0                _malloc_r
 .text._realloc_r
                0x0002cb84       0x4c c:/program files (x86)/gnu tools arm embedded/9 2019-q4-major/bin/../lib/gcc/arm-none-eabi/9.2.1/../../../../arm-none-eabi/lib/thumb/v7e-m+fp/hard\libc_nano.a(lib_a-nano-reallocr.o)
                0x0002cb84                _realloc_r
 .text._sbrk_r  0x0002cbd0       0x20 c:/program files (x86)/gnu tools arm embedded/9 2019-q4-major/bin/../lib/gcc/arm-none-eabi/9.2.1/../../../../arm-none-eabi/lib/thumb/v7e-m+fp/hard\libc_nano.a(lib_a-sbrkr.o)
                0x0002cbd0                _sbrk_r
 .text.__malloc_lock
                0x0002cbf0        0xc c:/program files (x86)/gnu tools arm embedded/9 2019-q4-major/bin/../lib/gcc/arm-none-eabi/9.2.1/../../../../arm-none-eabi/lib/thumb/v7e-m+fp/hard\libc_nano.a(lib_a-mlock.o)
                0x0002cbf0                __malloc_lock
 .text.__malloc_unlock
                0x0002cbfc        0xc c:/program files (x86)/gnu tools arm embedded/9 2019-q4-major/bin/../lib/gcc/arm-none-eabi/9.2.1/../../../../arm-none-eabi/lib/thumb/v7e-m+fp/hard\libc_nano.a(lib_a-mlock.o)
                0x0002cbfc                __malloc_unlock
 .text._malloc_usable_size_r
                0x0002cc08       0x10 c:/program files (x86)/gnu tools arm embedded/9 2019-q4-major/bin/../lib/gcc/arm-none-eabi/9.2.1/../../../../arm-none-eabi/lib/thumb/v7e-m+fp/hard\libc_nano.a(lib_a-nano-msizer.o)
                0x0002cc08                _malloc_usable_size_r
 .text._sbrk    0x0002cc18       0x1c c:/program files (x86)/gnu tools arm embedded/9 2019-q4-major/bin/../lib/gcc/arm-none-eabi/9.2.1/../../../../arm-none-eabi/lib/thumb/v7e-m+fp/hard\libnosys.a(sbrk.o)
                0x0002cc18                _sbrk
 .text._exit    0x0002cc34        0x4 c:/program files (x86)/gnu tools arm embedded/9 2019-q4-major/bin/../lib/gcc/arm-none-eabi/9.2.1/../../../../arm-none-eabi/lib/thumb/v7e-m+fp/hard\libnosys.a(_exit.o)
                0x0002cc34                _exit
 *(.init)
 .init          0x0002cc38        0x4 c:/program files (x86)/gnu tools arm embedded/9 2019-q4-major/bin/../lib/gcc/arm-none-eabi/9.2.1/thumb/v7e-m+fp/hard/crti.o
                0x0002cc38                _init
 .init          0x0002cc3c        0x8 c:/program files (x86)/gnu tools arm embedded/9 2019-q4-major/bin/../lib/gcc/arm-none-eabi/9.2.1/thumb/v7e-m+fp/hard/crtn.o
 *(.fini)
 .fini          0x0002cc44        0x4 c:/program files (x86)/gnu tools arm embedded/9 2019-q4-major/bin/../lib/gcc/arm-none-eabi/9.2.1/thumb/v7e-m+fp/hard/crti.o
                0x0002cc44                _fini
 .fini          0x0002cc48        0x8 c:/program files (x86)/gnu tools arm embedded/9 2019-q4-major/bin/../lib/gcc/arm-none-eabi/9.2.1/thumb/v7e-m+fp/hard/crtn.o
 *crtbegin.o(.ctors)
 *crtbegin?.o(.ctors)
 *(EXCLUDE_FILE(*crtend.o *crtend?.o) .ctors)
 *(SORT_BY_NAME(.ctors.*))
 *(.ctors)
 *crtbegin.o(.dtors)
 *crtbegin?.o(.dtors)
 *(EXCLUDE_FILE(*crtend.o *crtend?.o) .dtors)
 *(SORT_BY_NAME(.dtors.*))
 *(.dtors)
 *(.rodata*)
 .rodata        0x0002cc50       0x20 _build/nrf52840_xxaa/nrf_log_backend_uart.c.o
 .rodata.nrf_log_backend_uart_api
                0x0002cc70        0xc _build/nrf52840_xxaa/nrf_log_backend_uart.c.o
                0x0002cc70                nrf_log_backend_uart_api
 .rodata.str1.4
                0x0002cc7c       0x11 _build/nrf52840_xxaa/nrf_log_default_backends.c.o
 *fill*         0x0002cc8d        0x3 
 .rodata.log_cmd.str1.4
                0x0002cc90       0x21 _build/nrf52840_xxaa/nrf_log_frontend.c.o
 *fill*         0x0002ccb1        0x3 
 .rodata.log_cmd_backends_list.str1.4
                0x0002ccb4       0x55 _build/nrf52840_xxaa/nrf_log_frontend.c.o
 *fill*         0x0002cd09        0x3 
 .rodata.log_config_load_cmd.str1.4
                0x0002cd0c       0x11 _build/nrf52840_xxaa/nrf_log_frontend.c.o
 *fill*         0x0002cd1d        0x3 
 .rodata.log_backend_halt.str1.4
                0x0002cd20       0x16 _build/nrf52840_xxaa/nrf_log_frontend.c.o
 *fill*         0x0002cd36        0x2 
 .rodata.log_status.str1.4
                0x0002cd38       0xa2 _build/nrf52840_xxaa/nrf_log_frontend.c.o
                                 0xa5 (size before relaxing)
 *fill*         0x0002cdda        0x2 
 .rodata.log_ctrl.str1.4
                0x0002cddc       0x95 _build/nrf52840_xxaa/nrf_log_frontend.c.o
 *fill*         0x0002ce71        0x3 
 .rodata.nrf_log_frontend_dequeue.str1.4
                0x0002ce74       0x11 _build/nrf52840_xxaa/nrf_log_frontend.c.o
 *fill*         0x0002ce85        0x3 
 .rodata.str1.4
                0x0002ce88      0x27b _build/nrf52840_xxaa/nrf_log_frontend.c.o
                                0x283 (size before relaxing)
 *fill*         0x0002d103        0x1 
 .rodata.m_backend_name_dynamic
                0x0002d104        0x8 _build/nrf52840_xxaa/nrf_log_frontend.c.o
 .rodata.m_module_name
                0x0002d10c        0x8 _build/nrf52840_xxaa/nrf_log_frontend.c.o
 .rodata.m_severity_lvl
                0x0002d114        0x8 _build/nrf52840_xxaa/nrf_log_frontend.c.o
 .rodata.m_severity_lvls
                0x0002d11c       0x14 _build/nrf52840_xxaa/nrf_log_frontend.c.o
 .rodata.m_severity_lvls_sorted
                0x0002d130       0x14 _build/nrf52840_xxaa/nrf_log_frontend.c.o
 .rodata.m_sub_log_backend
                0x0002d144        0x8 _build/nrf52840_xxaa/nrf_log_frontend.c.o
 .rodata.m_sub_log_backend_raw
                0x0002d14c       0x60 _build/nrf52840_xxaa/nrf_log_frontend.c.o
 .rodata.m_sub_log_config
                0x0002d1ac        0x8 _build/nrf52840_xxaa/nrf_log_frontend.c.o
 .rodata.m_sub_log_config_raw
                0x0002d1b4       0x30 _build/nrf52840_xxaa/nrf_log_frontend.c.o
 .rodata.m_sub_log_stat
                0x0002d1e4        0x8 _build/nrf52840_xxaa/nrf_log_frontend.c.o
 .rodata.m_sub_log_stat_raw
                0x0002d1ec       0x90 _build/nrf52840_xxaa/nrf_log_frontend.c.o
 .rodata.nrf_cli_log_raw
                0x0002d27c       0x10 _build/nrf52840_xxaa/nrf_log_frontend.c.o
                0x0002d27c                nrf_cli_log_raw
 .rodata.prefix_process.str1.4
                0x0002d28c       0x36 _build/nrf52840_xxaa/nrf_log_str_formatter.c.o
 .rodata.nrf_log_std_entry_process.str1.4
                0x0002d2c2       0x36 _build/nrf52840_xxaa/nrf_log_str_formatter.c.o
                                  0x3 (size before relaxing)
 *fill*         0x0002d2c2        0x2 
 .rodata.nrf_log_hexdump_entry_process.str1.4
                0x0002d2c4       0x13 _build/nrf52840_xxaa/nrf_log_str_formatter.c.o
                                 0x16 (size before relaxing)
 *fill*         0x0002d2d7        0x1 
 .rodata.str1.4
                0x0002d2d8       0x38 _build/nrf52840_xxaa/nrf_log_str_formatter.c.o
                                 0x56 (size before relaxing)
 .rodata.m_colors
                0x0002d310       0x24 _build/nrf52840_xxaa/nrf_log_str_formatter.c.o
 .rodata.severity_names
                0x0002d334       0x14 _build/nrf52840_xxaa/nrf_log_str_formatter.c.o
 .rodata.str1.4
                0x0002d348       0x33 _build/nrf52840_xxaa/app_button.c.o
 *fill*         0x0002d37b        0x1 
 .rodata.app_error_fault_handler.str1.4
                0x0002d37c       0x19 _build/nrf52840_xxaa/app_error_weak.c.o
 *fill*         0x0002d395        0x3 
 .rodata.str1.4
                0x0002d398       0x1e _build/nrf52840_xxaa/app_timer2.c.o
 *fill*         0x0002d3b6        0x2 
 .rodata.str1.4
                0x0002d3b8       0x21 _build/nrf52840_xxaa/app_usbd.c.o
 *fill*         0x0002d3d9        0x3 
 .rodata.str1.4
                0x0002d3dc        0x8 _build/nrf52840_xxaa/app_usbd_cdc_acm.c.o
 .rodata.str1.4
                0x0002d3e4        0xe _build/nrf52840_xxaa/app_usbd_core.c.o
 *fill*         0x0002d3f2        0x2 
 .rodata.HardFault_c_handler.str1.4
                0x0002d3f4      0x136 _build/nrf52840_xxaa/hardfault_implementation.c.o
 *fill*         0x0002d52a        0x2 
 .rodata.str1.4
                0x0002d52c      0x4de _build/nrf52840_xxaa/hardfault_implementation.c.o
 *fill*         0x0002da0a        0x2 
 .rodata.cfsr_msgs.8977
                0x0002da0c       0x68 _build/nrf52840_xxaa/hardfault_implementation.c.o
 .rodata.nrf_balloc_status.str1.4
                0x0002da74       0xa2 _build/nrf52840_xxaa/nrf_balloc.c.o
 *fill*         0x0002db16        0x2 
 .rodata.str1.4
                0x0002db18       0x4a _build/nrf52840_xxaa/nrf_balloc.c.o
                                 0x52 (size before relaxing)
 *fill*         0x0002db62        0x2 
 .rodata.nrf_balloc_commands
                0x0002db64        0x8 _build/nrf52840_xxaa/nrf_balloc.c.o
 .rodata.nrf_balloc_commands_raw
                0x0002db6c       0x20 _build/nrf52840_xxaa/nrf_balloc.c.o
 .rodata.nrf_cli_balloc_raw
                0x0002db8c       0x10 _build/nrf52840_xxaa/nrf_balloc.c.o
                0x0002db8c                nrf_cli_balloc_raw
 .rodata.format_offset_string_print.part.0.str1.4
                0x0002db9c        0x6 _build/nrf52840_xxaa/nrf_cli.c.o
                                  0xa (size before relaxing)
 .rodata.nrf_cli_fprintf.constprop.1.str1.4
                0x0002dba2        0x3 _build/nrf52840_xxaa/nrf_cli.c.o
 *fill*         0x0002dba2        0x2 
 .rodata.nrf_cli_help_print.constprop.0.str1.4
                0x0002dba4       0x36 _build/nrf52840_xxaa/nrf_cli.c.o
                                 0x3e (size before relaxing)
 *fill*         0x0002dbda        0x2 
 .rodata.cursor_end_position_move.str1.4
                0x0002dbdc        0xe _build/nrf52840_xxaa/nrf_cli.c.o
 *fill*         0x0002dbea        0x2 
 .rodata.cursor_home_position_move.str1.4
                0x0002dbec        0x6 _build/nrf52840_xxaa/nrf_cli.c.o
 .rodata.char_insert.str1.4
                0x0002dbf2        0x3 _build/nrf52840_xxaa/nrf_cli.c.o
 *fill*         0x0002dbf2        0x2 
 .rodata.cli_log_entry_process.str1.4
                0x0002dbf4       0x2e _build/nrf52840_xxaa/nrf_cli.c.o
 *fill*         0x0002dc22        0x2 
 .rodata.nrf_cli_process.str1.4
                0x0002dc24       0x98 _build/nrf52840_xxaa/nrf_cli.c.o
 .rodata.nrf_cli_cmd_cli_stats.str1.4
                0x0002dcbc       0x27 _build/nrf52840_xxaa/nrf_cli.c.o
                                 0x3f (size before relaxing)
 *fill*         0x0002dce3        0x1 
 .rodata.nrf_cli_cmd_history.str1.4
                0x0002dce4        0xa _build/nrf52840_xxaa/nrf_cli.c.o
 *fill*         0x0002dcee        0x2 
 .rodata.nrf_cli_cmd_cli_stats_show.str1.4
                0x0002dcf0       0x37 _build/nrf52840_xxaa/nrf_cli.c.o
 *fill*         0x0002dd27        0x1 
 .rodata.nrf_cli_cmd_echo.str1.4
                0x0002dd28       0x15 _build/nrf52840_xxaa/nrf_cli.c.o
                                 0x19 (size before relaxing)
 *fill*         0x0002dd3d        0x3 
 .rodata.nrf_cli_cmd_resize.str1.4
                0x0002dd40       0x3a _build/nrf52840_xxaa/nrf_cli.c.o
 *fill*         0x0002dd7a        0x2 
 .rodata.nrf_cli_help_print.str1.4
                0x0002dd7c        0x9 _build/nrf52840_xxaa/nrf_cli.c.o
 *fill*         0x0002dd85        0x3 
 .rodata.str1.4
                0x0002dd88      0x2ab _build/nrf52840_xxaa/nrf_cli.c.o
 *fill*         0x0002e033        0x1 
 .rodata.cmd.10128
                0x0002e034        0x4 _build/nrf52840_xxaa/nrf_cli.c.o
 .rodata.cmd.10129
                0x0002e038        0x5 _build/nrf52840_xxaa/nrf_cli.c.o
 *fill*         0x0002e03d        0x3 
 .rodata.cmd.10198
                0x0002e040        0x6 _build/nrf52840_xxaa/nrf_cli.c.o
 *fill*         0x0002e046        0x2 
 .rodata.cmd.9630
                0x0002e048        0x4 _build/nrf52840_xxaa/nrf_cli.c.o
 .rodata.cmd.9710
                0x0002e04c        0x4 _build/nrf52840_xxaa/nrf_cli.c.o
 .rodata.cmd_get_terminal_size.9684
                0x0002e050        0x5 _build/nrf52840_xxaa/nrf_cli.c.o
 *fill*         0x0002e055        0x3 
 .rodata.cmd_sep.10056
                0x0002e058        0x4 _build/nrf52840_xxaa/nrf_cli.c.o
 *fill*         0x0002e05c        0x4 
 .rodata.delay_machine_code.9259
                0x0002e060        0x6 _build/nrf52840_xxaa/nrf_cli.c.o
 *fill*         0x0002e066        0x2 
 .rodata.help.10055
                0x0002e068        0xb _build/nrf52840_xxaa/nrf_cli.c.o
 *fill*         0x0002e073        0x1 
 .rodata.m_sub_cli
                0x0002e074        0x8 _build/nrf52840_xxaa/nrf_cli.c.o
 .rodata.m_sub_cli_raw
                0x0002e07c       0x40 _build/nrf52840_xxaa/nrf_cli.c.o
 .rodata.m_sub_cli_stats
                0x0002e0bc        0x8 _build/nrf52840_xxaa/nrf_cli.c.o
 .rodata.m_sub_cli_stats_raw
                0x0002e0c4       0x30 _build/nrf52840_xxaa/nrf_cli.c.o
 .rodata.m_sub_colors
                0x0002e0f4        0x8 _build/nrf52840_xxaa/nrf_cli.c.o
 .rodata.m_sub_colors_raw
                0x0002e0fc       0x30 _build/nrf52840_xxaa/nrf_cli.c.o
 .rodata.m_sub_echo
                0x0002e12c        0x8 _build/nrf52840_xxaa/nrf_cli.c.o
 .rodata.m_sub_echo_raw
                0x0002e134       0x30 _build/nrf52840_xxaa/nrf_cli.c.o
 .rodata.m_sub_resize
                0x0002e164        0x8 _build/nrf52840_xxaa/nrf_cli.c.o
 .rodata.m_sub_resize_raw
                0x0002e16c       0x20 _build/nrf52840_xxaa/nrf_cli.c.o
 .rodata.nrf_cli_clear_raw
                0x0002e18c       0x10 _build/nrf52840_xxaa/nrf_cli.c.o
                0x0002e18c                nrf_cli_clear_raw
 .rodata.nrf_cli_cli_raw
                0x0002e19c       0x10 _build/nrf52840_xxaa/nrf_cli.c.o
                0x0002e19c                nrf_cli_cli_raw
 .rodata.nrf_cli_history_raw
                0x0002e1ac       0x10 _build/nrf52840_xxaa/nrf_cli.c.o
                0x0002e1ac                nrf_cli_history_raw
 .rodata.nrf_cli_resize_raw
                0x0002e1bc       0x10 _build/nrf52840_xxaa/nrf_cli.c.o
                0x0002e1bc                nrf_cli_resize_raw
 .rodata.nrf_log_backend_cli_api
                0x0002e1cc        0xc _build/nrf52840_xxaa/nrf_cli.c.o
                0x0002e1cc                nrf_log_backend_cli_api
 .rodata.opt_sep.10054
                0x0002e1d8        0x3 _build/nrf52840_xxaa/nrf_cli.c.o
 *fill*         0x0002e1db        0x1 
 .rodata.str1.4
                0x0002e1dc        0x9 _build/nrf52840_xxaa/nrf_cli_uart.c.o
 *fill*         0x0002e1e5        0x3 
 .rodata._aV2C.7864
                0x0002e1e8       0x10 _build/nrf52840_xxaa/nrf_fprintf_format.c.o
 .rodata.str1.4
                0x0002e1f8        0x9 _build/nrf52840_xxaa/nrf_pwr_mgmt.c.o
 *fill*         0x0002e201        0x3 
 .rodata.nrf_queue_status.str1.4
                0x0002e204       0x94 _build/nrf52840_xxaa/nrf_queue.c.o
                                 0xa8 (size before relaxing)
 .rodata.str1.4
                0x0002e298       0x29 _build/nrf52840_xxaa/nrf_queue.c.o
                                 0x51 (size before relaxing)
 *fill*         0x0002e2c1        0x3 
 .rodata.nrf_cli_queue_raw
                0x0002e2c4       0x10 _build/nrf52840_xxaa/nrf_queue.c.o
                0x0002e2c4                nrf_cli_queue_raw
 .rodata.nrf_queue_commands
                0x0002e2d4        0x8 _build/nrf52840_xxaa/nrf_queue.c.o
 .rodata.nrf_queue_commands_raw
                0x0002e2dc       0x20 _build/nrf52840_xxaa/nrf_queue.c.o
 .rodata.str1.4
                0x0002e2fc        0x9 _build/nrf52840_xxaa/nrf_sortlist.c.o
 *fill*         0x0002e305        0x3 
 .rodata.str1.4
                0x0002e308        0x6 _build/nrf52840_xxaa/nrf_drv_clock.c.o
 *fill*         0x0002e30e        0x2 
 .rodata.str1.4
                0x0002e310        0x6 _build/nrf52840_xxaa/nrfx_clock.c.o
 *fill*         0x0002e316        0x2 
 .rodata.str1.4
                0x0002e318        0x7 _build/nrf52840_xxaa/nrfx_gpiote.c.o
 *fill*         0x0002e31f        0x1 
 .rodata.str1.4
                0x0002e320        0x4 _build/nrf52840_xxaa/nrfx_prs.c.o
 .rodata.str1.4
                0x0002e324        0x5 _build/nrf52840_xxaa/nrfx_uart.c.o
 *fill*         0x0002e329        0x3 
 .rodata.str1.4
                0x0002e32c        0x6 _build/nrf52840_xxaa/nrfx_uarte.c.o
 *fill*         0x0002e332        0x2 
 .rodata.str1.4
                0x0002e334        0x5 _build/nrf52840_xxaa/nrfx_usbd.c.o
 *fill*         0x0002e339        0x3 
 .rodata.epin_endev.12180
                0x0002e33c       0x12 _build/nrf52840_xxaa/nrfx_usbd.c.o
 *fill*         0x0002e34e        0x2 
 .rodata.epout_endev.12181
                0x0002e350       0x12 _build/nrf52840_xxaa/nrfx_usbd.c.o
 *fill*         0x0002e362        0x2 
 .rodata.m_isr  0x0002e364       0x64 _build/nrf52840_xxaa/nrfx_usbd.c.o
 .rodata.str1.4
                0x0002e3c8       0x51 _build/nrf52840_xxaa/bsp.c.o
 *fill*         0x0002e419        0x3 
 .rodata.cmd_evt.str1.4
                0x0002e41c        0x4 _build/nrf52840_xxaa/bsp_cli.c.o
 .rodata.str1.4
                0x0002e420       0x31 _build/nrf52840_xxaa/bsp_cli.c.o
 *fill*         0x0002e451        0x3 
 .rodata.m_sub_bsp
                0x0002e454        0x8 _build/nrf52840_xxaa/bsp_cli.c.o
 .rodata.m_sub_bsp_raw
                0x0002e45c       0x30 _build/nrf52840_xxaa/bsp_cli.c.o
 .rodata.nrf_cli_bsp_raw
                0x0002e48c       0x10 _build/nrf52840_xxaa/bsp_cli.c.o
                0x0002e48c                nrf_cli_bsp_raw
 .rodata.str1.4
                0x0002e49c       0xc1 _build/nrf52840_xxaa/main.c.o
 *fill*         0x0002e55d        0x3 
 .rodata.delay_machine_code.8378
                0x0002e560        0x6 _build/nrf52840_xxaa/main.c.o
 *fill*         0x0002e566        0x2 
 .rodata.CSWTCH.15
                0x0002e568        0x6 _build/nrf52840_xxaa/system_nrf52840.c.o
 *fill*         0x0002e56e        0x2 
 .rodata.CSWTCH.6
                0x0002e570        0x6 _build/nrf52840_xxaa/system_nrf52840.c.o
 .rodata._ctype_
                0x0002e576      0x101 c:/program files (x86)/gnu tools arm embedded/9 2019-q4-major/bin/../lib/gcc/arm-none-eabi/9.2.1/../../../../arm-none-eabi/lib/thumb/v7e-m+fp/hard\libc_nano.a(lib_a-ctype_.o)
                0x0002e576                _ctype_
 *fill*         0x0002e677        0x1 
 .rodata._global_impure_ptr
                0x0002e678        0x4 c:/program files (x86)/gnu tools arm embedded/9 2019-q4-major/bin/../lib/gcc/arm-none-eabi/9.2.1/../../../../arm-none-eabi/lib/thumb/v7e-m+fp/hard\libc_nano.a(lib_a-impure.o)
                0x0002e678                _global_impure_ptr
 .rodata.__ssvfscanf_r.str1.1
                0x0002e67c        0x4 c:/program files (x86)/gnu tools arm embedded/9 2019-q4-major/bin/../lib/gcc/arm-none-eabi/9.2.1/../../../../arm-none-eabi/lib/thumb/v7e-m+fp/hard\libc_nano.a(lib_a-nano-svfscanf.o)
 .rodata.str1.1
                0x0002e680        0x9 c:/program files (x86)/gnu tools arm embedded/9 2019-q4-major/bin/../lib/gcc/arm-none-eabi/9.2.1/../../../../arm-none-eabi/lib/thumb/v7e-m+fp/hard\libc_nano.a(lib_a-nano-vfscanf_i.o)
 .rodata._scanf_i.str1.1
                0x0002e689       0x12 c:/program files (x86)/gnu tools arm embedded/9 2019-q4-major/bin/../lib/gcc/arm-none-eabi/9.2.1/../../../../arm-none-eabi/lib/thumb/v7e-m+fp/hard\libc_nano.a(lib_a-nano-vfscanf_i.o)
 *fill*         0x0002e69b        0x1 
 .rodata        0x0002e69c        0xc c:/program files (x86)/gnu tools arm embedded/9 2019-q4-major/bin/../lib/gcc/arm-none-eabi/9.2.1/../../../../arm-none-eabi/lib/thumb/v7e-m+fp/hard\libc_nano.a(lib_a-nano-vfscanf_i.o)
 .rodata.__sf_fake_stderr
                0x0002e6a8       0x20 c:/program files (x86)/gnu tools arm embedded/9 2019-q4-major/bin/../lib/gcc/arm-none-eabi/9.2.1/../../../../arm-none-eabi/lib/thumb/v7e-m+fp/hard\libc_nano.a(lib_a-findfp.o)
                0x0002e6a8                __sf_fake_stderr
 .rodata.__sf_fake_stdin
                0x0002e6c8       0x20 c:/program files (x86)/gnu tools arm embedded/9 2019-q4-major/bin/../lib/gcc/arm-none-eabi/9.2.1/../../../../arm-none-eabi/lib/thumb/v7e-m+fp/hard\libc_nano.a(lib_a-findfp.o)
                0x0002e6c8                __sf_fake_stdin
 .rodata.__sf_fake_stdout
                0x0002e6e8       0x20 c:/program files (x86)/gnu tools arm embedded/9 2019-q4-major/bin/../lib/gcc/arm-none-eabi/9.2.1/../../../../arm-none-eabi/lib/thumb/v7e-m+fp/hard\libc_nano.a(lib_a-findfp.o)
                0x0002e6e8                __sf_fake_stdout
 *(.eh_frame*)
 .eh_frame      0x0002e708        0x0 c:/program files (x86)/gnu tools arm embedded/9 2019-q4-major/bin/../lib/gcc/arm-none-eabi/9.2.1/thumb/v7e-m+fp/hard/crtbegin.o
 .eh_frame      0x0002e708        0x4 c:/program files (x86)/gnu tools arm embedded/9 2019-q4-major/bin/../lib/gcc/arm-none-eabi/9.2.1/thumb/v7e-m+fp/hard/crtend.o

.glue_7         0x0002e70c        0x0
 .glue_7        0x0002e70c        0x0 linker stubs

.glue_7t        0x0002e70c        0x0
 .glue_7t       0x0002e70c        0x0 linker stubs

.vfp11_veneer   0x0002e70c        0x0
 .vfp11_veneer  0x0002e70c        0x0 linker stubs

.v4_bx          0x0002e70c        0x0
 .v4_bx         0x0002e70c        0x0 linker stubs

.iplt           0x0002e70c        0x0
 .iplt          0x0002e70c        0x0 c:/program files (x86)/gnu tools arm embedded/9 2019-q4-major/bin/../lib/gcc/arm-none-eabi/9.2.1/thumb/v7e-m+fp/hard/crtbegin.o

.mem_section_dummy_rom

.log_const_data
                0x0002e70c       0xd8
                0x0002e70c                PROVIDE (__start_log_const_data = .)
 *(SORT_BY_NAME(.log_const_data*))
 .log_const_data_CLOCK
                0x0002e70c        0x8 _build/nrf52840_xxaa/nrfx_clock.c.o
                0x0002e70c                m_nrf_log_CLOCK_logs_data_const
 .log_const_data_GPIOTE
                0x0002e714        0x8 _build/nrf52840_xxaa/nrfx_gpiote.c.o
                0x0002e714                m_nrf_log_GPIOTE_logs_data_const
 .log_const_data_PRS
                0x0002e71c        0x8 _build/nrf52840_xxaa/nrfx_prs.c.o
                0x0002e71c                m_nrf_log_PRS_logs_data_const
 .log_const_data_UART
                0x0002e724        0x8 _build/nrf52840_xxaa/nrfx_uart.c.o
                0x0002e724                m_nrf_log_UART_logs_data_const
 .log_const_data_UARTE
                0x0002e72c        0x8 _build/nrf52840_xxaa/nrfx_uarte.c.o
                0x0002e72c                m_nrf_log_UARTE_logs_data_const
 .log_const_data_USBD
                0x0002e734        0x8 _build/nrf52840_xxaa/nrfx_usbd.c.o
                0x0002e734                m_nrf_log_USBD_logs_data_const
 .log_const_data_app
                0x0002e73c        0x8 _build/nrf52840_xxaa/nrf_log_frontend.c.o
                0x0002e73c                m_nrf_log_app_logs_data_const
 .log_const_data_app_button
                0x0002e744        0x8 _build/nrf52840_xxaa/app_button.c.o
                0x0002e744                m_nrf_log_app_button_logs_data_const
 .log_const_data_app_timer
                0x0002e74c        0x8 _build/nrf52840_xxaa/app_timer2.c.o
                0x0002e74c                m_nrf_log_app_timer_logs_data_const
 .log_const_data_app_timer_m_bsp_alert_tmr
                0x0002e754        0x8 _build/nrf52840_xxaa/bsp.c.o
                0x0002e754                m_nrf_log_app_timer_m_bsp_alert_tmr_logs_data_const
 .log_const_data_app_timer_m_bsp_button_tmr
                0x0002e75c        0x8 _build/nrf52840_xxaa/bsp.c.o
                0x0002e75c                m_nrf_log_app_timer_m_bsp_button_tmr_logs_data_const
 .log_const_data_app_timer_m_bsp_leds_tmr
                0x0002e764        0x8 _build/nrf52840_xxaa/bsp.c.o
                0x0002e764                m_nrf_log_app_timer_m_bsp_leds_tmr_logs_data_const
 .log_const_data_app_timer_m_cli_uart_transport_timer
                0x0002e76c        0x8 _build/nrf52840_xxaa/main.c.o
                0x0002e76c                m_nrf_log_app_timer_m_cli_uart_transport_timer_logs_data_const
 .log_const_data_app_timer_m_detection_delay_timer_id
                0x0002e774        0x8 _build/nrf52840_xxaa/app_button.c.o
                0x0002e774                m_nrf_log_app_timer_m_detection_delay_timer_id_logs_data_const
 .log_const_data_app_usbd
                0x0002e77c        0x8 _build/nrf52840_xxaa/app_usbd.c.o
                0x0002e77c                m_nrf_log_app_usbd_logs_data_const
 .log_const_data_app_usbd_core
                0x0002e784        0x8 _build/nrf52840_xxaa/app_usbd_core.c.o
                0x0002e784                m_nrf_log_app_usbd_core_logs_data_const
 .log_const_data_atfifo_m_event_queue
                0x0002e78c        0x8 _build/nrf52840_xxaa/app_usbd.c.o
                0x0002e78c                m_nrf_log_atfifo_m_event_queue_logs_data_const
 .log_const_data_atfifo_m_req_fifo
                0x0002e794        0x8 _build/nrf52840_xxaa/app_timer2.c.o
                0x0002e794                m_nrf_log_atfifo_m_req_fifo_logs_data_const
 .log_const_data_balloc_log_mempool
                0x0002e79c        0x8 _build/nrf52840_xxaa/nrf_log_frontend.c.o
                0x0002e79c                m_nrf_log_balloc_log_mempool_logs_data_const
 .log_const_data_balloc_m_cli_uart_cmd_hist_memobj
                0x0002e7a4        0x8 _build/nrf52840_xxaa/main.c.o
                0x0002e7a4                m_nrf_log_balloc_m_cli_uart_cmd_hist_memobj_logs_data_const
 .log_const_data_cdc_acm
                0x0002e7ac        0x8 _build/nrf52840_xxaa/app_usbd_cdc_acm.c.o
                0x0002e7ac                m_nrf_log_cdc_acm_logs_data_const
 .log_const_data_cli_uart
                0x0002e7b4        0x8 _build/nrf52840_xxaa/nrf_cli_uart.c.o
                0x0002e7b4                m_nrf_log_cli_uart_logs_data_const
 .log_const_data_clock
                0x0002e7bc        0x8 _build/nrf52840_xxaa/nrf_drv_clock.c.o
                0x0002e7bc                m_nrf_log_clock_logs_data_const
 .log_const_data_hardfault
                0x0002e7c4        0x8 _build/nrf52840_xxaa/hardfault_implementation.c.o
                0x0002e7c4                m_nrf_log_hardfault_logs_data_const
 .log_const_data_pwr_mgmt
                0x0002e7cc        0x8 _build/nrf52840_xxaa/nrf_pwr_mgmt.c.o
                0x0002e7cc                m_nrf_log_pwr_mgmt_logs_data_const
 .log_const_data_queue_m_cli_uart_log_backend_queue
                0x0002e7d4        0x8 _build/nrf52840_xxaa/main.c.o
                0x0002e7d4                m_nrf_log_queue_m_cli_uart_log_backend_queue_logs_data_const
 .log_const_data_sortlist
                0x0002e7dc        0x8 _build/nrf52840_xxaa/nrf_sortlist.c.o
                0x0002e7dc                m_nrf_log_sortlist_logs_data_const
                0x0002e7e4                PROVIDE (__stop_log_const_data = .)

.log_backends   0x0002e7e4       0x20
                0x0002e7e4                PROVIDE (__start_log_backends = .)
 *(SORT_BY_NAME(.log_backends*))
 .log_backends  0x0002e7e4       0x10 _build/nrf52840_xxaa/nrf_log_default_backends.c.o
 .log_backends  0x0002e7f4       0x10 _build/nrf52840_xxaa/main.c.o
                0x0002e804                PROVIDE (__stop_log_backends = .)

.cli_command    0x0002e804       0x40
                0x0002e804                PROVIDE (__start_cli_command = .)
 *(.cli_command)
 .cli_command   0x0002e804        0x8 _build/nrf52840_xxaa/nrf_log_frontend.c.o
                0x0002e804                nrf_cli_log_const
 .cli_command   0x0002e80c        0x8 _build/nrf52840_xxaa/nrf_balloc.c.o
                0x0002e80c                nrf_cli_balloc_const
 .cli_command   0x0002e814       0x20 _build/nrf52840_xxaa/nrf_cli.c.o
                0x0002e814                nrf_cli_resize_const
                0x0002e81c                nrf_cli_history_const
                0x0002e824                nrf_cli_cli_const
                0x0002e82c                nrf_cli_clear_const
 .cli_command   0x0002e834        0x8 _build/nrf52840_xxaa/nrf_queue.c.o
                0x0002e834                nrf_cli_queue_const
 .cli_command   0x0002e83c        0x8 _build/nrf52840_xxaa/bsp_cli.c.o
                0x0002e83c                nrf_cli_bsp_const
                0x0002e844                PROVIDE (__stop_cli_command = .)

.pwr_mgmt_data  0x0002e844        0x0
                0x0002e844                PROVIDE (__start_pwr_mgmt_data = .)
 *(SORT_BY_NAME(.pwr_mgmt_data*))
                0x0002e844                PROVIDE (__stop_pwr_mgmt_data = .)

.nrf_queue      0x0002e844       0x1c
                0x0002e844                PROVIDE (__start_nrf_queue = .)
 *(.nrf_queue)
 .nrf_queue     0x0002e844       0x1c _build/nrf52840_xxaa/main.c.o
                0x0002e844                m_cli_uart_log_backend_queue
                0x0002e860                PROVIDE (__stop_nrf_queue = .)

.nrf_balloc     0x0002e860       0x38
                0x0002e860                PROVIDE (__start_nrf_balloc = .)
 *(.nrf_balloc)
 .nrf_balloc    0x0002e860       0x1c _build/nrf52840_xxaa/nrf_log_frontend.c.o
                0x0002e860                log_mempool
 .nrf_balloc    0x0002e87c       0x1c _build/nrf52840_xxaa/main.c.o
                0x0002e87c                m_cli_uart_cmd_hist_memobj
                0x0002e898                PROVIDE (__stop_nrf_balloc = .)

.ARM.extab
 *(.ARM.extab* .gnu.linkonce.armextab.*)
                0x0002e898                __exidx_start = .

.ARM.exidx      0x0002e898        0x8
 *(.ARM.exidx* .gnu.linkonce.armexidx.*)
 .ARM.exidx     0x0002e898        0x8 c:/program files (x86)/gnu tools arm embedded/9 2019-q4-major/bin/../lib/gcc/arm-none-eabi/9.2.1/../../../../arm-none-eabi/lib/thumb/v7e-m+fp/hard/crt0.o
                0x0002e8a0                __exidx_end = .

.rel.dyn        0x0002e8a0        0x0
 .rel.iplt      0x0002e8a0        0x0 c:/program files (x86)/gnu tools arm embedded/9 2019-q4-major/bin/../lib/gcc/arm-none-eabi/9.2.1/thumb/v7e-m+fp/hard/crtbegin.o
                0x0002e8a0                . = ALIGN (0x4)
                0x0002e8a0                __etext = .

.data           0x20000000       0xa0 load address 0x0002e8a0
                0x20000000                __data_start__ = .
 *(vtable)
 *(.data*)
 .data.m_uart   0x20000000       0x14 _build/nrf52840_xxaa/nrf_log_backend_uart.c.o
                0x20000000                m_uart
 .data.log_backend_cb_uart_log_backend
                0x20000014        0x8 _build/nrf52840_xxaa/nrf_log_default_backends.c.o
 .data.cli_log_backendm_cli_uart_log_backend
                0x2000001c        0xc _build/nrf52840_xxaa/main.c.o
 .data.log_backend_cb_m_cli_uart_log_backend
                0x20000028        0x8 _build/nrf52840_xxaa/main.c.o
 .data.SystemCoreClock
                0x20000030        0x4 _build/nrf52840_xxaa/system_nrf52840.c.o
                0x20000030                SystemCoreClock
 .data._impure_ptr
                0x20000034        0x4 c:/program files (x86)/gnu tools arm embedded/9 2019-q4-major/bin/../lib/gcc/arm-none-eabi/9.2.1/../../../../arm-none-eabi/lib/thumb/v7e-m+fp/hard\libc_nano.a(lib_a-impure.o)
                0x20000034                _impure_ptr
 .data.impure_data
                0x20000038       0x60 c:/program files (x86)/gnu tools arm embedded/9 2019-q4-major/bin/../lib/gcc/arm-none-eabi/9.2.1/../../../../arm-none-eabi/lib/thumb/v7e-m+fp/hard\libc_nano.a(lib_a-impure.o)
                0x20000098                . = ALIGN (0x4)
                0x20000098                PROVIDE (__preinit_array_start = .)
 *(.preinit_array)
                0x20000098                PROVIDE (__preinit_array_end = .)
                0x20000098                . = ALIGN (0x4)
                0x20000098                PROVIDE (__init_array_start = .)
 *(SORT_BY_NAME(.init_array.*))
 *(.init_array)
 .init_array    0x20000098        0x4 c:/program files (x86)/gnu tools arm embedded/9 2019-q4-major/bin/../lib/gcc/arm-none-eabi/9.2.1/thumb/v7e-m+fp/hard/crtbegin.o
                0x2000009c                PROVIDE (__init_array_end = .)
                0x2000009c                . = ALIGN (0x4)
                [!provide]                PROVIDE (__fini_array_start = .)
 *(SORT_BY_NAME(.fini_array.*))
 *(.fini_array)
 .fini_array    0x2000009c        0x4 c:/program files (x86)/gnu tools arm embedded/9 2019-q4-major/bin/../lib/gcc/arm-none-eabi/9.2.1/thumb/v7e-m+fp/hard/crtbegin.o
                [!provide]                PROVIDE (__fini_array_end = .)
 *(.jcr*)
                0x200000a0                . = ALIGN (0x4)
                0x200000a0                __data_end__ = .
LOAD c:/program files (x86)/gnu tools arm embedded/9 2019-q4-major/bin/../lib/gcc/arm-none-eabi/9.2.1/thumb/v7e-m+fp/hard/crti.o
LOAD c:/program files (x86)/gnu tools arm embedded/9 2019-q4-major/bin/../lib/gcc/arm-none-eabi/9.2.1/thumb/v7e-m+fp/hard/crtbegin.o
LOAD c:/program files (x86)/gnu tools arm embedded/9 2019-q4-major/bin/../lib/gcc/arm-none-eabi/9.2.1/../../../../arm-none-eabi/lib/thumb/v7e-m+fp/hard/crt0.o
LOAD _build/nrf52840_xxaa/gcc_startup_nrf52840.S.o
LOAD _build/nrf52840_xxaa/nrf_log_backend_rtt.c.o
LOAD _build/nrf52840_xxaa/nrf_log_backend_serial.c.o
LOAD _build/nrf52840_xxaa/nrf_log_backend_uart.c.o
LOAD _build/nrf52840_xxaa/nrf_log_default_backends.c.o
LOAD _build/nrf52840_xxaa/nrf_log_frontend.c.o
LOAD _build/nrf52840_xxaa/nrf_log_str_formatter.c.o
LOAD _build/nrf52840_xxaa/boards.c.o
LOAD _build/nrf52840_xxaa/app_button.c.o
LOAD _build/nrf52840_xxaa/app_error.c.o
LOAD _build/nrf52840_xxaa/app_error_handler_gcc.c.o
LOAD _build/nrf52840_xxaa/app_error_weak.c.o
LOAD _build/nrf52840_xxaa/app_fifo.c.o
LOAD _build/nrf52840_xxaa/app_scheduler.c.o
LOAD _build/nrf52840_xxaa/app_timer2.c.o
LOAD _build/nrf52840_xxaa/app_uart_fifo.c.o
LOAD _build/nrf52840_xxaa/app_usbd.c.o
LOAD _build/nrf52840_xxaa/app_usbd_cdc_acm.c.o
LOAD _build/nrf52840_xxaa/app_usbd_core.c.o
LOAD _build/nrf52840_xxaa/app_usbd_serial_num.c.o
LOAD _build/nrf52840_xxaa/app_usbd_string_desc.c.o
LOAD _build/nrf52840_xxaa/app_util_platform.c.o
LOAD _build/nrf52840_xxaa/drv_rtc.c.o
LOAD _build/nrf52840_xxaa/fnmatch.c.o
LOAD _build/nrf52840_xxaa/hardfault_handler_gcc.c.o
LOAD _build/nrf52840_xxaa/hardfault_implementation.c.o
LOAD _build/nrf52840_xxaa/nrf_assert.c.o
LOAD _build/nrf52840_xxaa/nrf_atfifo.c.o
LOAD _build/nrf52840_xxaa/nrf_atomic.c.o
LOAD _build/nrf52840_xxaa/nrf_balloc.c.o
LOAD _build/nrf52840_xxaa/nrf_cli.c.o
LOAD _build/nrf52840_xxaa/nrf_cli_uart.c.o
LOAD _build/nrf52840_xxaa/nrf_fprintf.c.o
LOAD _build/nrf52840_xxaa/nrf_fprintf_format.c.o
LOAD _build/nrf52840_xxaa/nrf_memobj.c.o
LOAD _build/nrf52840_xxaa/nrf_pwr_mgmt.c.o
LOAD _build/nrf52840_xxaa/nrf_queue.c.o
LOAD _build/nrf52840_xxaa/nrf_ringbuf.c.o
LOAD _build/nrf52840_xxaa/nrf_section_iter.c.o
LOAD _build/nrf52840_xxaa/nrf_sortlist.c.o
LOAD _build/nrf52840_xxaa/nrf_strerror.c.o
LOAD _build/nrf52840_xxaa/nrf_drv_clock.c.o
LOAD _build/nrf52840_xxaa/nrf_drv_power.c.o
LOAD _build/nrf52840_xxaa/nrf_drv_uart.c.o
LOAD _build/nrf52840_xxaa/nrf_nvic.c.o
LOAD _build/nrf52840_xxaa/nrf_soc.c.o
LOAD _build/nrf52840_xxaa/nrfx_atomic.c.o
LOAD _build/nrf52840_xxaa/nrfx_clock.c.o
LOAD _build/nrf52840_xxaa/nrfx_gpiote.c.o
LOAD _build/nrf52840_xxaa/nrfx_power.c.o
LOAD _build/nrf52840_xxaa/nrfx_prs.c.o
LOAD _build/nrf52840_xxaa/nrfx_systick.c.o
LOAD _build/nrf52840_xxaa/nrfx_uart.c.o
LOAD _build/nrf52840_xxaa/nrfx_uarte.c.o
LOAD _build/nrf52840_xxaa/nrfx_usbd.c.o
LOAD _build/nrf52840_xxaa/bsp.c.o
LOAD _build/nrf52840_xxaa/bsp_cli.c.o
LOAD _build/nrf52840_xxaa/main.c.o
LOAD _build/nrf52840_xxaa/SEGGER_RTT.c.o
LOAD _build/nrf52840_xxaa/SEGGER_RTT_Syscalls_GCC.c.o
LOAD _build/nrf52840_xxaa/SEGGER_RTT_printf.c.o
LOAD _build/nrf52840_xxaa/system_nrf52840.c.o
LOAD _build/nrf52840_xxaa/utf.c.o
LOAD c:/program files (x86)/gnu tools arm embedded/9 2019-q4-major/bin/../lib/gcc/arm-none-eabi/9.2.1/../../../../arm-none-eabi/lib/thumb/v7e-m+fp/hard\libc_nano.a
LOAD c:/program files (x86)/gnu tools arm embedded/9 2019-q4-major/bin/../lib/gcc/arm-none-eabi/9.2.1/../../../../arm-none-eabi/lib/thumb/v7e-m+fp/hard\libnosys.a
LOAD c:/program files (x86)/gnu tools arm embedded/9 2019-q4-major/bin/../lib/gcc/arm-none-eabi/9.2.1/../../../../arm-none-eabi/lib/thumb/v7e-m+fp/hard\libm.a
START GROUP
LOAD c:/program files (x86)/gnu tools arm embedded/9 2019-q4-major/bin/../lib/gcc/arm-none-eabi/9.2.1/thumb/v7e-m+fp/hard\libgcc.a
LOAD c:/program files (x86)/gnu tools arm embedded/9 2019-q4-major/bin/../lib/gcc/arm-none-eabi/9.2.1/../../../../arm-none-eabi/lib/thumb/v7e-m+fp/hard\libg_nano.a
LOAD c:/program files (x86)/gnu tools arm embedded/9 2019-q4-major/bin/../lib/gcc/arm-none-eabi/9.2.1/../../../../arm-none-eabi/lib/thumb/v7e-m+fp/hard\libc_nano.a
END GROUP
START GROUP
LOAD c:/program files (x86)/gnu tools arm embedded/9 2019-q4-major/bin/../lib/gcc/arm-none-eabi/9.2.1/thumb/v7e-m+fp/hard\libgcc.a
LOAD c:/program files (x86)/gnu tools arm embedded/9 2019-q4-major/bin/../lib/gcc/arm-none-eabi/9.2.1/../../../../arm-none-eabi/lib/thumb/v7e-m+fp/hard\libc_nano.a
END GROUP
LOAD c:/program files (x86)/gnu tools arm embedded/9 2019-q4-major/bin/../lib/gcc/arm-none-eabi/9.2.1/thumb/v7e-m+fp/hard/crtend.o
LOAD c:/program files (x86)/gnu tools arm embedded/9 2019-q4-major/bin/../lib/gcc/arm-none-eabi/9.2.1/thumb/v7e-m+fp/hard/crtn.o
START GROUP
LOAD c:/program files (x86)/gnu tools arm embedded/9 2019-q4-major/bin/../lib/gcc/arm-none-eabi/9.2.1/thumb/v7e-m+fp/hard\libgcc.a
LOAD c:/program files (x86)/gnu tools arm embedded/9 2019-q4-major/bin/../lib/gcc/arm-none-eabi/9.2.1/../../../../arm-none-eabi/lib/thumb/v7e-m+fp/hard\libc.a
LOAD c:/program files (x86)/gnu tools arm embedded/9 2019-q4-major/bin/../lib/gcc/arm-none-eabi/9.2.1/../../../../arm-none-eabi/lib/thumb/v7e-m+fp/hard\libnosys.a
END GROUP

.igot.plt       0x200000a0        0x0 load address 0x0002e940
 .igot.plt      0x200000a0        0x0 c:/program files (x86)/gnu tools arm embedded/9 2019-q4-major/bin/../lib/gcc/arm-none-eabi/9.2.1/thumb/v7e-m+fp/hard/crtbegin.o
                0x200000a0                . = ALIGN (0x4)

.mem_section_dummy_ram

.log_dynamic_data
                0x200000a0       0x6c load address 0x0002e940
                0x200000a0                PROVIDE (__start_log_dynamic_data = .)
 *(SORT_BY_NAME(.log_dynamic_data*))
 .log_dynamic_data_CLOCK
                0x200000a0        0x4 _build/nrf52840_xxaa/nrfx_clock.c.o
                0x200000a0                m_nrf_log_CLOCK_logs_data_dynamic
 .log_dynamic_data_GPIOTE
                0x200000a4        0x4 _build/nrf52840_xxaa/nrfx_gpiote.c.o
                0x200000a4                m_nrf_log_GPIOTE_logs_data_dynamic
 .log_dynamic_data_PRS
                0x200000a8        0x4 _build/nrf52840_xxaa/nrfx_prs.c.o
                0x200000a8                m_nrf_log_PRS_logs_data_dynamic
 .log_dynamic_data_UART
                0x200000ac        0x4 _build/nrf52840_xxaa/nrfx_uart.c.o
                0x200000ac                m_nrf_log_UART_logs_data_dynamic
 .log_dynamic_data_UARTE
                0x200000b0        0x4 _build/nrf52840_xxaa/nrfx_uarte.c.o
                0x200000b0                m_nrf_log_UARTE_logs_data_dynamic
 .log_dynamic_data_USBD
                0x200000b4        0x4 _build/nrf52840_xxaa/nrfx_usbd.c.o
                0x200000b4                m_nrf_log_USBD_logs_data_dynamic
 .log_dynamic_data_app
                0x200000b8        0x4 _build/nrf52840_xxaa/nrf_log_frontend.c.o
                0x200000b8                m_nrf_log_app_logs_data_dynamic
 .log_dynamic_data_app_button
                0x200000bc        0x4 _build/nrf52840_xxaa/app_button.c.o
                0x200000bc                m_nrf_log_app_button_logs_data_dynamic
 .log_dynamic_data_app_timer
                0x200000c0        0x4 _build/nrf52840_xxaa/app_timer2.c.o
                0x200000c0                m_nrf_log_app_timer_logs_data_dynamic
 .log_dynamic_data_app_timer_m_bsp_alert_tmr
                0x200000c4        0x4 _build/nrf52840_xxaa/bsp.c.o
                0x200000c4                m_nrf_log_app_timer_m_bsp_alert_tmr_logs_data_dynamic
 .log_dynamic_data_app_timer_m_bsp_button_tmr
                0x200000c8        0x4 _build/nrf52840_xxaa/bsp.c.o
                0x200000c8                m_nrf_log_app_timer_m_bsp_button_tmr_logs_data_dynamic
 .log_dynamic_data_app_timer_m_bsp_leds_tmr
                0x200000cc        0x4 _build/nrf52840_xxaa/bsp.c.o
                0x200000cc                m_nrf_log_app_timer_m_bsp_leds_tmr_logs_data_dynamic
 .log_dynamic_data_app_timer_m_cli_uart_transport_timer
                0x200000d0        0x4 _build/nrf52840_xxaa/main.c.o
                0x200000d0                m_nrf_log_app_timer_m_cli_uart_transport_timer_logs_data_dynamic
 .log_dynamic_data_app_timer_m_detection_delay_timer_id
                0x200000d4        0x4 _build/nrf52840_xxaa/app_button.c.o
                0x200000d4                m_nrf_log_app_timer_m_detection_delay_timer_id_logs_data_dynamic
 .log_dynamic_data_app_usbd
                0x200000d8        0x4 _build/nrf52840_xxaa/app_usbd.c.o
                0x200000d8                m_nrf_log_app_usbd_logs_data_dynamic
 .log_dynamic_data_app_usbd_core
                0x200000dc        0x4 _build/nrf52840_xxaa/app_usbd_core.c.o
                0x200000dc                m_nrf_log_app_usbd_core_logs_data_dynamic
 .log_dynamic_data_atfifo_m_event_queue
                0x200000e0        0x4 _build/nrf52840_xxaa/app_usbd.c.o
                0x200000e0                m_nrf_log_atfifo_m_event_queue_logs_data_dynamic
 .log_dynamic_data_atfifo_m_req_fifo
                0x200000e4        0x4 _build/nrf52840_xxaa/app_timer2.c.o
                0x200000e4                m_nrf_log_atfifo_m_req_fifo_logs_data_dynamic
 .log_dynamic_data_balloc_log_mempool
                0x200000e8        0x4 _build/nrf52840_xxaa/nrf_log_frontend.c.o
                0x200000e8                m_nrf_log_balloc_log_mempool_logs_data_dynamic
 .log_dynamic_data_balloc_m_cli_uart_cmd_hist_memobj
                0x200000ec        0x4 _build/nrf52840_xxaa/main.c.o
                0x200000ec                m_nrf_log_balloc_m_cli_uart_cmd_hist_memobj_logs_data_dynamic
 .log_dynamic_data_cdc_acm
                0x200000f0        0x4 _build/nrf52840_xxaa/app_usbd_cdc_acm.c.o
                0x200000f0                m_nrf_log_cdc_acm_logs_data_dynamic
 .log_dynamic_data_cli_uart
                0x200000f4        0x4 _build/nrf52840_xxaa/nrf_cli_uart.c.o
                0x200000f4                m_nrf_log_cli_uart_logs_data_dynamic
 .log_dynamic_data_clock
                0x200000f8        0x4 _build/nrf52840_xxaa/nrf_drv_clock.c.o
                0x200000f8                m_nrf_log_clock_logs_data_dynamic
 .log_dynamic_data_hardfault
                0x200000fc        0x4 _build/nrf52840_xxaa/hardfault_implementation.c.o
                0x200000fc                m_nrf_log_hardfault_logs_data_dynamic
 .log_dynamic_data_pwr_mgmt
                0x20000100        0x4 _build/nrf52840_xxaa/nrf_pwr_mgmt.c.o
                0x20000100                m_nrf_log_pwr_mgmt_logs_data_dynamic
 .log_dynamic_data_queue_m_cli_uart_log_backend_queue
                0x20000104        0x4 _build/nrf52840_xxaa/main.c.o
                0x20000104                m_nrf_log_queue_m_cli_uart_log_backend_queue_logs_data_dynamic
 .log_dynamic_data_sortlist
                0x20000108        0x4 _build/nrf52840_xxaa/nrf_sortlist.c.o
                0x20000108                m_nrf_log_sortlist_logs_data_dynamic
                [!provide]                PROVIDE (__stop_log_dynamic_data = .)

.log_filter_data
                0x2000010c       0x6c load address 0x0002e9ac
                0x2000010c                PROVIDE (__start_log_filter_data = .)
 *(SORT_BY_NAME(.log_filter_data*))
 .log_filter_data_CLOCK
                0x2000010c        0x4 _build/nrf52840_xxaa/nrfx_clock.c.o
                0x2000010c                m_nrf_log_CLOCK_logs_data_filter
 .log_filter_data_GPIOTE
                0x20000110        0x4 _build/nrf52840_xxaa/nrfx_gpiote.c.o
                0x20000110                m_nrf_log_GPIOTE_logs_data_filter
 .log_filter_data_PRS
                0x20000114        0x4 _build/nrf52840_xxaa/nrfx_prs.c.o
                0x20000114                m_nrf_log_PRS_logs_data_filter
 .log_filter_data_UART
                0x20000118        0x4 _build/nrf52840_xxaa/nrfx_uart.c.o
                0x20000118                m_nrf_log_UART_logs_data_filter
 .log_filter_data_UARTE
                0x2000011c        0x4 _build/nrf52840_xxaa/nrfx_uarte.c.o
                0x2000011c                m_nrf_log_UARTE_logs_data_filter
 .log_filter_data_USBD
                0x20000120        0x4 _build/nrf52840_xxaa/nrfx_usbd.c.o
                0x20000120                m_nrf_log_USBD_logs_data_filter
 .log_filter_data_app
                0x20000124        0x4 _build/nrf52840_xxaa/nrf_log_frontend.c.o
                0x20000124                m_nrf_log_app_logs_data_filter
 .log_filter_data_app_button
                0x20000128        0x4 _build/nrf52840_xxaa/app_button.c.o
                0x20000128                m_nrf_log_app_button_logs_data_filter
 .log_filter_data_app_timer
                0x2000012c        0x4 _build/nrf52840_xxaa/app_timer2.c.o
                0x2000012c                m_nrf_log_app_timer_logs_data_filter
 .log_filter_data_app_timer_m_bsp_alert_tmr
                0x20000130        0x4 _build/nrf52840_xxaa/bsp.c.o
                0x20000130                m_nrf_log_app_timer_m_bsp_alert_tmr_logs_data_filter
 .log_filter_data_app_timer_m_bsp_button_tmr
                0x20000134        0x4 _build/nrf52840_xxaa/bsp.c.o
                0x20000134                m_nrf_log_app_timer_m_bsp_button_tmr_logs_data_filter
 .log_filter_data_app_timer_m_bsp_leds_tmr
                0x20000138        0x4 _build/nrf52840_xxaa/bsp.c.o
                0x20000138                m_nrf_log_app_timer_m_bsp_leds_tmr_logs_data_filter
 .log_filter_data_app_timer_m_cli_uart_transport_timer
                0x2000013c        0x4 _build/nrf52840_xxaa/main.c.o
                0x2000013c                m_nrf_log_app_timer_m_cli_uart_transport_timer_logs_data_filter
 .log_filter_data_app_timer_m_detection_delay_timer_id
                0x20000140        0x4 _build/nrf52840_xxaa/app_button.c.o
                0x20000140                m_nrf_log_app_timer_m_detection_delay_timer_id_logs_data_filter
 .log_filter_data_app_usbd
                0x20000144        0x4 _build/nrf52840_xxaa/app_usbd.c.o
                0x20000144                m_nrf_log_app_usbd_logs_data_filter
 .log_filter_data_app_usbd_core
                0x20000148        0x4 _build/nrf52840_xxaa/app_usbd_core.c.o
                0x20000148                m_nrf_log_app_usbd_core_logs_data_filter
 .log_filter_data_atfifo_m_event_queue
                0x2000014c        0x4 _build/nrf52840_xxaa/app_usbd.c.o
                0x2000014c                m_nrf_log_atfifo_m_event_queue_logs_data_filter
 .log_filter_data_atfifo_m_req_fifo
                0x20000150        0x4 _build/nrf52840_xxaa/app_timer2.c.o
                0x20000150                m_nrf_log_atfifo_m_req_fifo_logs_data_filter
 .log_filter_data_balloc_log_mempool
                0x20000154        0x4 _build/nrf52840_xxaa/nrf_log_frontend.c.o
                0x20000154                m_nrf_log_balloc_log_mempool_logs_data_filter
 .log_filter_data_balloc_m_cli_uart_cmd_hist_memobj
                0x20000158        0x4 _build/nrf52840_xxaa/main.c.o
                0x20000158                m_nrf_log_balloc_m_cli_uart_cmd_hist_memobj_logs_data_filter
 .log_filter_data_cdc_acm
                0x2000015c        0x4 _build/nrf52840_xxaa/app_usbd_cdc_acm.c.o
                0x2000015c                m_nrf_log_cdc_acm_logs_data_filter
 .log_filter_data_cli_uart
                0x20000160        0x4 _build/nrf52840_xxaa/nrf_cli_uart.c.o
                0x20000160                m_nrf_log_cli_uart_logs_data_filter
 .log_filter_data_clock
                0x20000164        0x4 _build/nrf52840_xxaa/nrf_drv_clock.c.o
                0x20000164                m_nrf_log_clock_logs_data_filter
 .log_filter_data_hardfault
                0x20000168        0x4 _build/nrf52840_xxaa/hardfault_implementation.c.o
                0x20000168                m_nrf_log_hardfault_logs_data_filter
 .log_filter_data_pwr_mgmt
                0x2000016c        0x4 _build/nrf52840_xxaa/nrf_pwr_mgmt.c.o
                0x2000016c                m_nrf_log_pwr_mgmt_logs_data_filter
 .log_filter_data_queue_m_cli_uart_log_backend_queue
                0x20000170        0x4 _build/nrf52840_xxaa/main.c.o
                0x20000170                m_nrf_log_queue_m_cli_uart_log_backend_queue_logs_data_filter
 .log_filter_data_sortlist
                0x20000174        0x4 _build/nrf52840_xxaa/nrf_sortlist.c.o
                0x20000174                m_nrf_log_sortlist_logs_data_filter
                [!provide]                PROVIDE (__stop_log_filter_data = .)

.cli_sorted_cmd_ptrs
                0x20000178       0x20 load address 0x0002ea18
                0x20000178                PROVIDE (__start_cli_sorted_cmd_ptrs = .)
 *(.cli_sorted_cmd_ptrs)
 .cli_sorted_cmd_ptrs
                0x20000178        0x4 _build/nrf52840_xxaa/nrf_log_frontend.c.o
                0x20000178                log_str_ptr
 .cli_sorted_cmd_ptrs
                0x2000017c        0x4 _build/nrf52840_xxaa/nrf_balloc.c.o
                0x2000017c                balloc_str_ptr
 .cli_sorted_cmd_ptrs
                0x20000180       0x10 _build/nrf52840_xxaa/nrf_cli.c.o
                0x20000180                resize_str_ptr
                0x20000184                history_str_ptr
                0x20000188                cli_str_ptr
                0x2000018c                clear_str_ptr
 .cli_sorted_cmd_ptrs
                0x20000190        0x4 _build/nrf52840_xxaa/nrf_queue.c.o
                0x20000190                queue_str_ptr
 .cli_sorted_cmd_ptrs
                0x20000194        0x4 _build/nrf52840_xxaa/bsp_cli.c.o
                0x20000194                bsp_str_ptr
                [!provide]                PROVIDE (__stop_cli_sorted_cmd_ptrs = .)

.bss            0x20000198      0x95c load address 0x0002ea38
                0x20000198                . = ALIGN (0x4)
                0x20000198                __bss_start__ = .
 *(.bss*)
 .bss           0x20000198       0x1c c:/program files (x86)/gnu tools arm embedded/9 2019-q4-major/bin/../lib/gcc/arm-none-eabi/9.2.1/thumb/v7e-m+fp/hard/crtbegin.o
 .bss.m_async_mode
                0x200001b4        0x1 _build/nrf52840_xxaa/nrf_log_backend_uart.c.o
 *fill*         0x200001b5        0x3 
 .bss.m_string_buff
                0x200001b8       0x40 _build/nrf52840_xxaa/nrf_log_backend_uart.c.o
 .bss.m_xfer_done
                0x200001f8        0x1 _build/nrf52840_xxaa/nrf_log_backend_uart.c.o
 *fill*         0x200001f9        0x3 
 .bss.log_mempool_nrf_balloc_cb
                0x200001fc        0x8 _build/nrf52840_xxaa/nrf_log_frontend.c.o
 .bss.log_mempool_nrf_balloc_pool_mem
                0x20000204       0xc0 _build/nrf52840_xxaa/nrf_log_frontend.c.o
 .bss.log_mempool_nrf_balloc_pool_stack
                0x200002c4        0x8 _build/nrf52840_xxaa/nrf_log_frontend.c.o
 .bss.m_log_data
                0x200002cc      0x420 _build/nrf52840_xxaa/nrf_log_frontend.c.o
 .bss.m_in_critical_region
                0x200006ec        0x4 _build/nrf52840_xxaa/app_util_platform.c.o
 .bss.m_cb      0x200006f0        0x8 _build/nrf52840_xxaa/drv_rtc.c.o
 .bss.m_handlers
                0x200006f8        0x4 _build/nrf52840_xxaa/drv_rtc.c.o
 .bss.m_contexts
                0x200006fc        0x8 _build/nrf52840_xxaa/nrf_drv_uart.c.o
 .bss.m_handlers
                0x20000704        0x8 _build/nrf52840_xxaa/nrf_drv_uart.c.o
 .bss.m_clock_cb
                0x2000070c        0x8 _build/nrf52840_xxaa/nrfx_clock.c.o
 *fill*         0x20000714        0x4 
 .bss.m_cb      0x20000718       0x6c _build/nrf52840_xxaa/nrfx_gpiote.c.o
 .bss.m_pofwarn_handler
                0x20000784        0x4 _build/nrf52840_xxaa/nrfx_power.c.o
 .bss.m_sleepevt_handler
                0x20000788        0x4 _build/nrf52840_xxaa/nrfx_power.c.o
 .bss.m_usbevt_handler
                0x2000078c        0x4 _build/nrf52840_xxaa/nrfx_power.c.o
 .bss.m_prs_box_4
                0x20000790        0x8 _build/nrf52840_xxaa/nrfx_prs.c.o
 .bss.m_cb      0x20000798       0x2c _build/nrf52840_xxaa/nrfx_uart.c.o
 *fill*         0x200007c4        0x4 
 .bss.m_cb      0x200007c8       0x24 _build/nrf52840_xxaa/nrfx_uarte.c.o
 .bss.m_bus_suspend
                0x200007ec        0x1 _build/nrf52840_xxaa/nrfx_usbd.c.o
 .bss.m_dma_pending
                0x200007ed        0x1 _build/nrf52840_xxaa/nrfx_usbd.c.o
 *fill*         0x200007ee        0x2 
 .bss.m_ep_dma_waiting
                0x200007f0        0x4 _build/nrf52840_xxaa/nrfx_usbd.c.o
 .bss.m_ep_ready
                0x200007f4        0x4 _build/nrf52840_xxaa/nrfx_usbd.c.o
 .bss.m_ep_state
                0x200007f8      0x120 _build/nrf52840_xxaa/nrfx_usbd.c.o
 .bss.m_event_handler
                0x20000918        0x4 _build/nrf52840_xxaa/nrfx_usbd.c.o
 .bss.m_last_setup_dir
                0x2000091c        0x1 _build/nrf52840_xxaa/nrfx_usbd.c.o
 *fill*         0x2000091d        0x3 
 .bss.m_bsp_cli_callback
                0x20000920        0x4 _build/nrf52840_xxaa/bsp_cli.c.o
 .bss.m_cli_uart_cmd_hist_memobj_nrf_balloc_cb
                0x20000924        0x8 _build/nrf52840_xxaa/main.c.o
 .bss.m_cli_uart_cmd_hist_memobj_nrf_balloc_pool_mem
                0x2000092c      0x180 _build/nrf52840_xxaa/main.c.o
 .bss.m_cli_uart_cmd_hist_memobj_nrf_balloc_pool_stack
                0x20000aac        0x8 _build/nrf52840_xxaa/main.c.o
 .bss.m_cli_uart_log_backend_queue_nrf_queue_buffer
                0x20000ab4       0x14 _build/nrf52840_xxaa/main.c.o
 .bss.m_cli_uart_log_backend_queue_nrf_queue_cb
                0x20000ac8        0xc _build/nrf52840_xxaa/main.c.o
 .bss.__malloc_free_list
                0x20000ad4        0x4 c:/program files (x86)/gnu tools arm embedded/9 2019-q4-major/bin/../lib/gcc/arm-none-eabi/9.2.1/../../../../arm-none-eabi/lib/thumb/v7e-m+fp/hard\libc_nano.a(lib_a-nano-mallocr.o)
                0x20000ad4                __malloc_free_list
 .bss.__malloc_sbrk_start
                0x20000ad8        0x4 c:/program files (x86)/gnu tools arm embedded/9 2019-q4-major/bin/../lib/gcc/arm-none-eabi/9.2.1/../../../../arm-none-eabi/lib/thumb/v7e-m+fp/hard\libc_nano.a(lib_a-nano-mallocr.o)
                0x20000ad8                __malloc_sbrk_start
 .bss.heap_end.5507
                0x20000adc        0x4 c:/program files (x86)/gnu tools arm embedded/9 2019-q4-major/bin/../lib/gcc/arm-none-eabi/9.2.1/../../../../arm-none-eabi/lib/thumb/v7e-m+fp/hard\libnosys.a(sbrk.o)
 *(COMMON)
 COMMON         0x20000ae0        0x2 _build/nrf52840_xxaa/nrf_drv_uart.c.o
                0x20000ae0                nrf_drv_uart_use_easy_dma
 *fill*         0x20000ae2        0x2 
 COMMON         0x20000ae4        0x4 c:/program files (x86)/gnu tools arm embedded/9 2019-q4-major/bin/../lib/gcc/arm-none-eabi/9.2.1/../../../../arm-none-eabi/lib/thumb/v7e-m+fp/hard\libc_nano.a(lib_a-reent.o)
                0x20000ae4                errno
 COMMON         0x20000ae8        0x9 c:/program files (x86)/gnu tools arm embedded/9 2019-q4-major/bin/../lib/gcc/arm-none-eabi/9.2.1/../../../../arm-none-eabi/lib/thumb/v7e-m+fp/hard\libc_nano.a(lib_a-lock.o)
                0x20000ae8                __lock___atexit_recursive_mutex
                0x20000ae9                __lock___arc4random_mutex
                0x20000aea                __lock___env_recursive_mutex
                0x20000aeb                __lock___sinit_recursive_mutex
                0x20000aec                __lock___malloc_recursive_mutex
                0x20000aed                __lock___at_quick_exit_mutex
                0x20000aee                __lock___dd_hash_mutex
                0x20000aef                __lock___tz_mutex
                0x20000af0                __lock___sfp_recursive_mutex
                0x20000af4                . = ALIGN (0x4)
 *fill*         0x20000af1        0x3 
                0x20000af4                __bss_end__ = .

.heap           0x20000af8     0x2000
                0x20000af8                __HeapBase = .
                0x20000af8                __end__ = .
                0x20000af8                PROVIDE (end = .)
 *(.heap*)
 .heap          0x20000af8     0x2000 _build/nrf52840_xxaa/gcc_startup_nrf52840.S.o
                0x20002af8                __HeapLimit = .

.stack_dummy    0x20000af8     0x2000
 *(.stack*)
 .stack         0x20000af8     0x2000 _build/nrf52840_xxaa/gcc_startup_nrf52840.S.o
                0x20040000                __StackTop = (ORIGIN (RAM) + LENGTH (RAM))
                0x2003e000                __StackLimit = (__StackTop - SIZEOF (.stack_dummy))
                0x20040000                PROVIDE (__stack = __StackTop)
                0x00000001                ASSERT ((__StackLimit >= __HeapLimit), region RAM overflowed with stack)
                0x00000198                DataInitFlashUsed = (__bss_start__ - __data_start__)
                0x000088a0                CodeFlashUsed = (__etext - ORIGIN (FLASH))
                0x00008a38                TotalFlashUsed = (CodeFlashUsed + DataInitFlashUsed)
                0x00000001                ASSERT ((TotalFlashUsed <= LENGTH (FLASH)), region FLASH overflowed with .data and user data)
OUTPUT(_build/nrf52840_xxaa.out elf32-littlearm)

.ARM.attributes
                0x00000000       0x30
 .ARM.attributes
                0x00000000       0x1e c:/program files (x86)/gnu tools arm embedded/9 2019-q4-major/bin/../lib/gcc/arm-none-eabi/9.2.1/thumb/v7e-m+fp/hard/crti.o
 .ARM.attributes
                0x0000001e       0x34 c:/program files (x86)/gnu tools arm embedded/9 2019-q4-major/bin/../lib/gcc/arm-none-eabi/9.2.1/thumb/v7e-m+fp/hard/crtbegin.o
 .ARM.attributes
                0x00000052       0x1c c:/program files (x86)/gnu tools arm embedded/9 2019-q4-major/bin/../lib/gcc/arm-none-eabi/9.2.1/../../../../arm-none-eabi/lib/thumb/v7e-m+fp/hard/crt0.o
 .ARM.attributes
                0x0000006e       0x20 _build/nrf52840_xxaa/gcc_startup_nrf52840.S.o
 .ARM.attributes
                0x0000008e       0x34 _build/nrf52840_xxaa/nrf_log_backend_serial.c.o
 .ARM.attributes
                0x000000c2       0x34 _build/nrf52840_xxaa/nrf_log_backend_uart.c.o
 .ARM.attributes
                0x000000f6       0x34 _build/nrf52840_xxaa/nrf_log_default_backends.c.o
 .ARM.attributes
                0x0000012a       0x34 _build/nrf52840_xxaa/nrf_log_frontend.c.o
 .ARM.attributes
                0x0000015e       0x34 _build/nrf52840_xxaa/nrf_log_str_formatter.c.o
 .ARM.attributes
                0x00000192       0x34 _build/nrf52840_xxaa/app_button.c.o
 .ARM.attributes
                0x000001c6       0x34 _build/nrf52840_xxaa/app_error.c.o
 .ARM.attributes
                0x000001fa       0x34 _build/nrf52840_xxaa/app_error_weak.c.o
 .ARM.attributes
                0x0000022e       0x34 _build/nrf52840_xxaa/app_timer2.c.o
 .ARM.attributes
                0x00000262       0x34 _build/nrf52840_xxaa/app_usbd.c.o
 .ARM.attributes
                0x00000296       0x34 _build/nrf52840_xxaa/app_usbd_cdc_acm.c.o
 .ARM.attributes
                0x000002ca       0x34 _build/nrf52840_xxaa/app_usbd_core.c.o
 .ARM.attributes
                0x000002fe       0x34 _build/nrf52840_xxaa/app_util_platform.c.o
 .ARM.attributes
                0x00000332       0x34 _build/nrf52840_xxaa/drv_rtc.c.o
 .ARM.attributes
                0x00000366       0x34 _build/nrf52840_xxaa/hardfault_handler_gcc.c.o
 .ARM.attributes
                0x0000039a       0x34 _build/nrf52840_xxaa/hardfault_implementation.c.o
 .ARM.attributes
                0x000003ce       0x34 _build/nrf52840_xxaa/nrf_atomic.c.o
 .ARM.attributes
                0x00000402       0x34 _build/nrf52840_xxaa/nrf_balloc.c.o
 .ARM.attributes
                0x00000436       0x34 _build/nrf52840_xxaa/nrf_cli.c.o
 .ARM.attributes
                0x0000046a       0x34 _build/nrf52840_xxaa/nrf_cli_uart.c.o
 .ARM.attributes
                0x0000049e       0x34 _build/nrf52840_xxaa/nrf_fprintf.c.o
 .ARM.attributes
                0x000004d2       0x34 _build/nrf52840_xxaa/nrf_fprintf_format.c.o
 .ARM.attributes
                0x00000506       0x34 _build/nrf52840_xxaa/nrf_memobj.c.o
 .ARM.attributes
                0x0000053a       0x34 _build/nrf52840_xxaa/nrf_pwr_mgmt.c.o
 .ARM.attributes
                0x0000056e       0x34 _build/nrf52840_xxaa/nrf_queue.c.o
 .ARM.attributes
                0x000005a2       0x34 _build/nrf52840_xxaa/nrf_sortlist.c.o
 .ARM.attributes
                0x000005d6       0x34 _build/nrf52840_xxaa/nrf_drv_clock.c.o
 .ARM.attributes
                0x0000060a       0x34 _build/nrf52840_xxaa/nrf_drv_uart.c.o
 .ARM.attributes
                0x0000063e       0x34 _build/nrf52840_xxaa/nrfx_atomic.c.o
 .ARM.attributes
                0x00000672       0x34 _build/nrf52840_xxaa/nrfx_clock.c.o
 .ARM.attributes
                0x000006a6       0x34 _build/nrf52840_xxaa/nrfx_gpiote.c.o
 .ARM.attributes
                0x000006da       0x34 _build/nrf52840_xxaa/nrfx_power.c.o
 .ARM.attributes
                0x0000070e       0x34 _build/nrf52840_xxaa/nrfx_prs.c.o
 .ARM.attributes
                0x00000742       0x34 _build/nrf52840_xxaa/nrfx_uart.c.o
 .ARM.attributes
                0x00000776       0x34 _build/nrf52840_xxaa/nrfx_uarte.c.o
 .ARM.attributes
                0x000007aa       0x34 _build/nrf52840_xxaa/nrfx_usbd.c.o
 .ARM.attributes
                0x000007de       0x34 _build/nrf52840_xxaa/bsp.c.o
 .ARM.attributes
                0x00000812       0x34 _build/nrf52840_xxaa/bsp_cli.c.o
 .ARM.attributes
                0x00000846       0x34 _build/nrf52840_xxaa/main.c.o
 .ARM.attributes
                0x0000087a       0x34 _build/nrf52840_xxaa/system_nrf52840.c.o
 .ARM.attributes
                0x000008ae       0x32 c:/program files (x86)/gnu tools arm embedded/9 2019-q4-major/bin/../lib/gcc/arm-none-eabi/9.2.1/../../../../arm-none-eabi/lib/thumb/v7e-m+fp/hard\libc_nano.a(lib_a-ctype_.o)
 .ARM.attributes
                0x000008e0       0x34 c:/program files (x86)/gnu tools arm embedded/9 2019-q4-major/bin/../lib/gcc/arm-none-eabi/9.2.1/../../../../arm-none-eabi/lib/thumb/v7e-m+fp/hard\libc_nano.a(lib_a-exit.o)
 .ARM.attributes
                0x00000914       0x32 c:/program files (x86)/gnu tools arm embedded/9 2019-q4-major/bin/../lib/gcc/arm-none-eabi/9.2.1/../../../../arm-none-eabi/lib/thumb/v7e-m+fp/hard\libc_nano.a(lib_a-impure.o)
 .ARM.attributes
                0x00000946       0x34 c:/program files (x86)/gnu tools arm embedded/9 2019-q4-major/bin/../lib/gcc/arm-none-eabi/9.2.1/../../../../arm-none-eabi/lib/thumb/v7e-m+fp/hard\libc_nano.a(lib_a-init.o)
 .ARM.attributes
                0x0000097a       0x34 c:/program files (x86)/gnu tools arm embedded/9 2019-q4-major/bin/../lib/gcc/arm-none-eabi/9.2.1/../../../../arm-none-eabi/lib/thumb/v7e-m+fp/hard\libc_nano.a(lib_a-memcpy-stub.o)
 .ARM.attributes
                0x000009ae       0x34 c:/program files (x86)/gnu tools arm embedded/9 2019-q4-major/bin/../lib/gcc/arm-none-eabi/9.2.1/../../../../arm-none-eabi/lib/thumb/v7e-m+fp/hard\libc_nano.a(lib_a-memset.o)
 .ARM.attributes
                0x000009e2       0x34 c:/program files (x86)/gnu tools arm embedded/9 2019-q4-major/bin/../lib/gcc/arm-none-eabi/9.2.1/../../../../arm-none-eabi/lib/thumb/v7e-m+fp/hard\libc_nano.a(lib_a-sscanf.o)
 .ARM.attributes
                0x00000a16       0x34 c:/program files (x86)/gnu tools arm embedded/9 2019-q4-major/bin/../lib/gcc/arm-none-eabi/9.2.1/../../../../arm-none-eabi/lib/thumb/v7e-m+fp/hard\libc_nano.a(lib_a-stdio.o)
 .ARM.attributes
                0x00000a4a       0x1c c:/program files (x86)/gnu tools arm embedded/9 2019-q4-major/bin/../lib/gcc/arm-none-eabi/9.2.1/../../../../arm-none-eabi/lib/thumb/v7e-m+fp/hard\libc_nano.a(lib_a-strcmp.o)
 .ARM.attributes
                0x00000a66       0x17 c:/program files (x86)/gnu tools arm embedded/9 2019-q4-major/bin/../lib/gcc/arm-none-eabi/9.2.1/../../../../arm-none-eabi/lib/thumb/v7e-m+fp/hard\libc_nano.a(lib_a-strlen.o)
 .ARM.attributes
                0x00000a7d       0x34 c:/program files (x86)/gnu tools arm embedded/9 2019-q4-major/bin/../lib/gcc/arm-none-eabi/9.2.1/../../../../arm-none-eabi/lib/thumb/v7e-m+fp/hard\libc_nano.a(lib_a-strncmp.o)
 .ARM.attributes
                0x00000ab1       0x34 c:/program files (x86)/gnu tools arm embedded/9 2019-q4-major/bin/../lib/gcc/arm-none-eabi/9.2.1/../../../../arm-none-eabi/lib/thumb/v7e-m+fp/hard\libc_nano.a(lib_a-nano-svfscanf.o)
 .ARM.attributes
                0x00000ae5       0x34 c:/program files (x86)/gnu tools arm embedded/9 2019-q4-major/bin/../lib/gcc/arm-none-eabi/9.2.1/../../../../arm-none-eabi/lib/thumb/v7e-m+fp/hard\libc_nano.a(lib_a-nano-vfscanf_i.o)
 .ARM.attributes
                0x00000b19       0x34 c:/program files (x86)/gnu tools arm embedded/9 2019-q4-major/bin/../lib/gcc/arm-none-eabi/9.2.1/../../../../arm-none-eabi/lib/thumb/v7e-m+fp/hard\libc_nano.a(lib_a-reent.o)
 .ARM.attributes
                0x00000b4d       0x34 c:/program files (x86)/gnu tools arm embedded/9 2019-q4-major/bin/../lib/gcc/arm-none-eabi/9.2.1/../../../../arm-none-eabi/lib/thumb/v7e-m+fp/hard\libc_nano.a(lib_a-sccl.o)
 .ARM.attributes
                0x00000b81       0x34 c:/program files (x86)/gnu tools arm embedded/9 2019-q4-major/bin/../lib/gcc/arm-none-eabi/9.2.1/../../../../arm-none-eabi/lib/thumb/v7e-m+fp/hard\libc_nano.a(lib_a-strtol.o)
 .ARM.attributes